{
  "birthDate": "2017-01-01",
  "gender": "female",
  "id": "00100000000",
  "identifier": [
    {
      "id": "sourceId",
      "system": "https://www.icanbwell.com/sourceId",
      "value": "00100000000"
    },
    {
      "id": "uuid",
      "system": "https://www.icanbwell.com/uuid",
      "value": "56b2f152-45e4-5cad-ac61-a0ebc8a55b06"
    }
  ],
  "meta": {
    "source": "http://clienthealth.org/patient",
    "versionId": "1"
  },
  "name": [
    {
      "family": "PATIENT1",
      "given": [
        "SHYLA"
      ],
      "text": "t",
      "use": "usual"
    }
  ],
  "resourceType": "Patient"
}
