{
  "birthDate": "2017-01-01",
  "gender": "female",
  "id": "00100000000",
  "meta": {
    "lastUpdated": "2023-01-19T21:57:39.000Z",
    "security": [
      {
        "code": "client",
        "system": "https://www.icanbwell.com/access"
      },
      {
        "code": "client",
        "system": "https://www.icanbwell.com/owner"
      }
    ],
    "source": "http://clienthealth.org/provider",
    "versionId": "1"
  },
  "name": [
    {
      "family": "PATIENT1",
      "given": [
        "SHYLA"
      ],
      "text": "t",
      "use": "usual"
    }
  ],
  "resourceType": "Patient"
}
