{
  "_access": {
    "client": 1
  },
  "_sourceAssigningAuthority": "client",
  "_sourceId": "00200000000",
  "_uuid": "897a6c25-705f-58e3-a396-81ba662a06b0",
  "birthDate": "2017-01-01",
  "gender": "female",
  "id": "00200000000",
  "identifier": [
    {
      "id": "sourceId",
      "system": "https://www.icanbwell.com/sourceId",
      "value": "00200000000"
    },
    {
      "id": "uuid",
      "system": "https://www.icanbwell.com/uuid",
      "value": "897a6c25-705f-58e3-a396-81ba662a06b0"
    }
  ],
  "meta": {
    "lastUpdated": {},
    "security": [
      {
        "code": "client",
        "system": "https://www.icanbwell.com/access"
      },
      {
        "code": "client",
        "system": "https://www.icanbwell.com/owner"
      },
      {
        "code": "client",
        "system": "https://www.icanbwell.com/sourceAssigningAuthority"
      }
    ],
    "source": "http://clienthealth.org/provider",
    "versionId": "1"
  },
  "name": [
    {
      "family": "PATIENT1",
      "given": [
        "SHYLA"
      ],
      "text": "t",
      "use": "usual"
    }
  ],
  "resourceType": "Patient"
}
