{
    "resourceType": "Person",
    "id": "1",
    "meta": {
        "versionId": "1",
        "source": "proa",
        "security": [
            {
                "system": "https://www.icanbwell.com/owner",
                "code": "bwell"
            },
            {
                "system": "https://www.icanbwell.com/access",
                "code": "bwell"
            },
            {
                "system": "https://www.icanbwell.com/sourceAssigningAuthority",
                "code": "bwell"
            }
        ]
    },
    "identifier": [
        {
            "id": "sourceId",
            "system": "https://www.icanbwell.com/sourceId",
            "value": "1"
        },
        {
            "id": "uuid",
            "system": "https://www.icanbwell.com/uuid",
            "value": "61abdd48-df46-5e98-ac6c-fde3cace4d07"
        }
    ],
    "birthDate": "2001-12-16",
    "link": [
        {
            "target": {
                "extension": [
                    {
                        "id": "sourceId",
                        "url": "https://www.icanbwell.com/sourceId",
                        "valueString": "Patient/c87b8e53-b3db-53a0-aa92-05f4a3fb9d15"
                    },
                    {
                        "id": "uuid",
                        "url": "https://www.icanbwell.com/uuid",
                        "valueString": "Patient/c87b8e53-b3db-53a0-aa92-05f4a3fb9d15"
                    },
                    {
                        "id": "sourceAssigningAuthority",
                        "url": "https://www.icanbwell.com/sourceAssigningAuthority",
                        "valueString": "client"
                    }
                ],
                "reference": "Patient/c87b8e53-b3db-53a0-aa92-05f4a3fb9d15"
            }
        },
        {
            "target": {
                "extension": [
                    {
                        "id": "sourceId",
                        "url": "https://www.icanbwell.com/sourceId",
                        "valueString": "Person/2"
                    },
                    {
                        "id": "uuid",
                        "url": "https://www.icanbwell.com/uuid",
                        "valueString": "Person/5902c735-072c-5df3-b3b9-8b10bd3df720"
                    },
                    {
                        "id": "sourceAssigningAuthority",
                        "url": "https://www.icanbwell.com/sourceAssigningAuthority",
                        "valueString": "bwell"
                    }
                ],
                "reference": "Person/2"
            }
        }
    ]
}
