{
    "entry": [
        {
            "resource": {
                "resourceType": "Medication",
                "id": "medication-sample",
                "meta": {
                    "versionId": "1",
                    "lastUpdated": "2024-07-23T09:34:11.000Z",
                    "source": "https://epicfhir.my-company.org/NonProdFHIR/api/FHIR/R4/metadata",
                    "security": [
                        {
                            "system": "https://www.icanbwell.com/owner",
                            "code": "my-companyuat"
                        },
                        {
                            "system": "https://www.icanbwell.com/access",
                            "code": "my-companyuat"
                        },
                        {
                            "system": "https://www.icanbwell.com/vendor",
                            "code": "my-companyuat"
                        },
                        {
                            "system": "https://www.icanbwell.com/sourceAssigningAuthority",
                            "code": "my-companyuat"
                        }
                    ]
                },
                "identifier": [
                    {
                        "id": "sourceId",
                        "system": "https://www.icanbwell.com/sourceId",
                        "value": "medication-sample"
                    },
                    {
                        "id": "uuid",
                        "system": "https://www.icanbwell.com/uuid",
                        "value": "ff34bd53-04c4-5f20-a1d7-895fa6a94748"
                    }
                ],
                "code": {
                    "coding": [
                        {
                            "system": "urn:oid:2.16.840.1.113883.6.253",
                            "code": "135615"
                        },
                        {
                            "system": "urn:oid:2.16.840.1.113883.6.68",
                            "code": "61100020102020"
                        },
                        {
                            "system": "urn:oid:2.16.840.1.113883.6.162",
                            "code": "59073"
                        },
                        {
                            "system": "http://www.nlm.nih.gov/research/umls/rxnorm",
                            "code": "3287"
                        },
                        {
                            "system": "http://www.nlm.nih.gov/research/umls/rxnorm",
                            "code": "3288"
                        },
                        {
                            "system": "http://www.nlm.nih.gov/research/umls/rxnorm",
                            "code": "822929",
                            "display": "Sample 1 MG/ML [Pediapred]"
                        },
                        {
                            "system": "http://www.nlm.nih.gov/research/umls/rxnorm",
                            "code": "884522"
                        }
                    ],
                    "text": "Foo 1 MG/ML [Pediapred]"
                },
                "form": {
                    "coding": [
                        {
                            "system": "urn:oid:1.2.840.114350.1.13.283.3.7.4.698288.310",
                            "code": "SOLN",
                            "display": "Solution"
                        }
                    ],
                    "text": "Solution"
                },
                "ingredient": [
                    {
                        "itemCodeableConcept": {
                            "coding": [
                                {
                                    "system": "urn:oid:2.16.840.1.113883.6.253",
                                    "code": "135615"
                                },
                                {
                                    "system": "urn:oid:2.16.840.1.113883.6.68",
                                    "code": "61100020102020"
                                },
                                {
                                    "system": "urn:oid:2.16.840.1.113883.6.162",
                                    "code": "59073"
                                },
                                {
                                    "system": "http://www.nlm.nih.gov/research/umls/rxnorm",
                                    "code": "3287"
                                },
                                {
                                    "system": "http://www.nlm.nih.gov/research/umls/rxnorm",
                                    "code": "3288"
                                },
                                {
                                    "system": "http://www.nlm.nih.gov/research/umls/rxnorm",
                                    "code": "822929"
                                },
                                {
                                    "system": "http://www.nlm.nih.gov/research/umls/rxnorm",
                                    "code": "884522"
                                }
                            ],
                            "text": "Dextroamphetamine Sulfate 5 MG/5ML Soln oral solution"
                        },
                        "strength": {
                            "numerator": {
                                "value": 5,
                                "unit": "MG/5ML"
                            },
                            "denominator": {
                                "value": 5,
                                "unit": "MG/5ML"
                            }
                        }
                    }
                ]
            }
        }
    ],
    "resourceType": "Bundle",
    "meta": {
        "tag": [
            {
                "system": "https://www.icanbwell.com/query",
                "display": "db.Medication_4_0_0.find({'$and':[{'$or':[{'code.text':{'$regex':'^(predniso|sample)','$options':'i'}},{'code.coding.display':{'$regex':'^(predniso|sample)','$options':'i'}}]},{'meta.tag':{'$not':{'$elemMatch':{'system':'https://fhir.icanbwell.com/4_0_0/CodeSystem/server-behavior','code':'hidden'}}}}]}, {}).sort({'_uuid':1}).limit(100)"
            },
            {
                "system": "https://www.icanbwell.com/queryCollection",
                "code": "Medication_4_0_0"
            },
            {
                "system": "https://www.icanbwell.com/queryOptions",
                "display": "{'limit':100,'sort':{'_uuid':1}}"
            },
            {
                "system": "https://www.icanbwell.com/queryFields",
                "display": "['code.text','code.coding.display','meta.tag.system','meta.tag.code','_uuid']"
            },
            {
                "system": "https://www.icanbwell.com/queryTime",
                "display": "0.033"
            },
            {
                "system": "https://www.icanbwell.com/queryOptimization",
                "display": "{'useTwoStepSearchOptimization':undefined}"
            },
            {
                "system": "https://www.icanbwell.com/queryDatabase",
                "code": "fhir"
            },
            {
                "system": "https://www.icanbwell.com/queryExplain",
                "display": "[{\"explainVersion\":\"1\",\"queryPlanner\":{\"namespace\":\"fhir.Medication_4_0_0\",\"indexFilterSet\":false,\"parsedQuery\":{\"$and\":[{\"$or\":[{\"code.coding.display\":{\"$regex\":\"^(predniso|sample)\",\"$options\":\"i\"}},{\"code.text\":{\"$regex\":\"^(predniso|sample)\",\"$options\":\"i\"}}]},{\"meta.tag\":{\"$not\":{\"$elemMatch\":{\"$and\":[{\"code\":{\"$eq\":\"hidden\"}},{\"system\":{\"$eq\":\"https://fhir.icanbwell.com/4_0_0/CodeSystem/server-behavior\"}}]}}}}]},\"queryHash\":\"1DEEF8F0\",\"planCacheKey\":\"073DBAE7\",\"maxIndexedOrSolutionsReached\":false,\"maxIndexedAndSolutionsReached\":false,\"maxScansToExplodeReached\":false,\"winningPlan\":{\"stage\":\"LIMIT\",\"limitAmount\":100,\"inputStage\":{\"stage\":\"FETCH\",\"filter\":{\"$and\":[{\"$or\":[{\"code.coding.display\":{\"$regex\":\"^(predniso|sample)\",\"$options\":\"i\"}},{\"code.text\":{\"$regex\":\"^(predniso|sample)\",\"$options\":\"i\"}}]},{\"meta.tag\":{\"$not\":{\"$elemMatch\":{\"$and\":[{\"code\":{\"$eq\":\"hidden\"}},{\"system\":{\"$eq\":\"https://fhir.icanbwell.com/4_0_0/CodeSystem/server-behavior\"}}]}}}}]},\"inputStage\":{\"stage\":\"IXSCAN\",\"keyPattern\":{\"_uuid\":1},\"indexName\":\"uuid\",\"isMultiKey\":false,\"multiKeyPaths\":{\"_uuid\":[]},\"isUnique\":true,\"isSparse\":false,\"isPartial\":false,\"indexVersion\":2,\"direction\":\"forward\",\"indexBounds\":{\"_uuid\":[\"[MinKey, MaxKey]\"]}}}},\"rejectedPlans\":[]},\"executionStats\":{\"executionSuccess\":true,\"nReturned\":1,\"executionTimeMillis\":0,\"totalKeysExamined\":2,\"totalDocsExamined\":2,\"executionStages\":{\"stage\":\"LIMIT\",\"nReturned\":1,\"executionTimeMillisEstimate\":0,\"works\":3,\"advanced\":1,\"needTime\":1,\"needYield\":0,\"saveState\":0,\"restoreState\":0,\"isEOF\":1,\"limitAmount\":100,\"inputStage\":{\"stage\":\"FETCH\",\"filter\":{\"$and\":[{\"$or\":[{\"code.coding.display\":{\"$regex\":\"^(predniso|sample)\",\"$options\":\"i\"}},{\"code.text\":{\"$regex\":\"^(predniso|sample)\",\"$options\":\"i\"}}]},{\"meta.tag\":{\"$not\":{\"$elemMatch\":{\"$and\":[{\"code\":{\"$eq\":\"hidden\"}},{\"system\":{\"$eq\":\"https://fhir.icanbwell.com/4_0_0/CodeSystem/server-behavior\"}}]}}}}]},\"nReturned\":1,\"executionTimeMillisEstimate\":0,\"works\":3,\"advanced\":1,\"needTime\":1,\"needYield\":0,\"saveState\":0,\"restoreState\":0,\"isEOF\":1,\"docsExamined\":2,\"alreadyHasObj\":0,\"inputStage\":{\"stage\":\"IXSCAN\",\"nReturned\":2,\"executionTimeMillisEstimate\":0,\"works\":3,\"advanced\":2,\"needTime\":0,\"needYield\":0,\"saveState\":0,\"restoreState\":0,\"isEOF\":1,\"keyPattern\":{\"_uuid\":1},\"indexName\":\"uuid\",\"isMultiKey\":false,\"multiKeyPaths\":{\"_uuid\":[]},\"isUnique\":true,\"isSparse\":false,\"isPartial\":false,\"indexVersion\":2,\"direction\":\"forward\",\"indexBounds\":{\"_uuid\":[\"[MinKey, MaxKey]\"]},\"keysExamined\":2,\"seeks\":1,\"dupsTested\":0,\"dupsDropped\":0}}},\"allPlansExecution\":[]},\"command\":{\"find\":\"Medication_4_0_0\",\"filter\":{\"$and\":[{\"$or\":[{\"code.text\":{\"$regex\":\"/^(predniso|sample)/\",\"$options\":\"i\"}},{\"code.coding.display\":{\"$regex\":\"/^(predniso|sample)/\",\"$options\":\"i\"}}]},{\"meta.tag\":{\"$not\":{\"$elemMatch\":{\"system\":\"https://fhir.icanbwell.com/4_0_0/CodeSystem/server-behavior\",\"code\":\"hidden\"}}}}]},\"sort\":{\"_uuid\":1},\"limit\":100,\"maxTimeMS\":3600000,\"$db\":\"fhir\"},\"serverInfo\":{\"host\":\"uid00059-jtg-ooo\",\"port\":33113,\"version\":\"6.0.14\",\"gitVersion\":\"25225db95574916fecab3af75b184409f8713aef\"},\"serverParameters\":{\"internalQueryFacetBufferSizeBytes\":104857600,\"internalQueryFacetMaxOutputDocSizeBytes\":104857600,\"internalLookupStageIntermediateDocumentMaxSizeBytes\":104857600,\"internalDocumentSourceGroupMaxMemoryBytes\":104857600,\"internalQueryMaxBlockingSortMemoryUsageBytes\":104857600,\"internalQueryProhibitBlockingMergeOnMongoS\":0,\"internalQueryMaxAddToSetBytes\":104857600,\"internalDocumentSourceSetWindowFieldsMaxMemoryBytes\":104857600},\"ok\":1,\"$clusterTime\":{\"clusterTime\":{\"$timestamp\":\"7394762235676983298\"},\"signature\":{\"hash\":\"AAAAAAAAAAAAAAAAAAAAAAAAAAA=\",\"keyId\":0}},\"operationTime\":{\"$timestamp\":\"7394762235676983298\"}}]"
            },
            {
                "system": "https://www.icanbwell.com/queryExplainSimple",
                "display": "[{\"step\":{\"children\":[{\"children\":[{\"step\":{\"stepNo\":1,\"stage\":\"IXSCAN\",\"friendlyStage\":\"scanning index keys\",\"indexName\":\"uuid\",\"keysExamined\":2,\"nReturned\":2,\"executionTimeMillisEstimate\":0}}],\"step\":{\"stepNo\":1,\"stage\":\"FETCH\",\"friendlyStage\":\"retrieving documents\",\"filter\":{\"$and\":[{\"$or\":[{\"code.coding.display\":{\"$regex\":\"^(predniso|sample)\",\"$options\":\"i\"}},{\"code.text\":{\"$regex\":\"^(predniso|sample)\",\"$options\":\"i\"}}]},{\"meta.tag\":{\"$not\":{\"$elemMatch\":{\"$and\":[{\"code\":{\"$eq\":\"hidden\"}},{\"system\":{\"$eq\":\"https://fhir.icanbwell.com/4_0_0/CodeSystem/server-behavior\"}}]}}}}]},\"docsExamined\":2,\"nReturned\":1,\"executionTimeMillisEstimate\":0}}],\"step\":{\"stepNo\":1,\"stage\":\"LIMIT\",\"nReturned\":1,\"executionTimeMillisEstimate\":0}},\"executionStats\":{\"nReturned\":1,\"executionTimeMillis\":0,\"totalKeysExamined\":2,\"totalDocsExamined\":2},\"query\":\"db.Medication_4_0_0.find({'$and':[{'$or':[{'code.text':{'$regex':'^(predniso|sample)','$options':'i'}},{'code.coding.display':{'$regex':'^(predniso|sample)','$options':'i'}}]},{'meta.tag':{'$not':{'$elemMatch':{'system':'https://fhir.icanbwell.com/4_0_0/CodeSystem/server-behavior','code':'hidden'}}}}]}, {}).sort({'_uuid':1}).limit(100)\"}]"
            }
        ]
    },
    "type": "searchset",
    "timestamp": "2024-07-23T09:34:11.1111Z",
    "total": 0,
    "link": [
        {
            "relation": "self",
            "url": "http://localhost:3000/4_0_0/Medication?code:text=predniso,sample&_debug=1&_bundle=1"
        },
        {
            "relation": "next",
            "url": "http://localhost:3000/4_0_0/Medication?code%3Atext=predniso%2Csample&_debug=1&_bundle=1&id%3Aabove=ff34bd53-04c4-5f20-a1d7-895fa6a94748"
        }
    ]
}
