{
  "entry": [
    {
      "resource": {
        "client_person_id": "79e59046-ffc7-4c41-9819-c8ef83275454",
        "connection_name": "Emory Healthcare",
        "connection_type": "proa",
        "id": "subscription3",
        "master_person_id": "a6026593-63b2-4fc6-8129-fe2cd520e7fd",
        "service_slug": "4567",
        "source_patient_id": "8ba1017f-0aad-1b91-ff9e-416a96e11f0b",
        "subscriptionStatus": []
      }
    },
    {
      "resource": {
        "client_person_id": "79e59046-ffc7-4c41-9819-c8ef83275454",
        "connection_name": "Emory Healthcare",
        "connection_type": "proa",
        "id": "subscription1",
        "master_person_id": "a6026593-63b2-4fc6-8129-fe2cd520e7fd",
        "service_slug": "1234",
        "source_patient_id": "8ba1017f-0aad-1b91-ff9e-416a96e11f0b",
        "subscriptionStatus": [
          {
            "error": [
              {
                "coding": [
                  {
                    "code": "error-response",
                    "display": null,
                    "system": "http://terminology.hl7.org/CodeSystem/subscription-error"
                  }
                ],
                "text": "SubscriptionStatus error message"
              }
            ],
            "id": "subscriptionStatus1",
            "notificationEvent": [
              {
                "eventNumber": "1",
                "timestamp": "2023-02-02T20:33:41.000Z"
              },
              {
                "eventNumber": "2",
                "timestamp": "2023-02-02T21:33:41.000Z"
              }
            ],
            "status": "active",
            "subscriptionTopic": {
              "id": "subscriptionTopic1",
              "resourceTrigger": [
                {
                  "resource": "AllergyIntolerance"
                },
                {
                  "resource": "Appointment"
                },
                {
                  "resource": "CarePlan"
                },
                {
                  "resource": "Condition"
                },
                {
                  "resource": "DiagnosticReport"
                },
                {
                  "resource": "Encounter"
                },
                {
                  "resource": "Immunization"
                },
                {
                  "resource": "MedicationAdministration"
                },
                {
                  "resource": "MedicationRequest"
                },
                {
                  "resource": "Observation"
                },
                {
                  "resource": "Organization"
                },
                {
                  "resource": "Patient"
                },
                {
                  "resource": "Practitioner"
                },
                {
                  "resource": "Procedure"
                },
                {
                  "resource": "Schedule"
                },
                {
                  "resource": "Slot"
                }
              ],
              "url": "https://fhir-myrecord.cerner.com/r4/5c7467fb-60f9-4172-add4-57667a5dfcfa/",
              "version": "R4"
            },
            "type": "query-status"
          },
          {
            "error": [
              {
                "coding": [
                  {
                    "code": "error-response",
                    "display": null,
                    "system": "http://terminology.hl7.org/CodeSystem/subscription-error"
                  }
                ],
                "text": "SubscriptionStatus error message"
              }
            ],
            "id": "subscriptionStatus3",
            "notificationEvent": [
              {
                "eventNumber": "1",
                "timestamp": "2024-02-02T20:33:41.000Z"
              },
              {
                "eventNumber": "2",
                "timestamp": "2024-02-02T21:33:41.000Z"
              }
            ],
            "status": "active",
            "subscriptionTopic": {
              "id": "subscriptionTopic3",
              "resourceTrigger": [
                {
                  "resource": "AllergyIntolerance"
                },
                {
                  "resource": "Appointment"
                },
                {
                  "resource": "CarePlan"
                },
                {
                  "resource": "Condition"
                },
                {
                  "resource": "DiagnosticReport"
                },
                {
                  "resource": "Encounter"
                },
                {
                  "resource": "Immunization"
                },
                {
                  "resource": "MedicationAdministration"
                },
                {
                  "resource": "MedicationRequest"
                },
                {
                  "resource": "Observation"
                },
                {
                  "resource": "Organization"
                },
                {
                  "resource": "Patient"
                },
                {
                  "resource": "Practitioner"
                },
                {
                  "resource": "Procedure"
                },
                {
                  "resource": "Schedule"
                },
                {
                  "resource": "Slot"
                }
              ],
              "url": "https://fhir-myrecord.epic.com/r4/5c7467fb-60f9-4172-add4-57667a5dfcfa/",
              "version": "R4"
            },
            "type": "query-status"
          }
        ]
      }
    }
  ],
  "meta": {
    "tag": [
      {
        "system": "https://www.icanbwell.com/query"
      },
      {
        "code": "[Subscription_4_0_0,SubscriptionStatus_4_0_0,SubscriptionStatus_4_0_0,SubscriptionTopic_4_0_0]",
        "system": "https://www.icanbwell.com/queryCollection"
      },
      {
        "display": "[{'projection':{'_uuid':1,'_sourceId':1,'_sourceAssigningAuthority':1,'id':1,'extension':1,'_id':0,'meta.security.system':1,'meta.security.code':1},'limit':100,'sort':{'_uuid':1}},{'projection':{'_uuid':1,'_sourceId':1,'_sourceAssigningAuthority':1,'id':1,'topic':1,'status':1,'type':1,'error':1,'notificationEvent':1,'_id':0,'meta.security.system':1,'meta.security.code':1},'limit':100,'sort':{'_uuid':1}},{'projection':{'_uuid':1,'_sourceId':1,'_sourceAssigningAuthority':1,'id':1,'topic':1,'status':1,'type':1,'error':1,'notificationEvent':1,'_id':0,'meta.security.system':1,'meta.security.code':1},'limit':100,'sort':{'_uuid':1}},{'projection':{'_uuid':1,'_sourceId':1,'_sourceAssigningAuthority':1,'id':1,'url':1,'version':1,'resourceTrigger':1,'_id':0,'meta.security.system':1,'meta.security.code':1},'limit':1000,'sort':{'_uuid':1}}]",
        "system": "https://www.icanbwell.com/queryOptions"
      },
      {
        "display": "[['meta.tag.system','meta.tag.code','extension.url','extension.valueString','meta.security.system','meta.security.code','_uuid'],['subscription._sourceId','meta.tag.system','meta.tag.code','extension.url','extension.valueString','meta.security.system','meta.security.code','_uuid'],['subscription._sourceId','meta.tag.system','meta.tag.code','extension.url','extension.valueString','meta.security.system','meta.security.code','_uuid'],['_sourceId','identifier.system','identifier.value','meta.tag.system','meta.tag.code','meta.security.system','meta.security.code','_uuid']]",
        "system": "https://www.icanbwell.com/queryFields"
      },
      {
        "system": "https://www.icanbwell.com/queryTime"
      },
      {
        "display": "[{'useTwoStepSearchOptimization':false},{'useTwoStepSearchOptimization':false},{'useTwoStepSearchOptimization':false},{'useTwoStepSearchOptimization':false}]",
        "system": "https://www.icanbwell.com/queryOptimization"
      },
      {
        "system": "https://www.icanbwell.com/queryExplain"
      },
      {
        "system": "https://www.icanbwell.com/queryExplainSimple"
      }
    ]
  }
}
