{
  "entry": null,
  "meta": {
    "tag": [
      {
        "display": "[db.Subscription_4_0_0.find({'$and':[{'extension':{'$elemMatch':{'url':'https://icanbwell.com/codes/service_slug','valueString':'9999'}}},{'meta.tag':{'$not':{'$elemMatch':{'system':'https://fhir.icanbwell.com/4_0_0/CodeSystem/server-behavior','code':'hidden'}}}},{'extension':{'$elemMatch':{'url':'https://icanbwell.com/codes/client_person_id','valueString':'79e59046-ffc7-4c41-9819-c8ef83275454'}}},{'meta.security':{'$not':{'$elemMatch':{'system':'http://terminology.hl7.org/CodeSystem/v3-Confidentiality','code':'R'}}}}]}, {}).sort({'_uuid':1}).limit(100)]",
        "system": "https://www.icanbwell.com/query"
      },
      {
        "code": "",
        "system": "https://www.icanbwell.com/queryCollection"
      },
      {
        "display": "[{'limit':100,'sort':{'_uuid':1}}]",
        "system": "https://www.icanbwell.com/queryOptions"
      },
      {
        "display": "[['extension.url','extension.valueString','meta.tag.system','meta.tag.code','meta.security.system','meta.security.code','_uuid']]",
        "system": "https://www.icanbwell.com/queryFields"
      },
      {
        "system": "https://www.icanbwell.com/queryTime"
      },
      {
        "display": "[{'useTwoStepSearchOptimization':undefined}]",
        "system": "https://www.icanbwell.com/queryOptimization"
      },
      {
        "system": "https://www.icanbwell.com/queryExplain"
      },
      {
        "system": "https://www.icanbwell.com/queryExplainSimple"
      }
    ]
  }
}
