[
  {
    "birthDate": "2017-01-01",
    "gender": "female",
    "id": "00100000000",
    "meta": {
      "security": [
        {
          "code": "client",
          "system": "https://www.icanbwell.com/access"
        },
        {
          "code": "client",
          "system": "https://www.icanbwell.com/owner"
        },
        {
          "code": "client",
          "system": "https://www.icanbwell.com/sourceAssigningAuthority"
        }
      ],
      "source": "http://clienthealth.org/provider",
      "versionId": "1"
    },
    "name": [
      {
        "family": "PATIENT1",
        "given": [
          "SHYLA"
        ],
        "text": "t",
        "use": "usual"
      }
    ],
    "resourceType": "Patient"
  }
]
