[
  {
      "created": false,
      "id": "11984437-eee9-462d-938d-d040b4e27008",
      "resourceType": "Person",
      "sourceAssigningAuthority": "proa",
      "updated": false,
      "uuid": "11984437-eee9-462d-938d-d040b4e27008"
  }
]
