{
  "_access": {
    "centene": 1
  },
  "_sourceAssigningAuthority": "centene",
  "_sourceId": "Centene-3289",
  "billablePeriod": {
    "end": "2021-04-21T11:00:00.000Z",
    "start": "2021-04-17T01:00:00.000Z"
  },
  "careTeam": [
    {
      "provider": {
        "reference": "Organization/2645"
      },
      "role": {
        "coding": [
          {
            "code": "unknown",
            "display": "Unknown",
            "system": "http://terminology.hl7.org/CodeSystem/data-absent-reason"
          }
        ]
      },
      "sequence": 1
    }
  ],
  "created": "2021-05-18T00:00:00.000Z",
  "diagnosis": [
    {
      "diagnosisCodeableConcept": {
        "coding": [
          {
            "code": "unknown",
            "display": "Unknown",
            "system": "http://terminology.hl7.org/CodeSystem/data-absent-reason"
          }
        ]
      },
      "sequence": 1,
      "type": [
        {
          "coding": [
            {
              "code": "unknown",
              "display": "Unknown",
              "system": "http://terminology.hl7.org/CodeSystem/data-absent-reason"
            }
          ]
        }
      ]
    },
    {
      "diagnosisCodeableConcept": {
        "coding": [
          {
            "code": "unknown",
            "display": "Unknown",
            "system": "http://terminology.hl7.org/CodeSystem/data-absent-reason"
          }
        ]
      },
      "sequence": 2,
      "type": [
        {
          "coding": [
            {
              "code": "unknown",
              "display": "Unknown",
              "system": "http://terminology.hl7.org/CodeSystem/data-absent-reason"
            }
          ]
        }
      ]
    },
    {
      "diagnosisCodeableConcept": {
        "coding": [
          {
            "code": "unknown",
            "display": "Unknown",
            "system": "http://terminology.hl7.org/CodeSystem/data-absent-reason"
          }
        ]
      },
      "sequence": 3,
      "type": [
        {
          "coding": [
            {
              "code": "unknown",
              "display": "Unknown",
              "system": "http://terminology.hl7.org/CodeSystem/data-absent-reason"
            }
          ]
        }
      ]
    }
  ],
  "id": "Centene-3289",
  "identifier": [
    {
      "system": "https://sandbox.api.centene.com/fhir/patientaccess",
      "type": {
        "coding": [
          {
            "code": "claimnumber",
            "display": "Claim Number",
            "system": "http://terminology.hl7.org/CodeSystem/v2-0203"
          }
        ],
        "text": "Claim Number"
      },
      "value": "3289"
    },
    {
      "id": "sourceId",
      "system": "https://www.icanbwell.com/sourceId",
      "value": "Centene-3289"
    },
    {
      "id": "uuid",
      "system": "https://www.icanbwell.com/uuid",
      "value": "e1d85740-3060-509e-b9fd-006449e88271"
    }
  ],
  "insurance": [
    {
      "coverage": {
        "reference": "Coverage/3288"
      },
      "focal": true
    }
  ],
  "insurer": {
    "reference": "Organization/3287"
  },
  "item": [
    {
      "adjudication": [
        {
          "amount": {
            "value": 0
          },
          "category": {
            "coding": [
              {
                "code": "drugcost",
                "system": "http://hl7.org/fhir/us/carin-bb/CodeSystem/C4BBAdjudication"
              }
            ]
          }
        },
        {
          "amount": {
            "value": 0
          },
          "category": {
            "coding": [
              {
                "code": "memberliability",
                "system": "http://hl7.org/fhir/us/carin-bb/CodeSystem/C4BBAdjudication"
              }
            ]
          }
        },
        {
          "amount": {
            "value": 0
          },
          "category": {
            "coding": [
              {
                "code": "priorpayerpaid",
                "system": "http://hl7.org/fhir/us/carin-bb/CodeSystem/C4BBAdjudication"
              }
            ]
          }
        },
        {
          "amount": {
            "value": 12500
          },
          "category": {
            "coding": [
              {
                "code": "noncovered",
                "system": "http://hl7.org/fhir/us/carin-bb/CodeSystem/C4BBAdjudication"
              }
            ]
          }
        },
        {
          "amount": {
            "value": 0
          },
          "category": {
            "coding": [
              {
                "code": "paidbypatient",
                "system": "http://hl7.org/fhir/us/carin-bb/CodeSystem/C4BBAdjudication"
              }
            ]
          }
        },
        {
          "amount": {
            "value": 0
          },
          "category": {
            "coding": [
              {
                "code": "eligible",
                "system": "http://terminology.hl7.org/CodeSystem/adjudication"
              }
            ]
          }
        },
        {
          "amount": {
            "value": 12500
          },
          "category": {
            "coding": [
              {
                "code": "paidtopatient",
                "system": "http://hl7.org/fhir/us/carin-bb/CodeSystem/C4BBAdjudication"
              }
            ]
          }
        },
        {
          "amount": {
            "value": 0
          },
          "category": {
            "coding": [
              {
                "code": "discount",
                "system": "http://hl7.org/fhir/us/carin-bb/CodeSystem/C4BBAdjudication"
              }
            ]
          }
        },
        {
          "amount": {
            "value": 0
          },
          "category": {
            "coding": [
              {
                "code": "coinsurance",
                "system": "http://hl7.org/fhir/us/carin-bb/CodeSystem/C4BBAdjudication"
              }
            ]
          }
        },
        {
          "amount": {
            "value": 0
          },
          "category": {
            "coding": [
              {
                "code": "paidtoprovider",
                "system": "http://hl7.org/fhir/us/carin-bb/CodeSystem/C4BBAdjudication"
              }
            ]
          }
        },
        {
          "category": {
            "coding": [
              {
                "code": "denialreason",
                "display": "Denial Reason",
                "system": "http://hl7.org/fhir/us/carin-bb/CodeSystem/C4BBAdjudicationDiscriminator"
              }
            ]
          },
          "reason": {
            "coding": [
              {
                "code": "unknown",
                "display": "Unknown",
                "system": "http://terminology.hl7.org/CodeSystem/data-absent-reason"
              }
            ]
          }
        },
        {
          "category": {
            "coding": [
              {
                "code": "allowedunits",
                "display": "allowed units",
                "system": "http://hl7.org/fhir/us/carin-bb/CodeSystem/C4BBAdjudicationDiscriminator"
              }
            ]
          },
          "value": 4
        }
      ],
      "noteNumber": [
        1
      ],
      "productOrService": {
        "coding": [
          {
            "code": "unknown",
            "display": "Unknown",
            "system": "http://terminology.hl7.org/CodeSystem/data-absent-reason"
          }
        ]
      },
      "quantity": {
        "value": 0
      },
      "revenue": {
        "coding": [
          {
            "code": "unknown",
            "display": "Unknown",
            "system": "http://terminology.hl7.org/CodeSystem/data-absent-reason"
          }
        ]
      },
      "sequence": 1
    }
  ],
  "meta": {
    "lastUpdated": "2023-01-19T21:57:39.000Z",
    "profile": [
      "http://hl7.org/fhir/us/carin-bb/StructureDefinition/C4BB-ExplanationOfBenefit-Inpatient-Institutional"
    ],
    "security": [
      {
        "code": "centene",
        "system": "https://www.icanbwell.com/owner"
      },
      {
        "code": "centene",
        "system": "https://www.icanbwell.com/access"
      },
      {
        "code": "centene",
        "system": "https://www.icanbwell.com/vendor"
      },
      {
        "code": "centene",
        "system": "https://www.icanbwell.com/sourceAssigningAuthority"
      }
    ],
    "source": "https://sandbox.api.centene.com/fhir/patientaccess",
    "versionId": "1"
  },
  "outcome": "partial",
  "patient": {
    "reference": "Patient/Centene-3286"
  },
  "payee": {
    "party": {
      "reference": "Patient/3286"
    },
    "type": {
      "coding": [
        {
          "code": "beneficiary",
          "system": "http://hl7.org/fhir/us/carin-bb/CodeSystem/C4BBPayeeType"
        }
      ],
      "text": "The beneficiary (patient) will be reimbursed."
    }
  },
  "payment": {
    "type": {
      "coding": [
        {
          "code": "denied",
          "system": "http://hl7.org/fhir/us/carin-bb/CodeSystem/C4BBPayerAdjudicationStatus"
        }
      ]
    }
  },
  "procedure": [
    {
      "date": "2021-04-17T00:00:00.000Z",
      "procedureCodeableConcept": {
        "coding": [
          {
            "code": "unknown",
            "display": "Unknown",
            "system": "http://terminology.hl7.org/CodeSystem/data-absent-reason"
          }
        ]
      },
      "sequence": 1,
      "type": [
        {
          "coding": [
            {
              "code": "unknown",
              "display": "Unknown",
              "system": "http://terminology.hl7.org/CodeSystem/data-absent-reason"
            }
          ]
        }
      ]
    }
  ],
  "processNote": [
    {
      "text": "Payable, Not Reported"
    }
  ],
  "provider": {
    "reference": "Organization/2645"
  },
  "related": [
    {
      "extension": [
        {
          "url": "http://hl7.org/fhir/StructureDefinition/data-absent-reason",
          "valueCode": "unknown"
        }
      ],
      "relationship": {
        "coding": [
          {
            "code": "prior",
            "system": "http://terminology.hl7.org/CodeSystem/ex-relatedclaimrelationship"
          }
        ]
      }
    }
  ],
  "resourceType": "ExplanationOfBenefit",
  "status": "active",
  "subType": {
    "coding": [
      {
        "code": "inpatient",
        "system": "http://hl7.org/fhir/us/carin-bb/CodeSystem/C4BBInstitutionalClaimSubType"
      }
    ]
  },
  "supportingInfo": [
    {
      "category": {
        "coding": [
          {
            "code": "billingnetworkcontractingstatus",
            "display": "Billing Network Contracting Status",
            "system": "http://hl7.org/fhir/us/carin-bb/CodeSystem/C4BBSupportingInfoType"
          }
        ]
      },
      "code": {
        "coding": [
          {
            "code": "contracted",
            "system": "http://hl7.org/fhir/us/carin-bb/CodeSystem/C4BBPayerAdjudicationStatus"
          }
        ]
      },
      "sequence": 1
    },
    {
      "category": {
        "coding": [
          {
            "code": "medicalrecordnumber",
            "display": "Medical Record Number",
            "system": "http://hl7.org/fhir/us/carin-bb/CodeSystem/C4BBSupportingInfoType"
          }
        ]
      },
      "sequence": 2,
      "valueBoolean": false
    },
    {
      "category": {
        "coding": [
          {
            "code": "patientaccountnumber",
            "display": "Patient Account Number",
            "system": "http://hl7.org/fhir/us/carin-bb/CodeSystem/C4BBSupportingInfoType"
          }
        ]
      },
      "sequence": 3,
      "valueString": "TD-IL3_837I_T10"
    },
    {
      "category": {
        "coding": [
          {
            "code": "admissionperiod",
            "display": "Admission Period",
            "system": "http://hl7.org/fhir/us/carin-bb/CodeSystem/C4BBSupportingInfoType"
          }
        ]
      },
      "sequence": 4,
      "timingPeriod": {
        "end": "2021-04-21T11:00:00.000Z",
        "start": "2021-04-17T01:00:00.000Z"
      }
    },
    {
      "category": {
        "coding": [
          {
            "code": "clmrecvddate",
            "display": "Claim Received Date",
            "system": "http://hl7.org/fhir/us/carin-bb/CodeSystem/C4BBSupportingInfoType"
          }
        ]
      },
      "sequence": 5,
      "timingDate": "2021-05-18"
    },
    {
      "category": {
        "coding": [
          {
            "code": "typeofbill",
            "display": "Type of Bill",
            "system": "http://hl7.org/fhir/us/carin-bb/CodeSystem/C4BBSupportingInfoType"
          }
        ]
      },
      "code": {
        "coding": [
          {
            "code": "unknown",
            "display": "Unknown",
            "system": "http://terminology.hl7.org/CodeSystem/data-absent-reason"
          }
        ]
      },
      "sequence": 6
    },
    {
      "category": {
        "coding": [
          {
            "code": "pointoforigin",
            "display": "Point Of Origin",
            "system": "http://hl7.org/fhir/us/carin-bb/CodeSystem/C4BBSupportingInfoType"
          }
        ]
      },
      "code": {
        "coding": [
          {
            "code": "unknown",
            "display": "Unknown",
            "system": "http://terminology.hl7.org/CodeSystem/data-absent-reason"
          }
        ]
      },
      "sequence": 7
    },
    {
      "category": {
        "coding": [
          {
            "code": "admtype",
            "display": "Admission Type",
            "system": "http://hl7.org/fhir/us/carin-bb/CodeSystem/C4BBSupportingInfoType"
          }
        ]
      },
      "code": {
        "coding": [
          {
            "code": "unknown",
            "display": "Unknown",
            "system": "http://terminology.hl7.org/CodeSystem/data-absent-reason"
          }
        ]
      },
      "sequence": 8
    },
    {
      "category": {
        "coding": [
          {
            "code": "discharge-status",
            "display": "Discharge Status",
            "system": "http://hl7.org/fhir/us/carin-bb/CodeSystem/C4BBSupportingInfoType"
          }
        ]
      },
      "code": {
        "coding": [
          {
            "code": "unknown",
            "display": "Unknown",
            "system": "http://terminology.hl7.org/CodeSystem/data-absent-reason"
          }
        ]
      },
      "sequence": 9
    },
    {
      "category": {
        "coding": [
          {
            "code": "drg",
            "display": "DRG",
            "system": "http://hl7.org/fhir/us/carin-bb/CodeSystem/C4BBSupportingInfoType"
          }
        ]
      },
      "code": {
        "coding": [
          {
            "code": "unknown",
            "display": "Unknown",
            "system": "http://terminology.hl7.org/CodeSystem/data-absent-reason"
          }
        ]
      },
      "sequence": 10
    }
  ],
  "total": [
    {
      "amount": {
        "value": 0
      },
      "category": {
        "coding": [
          {
            "code": "drugcost",
            "system": "http://hl7.org/fhir/us/carin-bb/CodeSystem/C4BBAdjudication"
          }
        ]
      }
    },
    {
      "amount": {
        "value": 12500
      },
      "category": {
        "coding": [
          {
            "code": "memberliability",
            "system": "http://hl7.org/fhir/us/carin-bb/CodeSystem/C4BBAdjudication"
          }
        ]
      }
    },
    {
      "amount": {
        "value": 0
      },
      "category": {
        "coding": [
          {
            "code": "priorpayerpaid",
            "system": "http://hl7.org/fhir/us/carin-bb/CodeSystem/C4BBAdjudication"
          }
        ]
      }
    },
    {
      "amount": {
        "value": 12500
      },
      "category": {
        "coding": [
          {
            "code": "noncovered",
            "system": "http://hl7.org/fhir/us/carin-bb/CodeSystem/C4BBAdjudication"
          }
        ]
      }
    },
    {
      "amount": {
        "value": 0
      },
      "category": {
        "coding": [
          {
            "code": "eligible",
            "system": "http://terminology.hl7.org/CodeSystem/adjudication"
          }
        ]
      }
    },
    {
      "amount": {
        "value": 0
      },
      "category": {
        "coding": [
          {
            "code": "paidbypatient",
            "system": "http://hl7.org/fhir/us/carin-bb/CodeSystem/C4BBAdjudication"
          }
        ]
      }
    },
    {
      "amount": {
        "value": -12500
      },
      "category": {
        "coding": [
          {
            "code": "paidtopatient",
            "system": "http://hl7.org/fhir/us/carin-bb/CodeSystem/C4BBAdjudication"
          }
        ]
      }
    },
    {
      "amount": {
        "value": 0
      },
      "category": {
        "coding": [
          {
            "code": "discount",
            "system": "http://hl7.org/fhir/us/carin-bb/CodeSystem/C4BBAdjudication"
          }
        ]
      }
    },
    {
      "amount": {
        "value": 0
      },
      "category": {
        "coding": [
          {
            "code": "coinsurance",
            "system": "http://hl7.org/fhir/us/carin-bb/CodeSystem/C4BBAdjudication"
          }
        ]
      }
    },
    {
      "amount": {
        "value": -12500
      },
      "category": {
        "coding": [
          {
            "code": "paidtoprovider",
            "system": "http://hl7.org/fhir/us/carin-bb/CodeSystem/C4BBAdjudication"
          }
        ]
      }
    }
  ],
  "type": {
    "coding": [
      {
        "code": "institutional",
        "system": "http://terminology.hl7.org/CodeSystem/claim-type"
      }
    ]
  },
  "use": "claim"
}
