{
  "resourceType": "Consent",
  "id": "e0363690-3953-4a02-a98b-f341fd13fb8c",
  "meta": {
    "versionId": "1",
    "lastUpdated": "2023-08-16T08:07:02.000Z",
    "source": "medstar",
    "security": [
      {
        "system": "https://www.icanbwell.com/access",
        "code": "medstar"
      },
      {
        "system": "https://www.icanbwell.com/owner",
        "code": "medstar"
      },
      {
        "system": "https://www.icanbwell.com/sourceAssigningAuthority",
        "code": "medstar"
      }
    ]
  },
  "identifier": [
    {
      "id": "sourceId",
      "system": "https://www.icanbwell.com/sourceId",
      "value": "e0363690-3953-4a02-a98b-f341fd13fb8c"
    },
    {
      "id": "uuid",
      "system": "https://www.icanbwell.com/uuid",
      "value": "e0363690-3953-4a02-a98b-f341fd13fb8c"
    }
  ],
  "status": "active",
  "scope": {
    "coding": [
      {
        "system": "http://terminology.hl7.org/CodeSystem/consentscope",
        "code": "patient-privacy"
      }
    ]
  },
  "category": [
    {
      "coding": [
        {
          "system": "http://loinc.org",
          "code": "59284-0"
        }
      ]
    }
  ],
  "patient": {
    "extension": [
      {
        "id": "sourceId",
        "url": "https://www.icanbwell.com/sourceId",
        "valueString": "Patient/784991a1-14fe-493c-b5e2-027eb36aa192"
      },
      {
        "id": "uuid",
        "url": "https://www.icanbwell.com/uuid",
        "valueString": "Patient/784991a1-14fe-493c-b5e2-027eb36aa192"
      },
      {
        "id": "sourceAssigningAuthority",
        "url": "https://www.icanbwell.com/sourceAssigningAuthority",
        "valueString": "medstar"
      }
    ],
    "reference": "Patient/784991a1-14fe-493c-b5e2-027eb36aa192"
  },
  "dateTime": "2022-09-08T14:05:07.350Z",
  "sourceReference": {
    "extension": [
      {
        "id": "sourceId",
        "url": "https://www.icanbwell.com/sourceId",
        "valueString": "QuestionnaireResponse/fdf49831-d3c0-4a89-9459-e96c6c3beb0f"
      },
      {
        "id": "uuid",
        "url": "https://www.icanbwell.com/uuid",
        "valueString": "QuestionnaireResponse/fdf49831-d3c0-4a89-9459-e96c6c3beb0f"
      },
      {
        "id": "sourceAssigningAuthority",
        "url": "https://www.icanbwell.com/sourceAssigningAuthority",
        "valueString": "medstar"
      }
    ],
    "reference": "QuestionnaireResponse/fdf49831-d3c0-4a89-9459-e96c6c3beb0f"
  },
  "provision": {
    "type": "permit",
    "actor": [
      {
        "role": {
          "coding": [
            {
              "system": "http://terminology.hl7.org/3.1.0/CodeSystem-v3-RoleCode.html",
              "code": "AUT"
            }
          ]
        },
        "reference": {
          "extension": [
            {
              "id": "sourceId",
              "url": "https://www.icanbwell.com/sourceId",
              "valueString": "Patient/person.3a1a8c5c-fa0c-495c-aed5-4a1bae941ea4"
            },
            {
              "id": "uuid",
              "url": "https://www.icanbwell.com/uuid",
              "valueString": "Patient/person.3a1a8c5c-fa0c-495c-aed5-4a1bae941ea4"
            },
            {
              "id": "sourceAssigningAuthority",
              "url": "https://www.icanbwell.com/sourceAssigningAuthority",
              "valueString": "bwell"
            }
          ],
          "reference": "Patient/person.3a1a8c5c-fa0c-495c-aed5-4a1bae941ea4"
        }
      }
    ]
  }
}
