[
    {
        "id": "1",
        "resourceType": "Group",
        "meta": {
            "versionId": "1",
            "source": "test",
            "security": [
                {
                    "system": "https://www.icanbwell.com/owner",
                    "code": "client"
                },
                {
                    "code": "client",
                    "system": "https://www.icanbwell.com/sourceAssigningAuthority"
                }
            ]
        },
        "type": "animal",
        "actual": true,
        "identifier": [
            {
                "id": "sourceId",
                "system": "https://www.icanbwell.com/sourceId",
                "value": "1"
            },
            {
                "id": "uuid",
                "system": "https://www.icanbwell.com/uuid",
                "value": "c87b8e53-b3db-53a0-aa92-05f4a3fb9d15"
            }
        ],
        "member": [
            {
                "entity": {
                    "extension": [
                        {
                            "id": "sourceId",
                            "url": "https://www.icanbwell.com/sourceId",
                            "valueString": "Patient/person.4f77a49a-d8a8-4153-a2e9-13d6d0b4b301"
                        },
                        {
                            "id": "uuid",
                            "url": "https://www.icanbwell.com/uuid",
                            "valueString": "Patient/person.4f77a49a-d8a8-4153-a2e9-13d6d0b4b301"
                        },
                        {
                            "id": "sourceAssigningAuthority",
                            "url": "https://www.icanbwell.com/sourceAssigningAuthority",
                            "valueString": "client"
                        }
                    ],
                    "reference": "Patient/person.4f77a49a-d8a8-4153-a2e9-13d6d0b4b301"
                }
            }
        ]
    }
]
