{
  "entry": [
    {
      "resource": {
        "gender": "male",
        "generalPractitioner": [
          {
            "extension": [
              {
                "id": "sourceId",
                "url": "https://www.icanbwell.com/sourceId",
                "valueString": "Practitioner/22"
              },
              {
                "id": "uuid",
                "url": "https://www.icanbwell.com/uuid",
                "valueString": "Practitioner/49ab8146-65e0-5906-bdeb-dd756bbe92d0"
              },
              {
                "id": "sourceAssigningAuthority",
                "url": "https://www.icanbwell.com/sourceAssigningAuthority",
                "valueString": "client"
              }
            ],
            "id": "1",
            "reference": "Practitioner/22"
          }
        ],
        "id": "1",
        "identifier": [
          {
            "id": "sourceId",
            "system": "https://www.icanbwell.com/sourceId",
            "value": "1"
          },
          {
            "id": "uuid",
            "system": "https://www.icanbwell.com/uuid",
            "value": "c87b8e53-b3db-53a0-aa92-05f4a3fb9d15"
          }
        ],
        "managingOrganization": {
          "extension": [
            {
              "id": "sourceId",
              "url": "https://www.icanbwell.com/sourceId",
              "valueString": "Organization/33"
            },
            {
              "id": "uuid",
              "url": "https://www.icanbwell.com/uuid",
              "valueString": "Organization/366d1514-992a-59a5-9d95-927ec02bdc03"
            },
            {
              "id": "sourceAssigningAuthority",
              "url": "https://www.icanbwell.com/sourceAssigningAuthority",
              "valueString": "client"
            }
          ],
          "reference": "Organization/33"
        },
        "meta": {
          "security": [
            {
              "code": "client",
              "system": "https://www.icanbwell.com/access"
            },
            {
              "code": "client",
              "system": "https://www.icanbwell.com/owner"
            },
            {
              "code": "client",
              "system": "https://www.icanbwell.com/sourceAssigningAuthority"
            }
          ],
          "source": "http://clienthealth.org/provider",
          "versionId": "2"
        },
        "resourceType": "Patient"
      }
    }
  ],
  "resourceType": "Bundle",
  "total": 0,
  "type": "searchset"
}
