{
    "entry": [
        {
            "resource": {
                "resourceType": "RiskAssessment",
                "id": "2",
                "meta": {
                    "versionId": "1",
                    "lastUpdated": "2024-07-30T14:24:14.000Z",
                    "source": "test",
                    "security": [
                        { "system": "https://www.icanbwell.com/owner", "code": "client" },
                        {
                            "system": "https://www.icanbwell.com/sourceAssigningAuthority",
                            "code": "client"
                        }
                    ]
                },
                "identifier": [
                    {
                        "id": "sourceId",
                        "system": "https://www.icanbwell.com/sourceId",
                        "value": "2"
                    },
                    {
                        "id": "uuid",
                        "system": "https://www.icanbwell.com/uuid",
                        "value": "941f082a-39a9-5f55-9630-5839a010e1bc"
                    }
                ],
                "status": "final",
                "subject": {
                    "extension": [
                        {
                            "id": "sourceId",
                            "url": "https://www.icanbwell.com/sourceId",
                            "valueString": "Patient/1"
                        },
                        {
                            "id": "uuid",
                            "url": "https://www.icanbwell.com/uuid",
                            "valueString": "Patient/c87b8e53-b3db-53a0-aa92-05f4a3fb9d15"
                        },
                        {
                            "id": "sourceAssigningAuthority",
                            "url": "https://www.icanbwell.com/sourceAssigningAuthority",
                            "valueString": "client"
                        }
                    ],
                    "reference": "Patient/1"
                },
                "prediction": [{ "probabilityDecimal": 50 }]
            }
        }
    ],
    "resourceType": "Bundle",
    "meta": {
        "tag": [
            {
                "system": "https://www.icanbwell.com/query",
                "display": "db.RiskAssessment_4_0_0.find({'$and':[{'$or':[{'prediction.probabilityDecimal':{'$gte':49.5,'$lt':50.5}},{'prediction.probabilityRange':{'$gte':49.5,'$lt':50.5}}]},{'meta.tag':{'$not':{'$elemMatch':{'system':'https://fhir.icanbwell.com/4_0_0/CodeSystem/server-behavior','code':'hidden'}}}}]}, {}).sort({'_uuid':1}).limit(100)"
            },
            {
                "system": "https://www.icanbwell.com/queryCollection",
                "code": "RiskAssessment_4_0_0"
            },
            {
                "system": "https://www.icanbwell.com/queryOptions",
                "display": "{'limit':100,'sort':{'_uuid':1}}"
            },
            {
                "system": "https://www.icanbwell.com/queryFields",
                "display": "['prediction.probabilityDecimal','prediction.probabilityRange','meta.tag.system','meta.tag.code','_uuid']"
            },
            { "system": "https://www.icanbwell.com/queryTime", "display": "0.084" },
            {
                "system": "https://www.icanbwell.com/queryOptimization",
                "display": "{'useTwoStepSearchOptimization':undefined}"
            },
            { "system": "https://www.icanbwell.com/queryDatabase", "code": "fhir" },
            {
                "system": "https://www.icanbwell.com/queryExplain",
                "display": "[{\"explainVersion\":\"1\",\"queryPlanner\":{\"namespace\":\"fhir.RiskAssessment_4_0_0\",\"indexFilterSet\":false,\"parsedQuery\":{\"$and\":[{\"$or\":[{\"$and\":[{\"prediction.probabilityDecimal\":{\"$lt\":150}},{\"prediction.probabilityDecimal\":{\"$gte\":50}}]},{\"$and\":[{\"prediction.probabilityRange\":{\"$lt\":150}},{\"prediction.probabilityRange\":{\"$gte\":50}}]}]},{\"meta.tag\":{\"$not\":{\"$elemMatch\":{\"$and\":[{\"code\":{\"$eq\":\"hidden\"}},{\"system\":{\"$eq\":\"https://fhir.icanbwell.com/4_0_0/CodeSystem/server-behavior\"}}]}}}}]},\"queryHash\":\"04970B46\",\"planCacheKey\":\"23682159\",\"maxIndexedOrSolutionsReached\":false,\"maxIndexedAndSolutionsReached\":false,\"maxScansToExplodeReached\":false,\"winningPlan\":{\"stage\":\"LIMIT\",\"limitAmount\":100,\"inputStage\":{\"stage\":\"FETCH\",\"filter\":{\"$and\":[{\"$or\":[{\"$and\":[{\"prediction.probabilityDecimal\":{\"$lt\":150}},{\"prediction.probabilityDecimal\":{\"$gte\":50}}]},{\"$and\":[{\"prediction.probabilityRange\":{\"$lt\":150}},{\"prediction.probabilityRange\":{\"$gte\":50}}]}]},{\"meta.tag\":{\"$not\":{\"$elemMatch\":{\"$and\":[{\"code\":{\"$eq\":\"hidden\"}},{\"system\":{\"$eq\":\"https://fhir.icanbwell.com/4_0_0/CodeSystem/server-behavior\"}}]}}}}]},\"inputStage\":{\"stage\":\"IXSCAN\",\"keyPattern\":{\"_uuid\":1},\"indexName\":\"uuid\",\"isMultiKey\":false,\"multiKeyPaths\":{\"_uuid\":[]},\"isUnique\":true,\"isSparse\":false,\"isPartial\":false,\"indexVersion\":2,\"direction\":\"forward\",\"indexBounds\":{\"_uuid\":[\"[MinKey, MaxKey]\"]}}}},\"rejectedPlans\":[]},\"executionStats\":{\"executionSuccess\":true,\"nReturned\":2,\"executionTimeMillis\":0,\"totalKeysExamined\":2,\"totalDocsExamined\":2,\"executionStages\":{\"stage\":\"LIMIT\",\"nReturned\":2,\"executionTimeMillisEstimate\":0,\"works\":3,\"advanced\":2,\"needTime\":0,\"needYield\":0,\"saveState\":0,\"restoreState\":0,\"isEOF\":1,\"limitAmount\":100,\"inputStage\":{\"stage\":\"FETCH\",\"filter\":{\"$and\":[{\"$or\":[{\"$and\":[{\"prediction.probabilityDecimal\":{\"$lt\":150}},{\"prediction.probabilityDecimal\":{\"$gte\":50}}]},{\"$and\":[{\"prediction.probabilityRange\":{\"$lt\":150}},{\"prediction.probabilityRange\":{\"$gte\":50}}]}]},{\"meta.tag\":{\"$not\":{\"$elemMatch\":{\"$and\":[{\"code\":{\"$eq\":\"hidden\"}},{\"system\":{\"$eq\":\"https://fhir.icanbwell.com/4_0_0/CodeSystem/server-behavior\"}}]}}}}]},\"nReturned\":2,\"executionTimeMillisEstimate\":0,\"works\":3,\"advanced\":2,\"needTime\":0,\"needYield\":0,\"saveState\":0,\"restoreState\":0,\"isEOF\":1,\"docsExamined\":2,\"alreadyHasObj\":0,\"inputStage\":{\"stage\":\"IXSCAN\",\"nReturned\":2,\"executionTimeMillisEstimate\":0,\"works\":3,\"advanced\":2,\"needTime\":0,\"needYield\":0,\"saveState\":0,\"restoreState\":0,\"isEOF\":1,\"keyPattern\":{\"_uuid\":1},\"indexName\":\"uuid\",\"isMultiKey\":false,\"multiKeyPaths\":{\"_uuid\":[]},\"isUnique\":true,\"isSparse\":false,\"isPartial\":false,\"indexVersion\":2,\"direction\":\"forward\",\"indexBounds\":{\"_uuid\":[\"[MinKey, MaxKey]\"]},\"keysExamined\":2,\"seeks\":1,\"dupsTested\":0,\"dupsDropped\":0}}},\"allPlansExecution\":[]},\"command\":{\"find\":\"RiskAssessment_4_0_0\",\"filter\":{\"$and\":[{\"$or\":[{\"prediction.probabilityDecimal\":{\"$gte\":50,\"$lt\":150}},{\"prediction.probabilityRange\":{\"$gte\":50,\"$lt\":150}}]},{\"meta.tag\":{\"$not\":{\"$elemMatch\":{\"system\":\"https://fhir.icanbwell.com/4_0_0/CodeSystem/server-behavior\",\"code\":\"hidden\"}}}}]},\"sort\":{\"_uuid\":1},\"limit\":100,\"maxTimeMS\":3600000,\"$db\":\"fhir\"},\"serverInfo\":{\"host\":\"uid00059-jtg-OO\",\"port\":15091,\"version\":\"6.0.14\",\"gitVersion\":\"25225db95574916fecab3af75b184409f8713aef\"},\"serverParameters\":{\"internalQueryFacetBufferSizeBytes\":104857600,\"internalQueryFacetMaxOutputDocSizeBytes\":104857600,\"internalLookupStageIntermediateDocumentMaxSizeBytes\":104857600,\"internalDocumentSourceGroupMaxMemoryBytes\":104857600,\"internalQueryMaxBlockingSortMemoryUsageBytes\":104857600,\"internalQueryProhibitBlockingMergeOnMongoS\":0,\"internalQueryMaxAddToSetBytes\":104857600,\"internalDocumentSourceSetWindowFieldsMaxMemoryBytes\":104857600},\"ok\":1,\"$clusterTime\":{\"clusterTime\":{\"$timestamp\":\"7397434577213456412\"},\"signature\":{\"hash\":\"AAAAAAAAAAAAAAAAAAAAAAAAAAA=\",\"keyId\":0}},\"operationTime\":{\"$timestamp\":\"7397434577213456412\"}}]"
            },
            {
                "system": "https://www.icanbwell.com/queryExplainSimple",
                "display": "[{\"step\":{\"children\":[{\"children\":[{\"step\":{\"stepNo\":1,\"stage\":\"IXSCAN\",\"friendlyStage\":\"scanning index keys\",\"indexName\":\"uuid\",\"keysExamined\":2,\"nReturned\":2,\"executionTimeMillisEstimate\":0}}],\"step\":{\"stepNo\":1,\"stage\":\"FETCH\",\"friendlyStage\":\"retrieving documents\",\"filter\":{\"$and\":[{\"$or\":[{\"$and\":[{\"prediction.probabilityDecimal\":{\"$lt\":150}},{\"prediction.probabilityDecimal\":{\"$gte\":50}}]},{\"$and\":[{\"prediction.probabilityRange\":{\"$lt\":150}},{\"prediction.probabilityRange\":{\"$gte\":50}}]}]},{\"meta.tag\":{\"$not\":{\"$elemMatch\":{\"$and\":[{\"code\":{\"$eq\":\"hidden\"}},{\"system\":{\"$eq\":\"https://fhir.icanbwell.com/4_0_0/CodeSystem/server-behavior\"}}]}}}}]},\"docsExamined\":2,\"nReturned\":2,\"executionTimeMillisEstimate\":0}}],\"step\":{\"stepNo\":1,\"stage\":\"LIMIT\",\"nReturned\":2,\"executionTimeMillisEstimate\":0}},\"executionStats\":{\"nReturned\":2,\"executionTimeMillis\":0,\"totalKeysExamined\":2,\"totalDocsExamined\":2},\"query\":\"db.RiskAssessment_4_0_0.find({'$and':[{'$or':[{'prediction.probabilityDecimal':{'$gte':50,'$lt':150}},{'prediction.probabilityRange':{'$gte':50,'$lt':150}}]},{'meta.tag':{'$not':{'$elemMatch':{'system':'https://fhir.icanbwell.com/4_0_0/CodeSystem/server-behavior','code':'hidden'}}}}]}, {}).sort({'_uuid':1}).limit(100)\"}]"
            }
        ]
    },
    "type": "searchset",
    "timestamp": "2024-07-30T02:24:14.1414Z",
    "total": 0,
    "link": [
        {
            "relation": "self",
            "url": "http://localhost:3000/4_0_0/RiskAssessment?probability=1e2&_debug=true&_bundle=true"
        },
        {
            "relation": "next",
            "url": "http://localhost:3000/4_0_0/RiskAssessment?probability=1e2&_debug=true&_bundle=true&id%3Aabove=c87b8e53-b3db-53a0-aa92-05f4a3fb9d15"
        }
    ]
}
