{
    "data": {
        "observation": {
            "entry": [
                {
                    "resource": {
                        "id": "exs2hLRJfViSgT3bVra9fQ-Kby.uXxCNtphbSgs6mos56m",
                        "category": [{ "coding": [{ "code": "vital-signs" }] }]
                    }
                }
            ],
            "meta": {
                "tag": [
                    {
                        "system": "https://www.icanbwell.com/query",
                        "display": "[db.Observation_4_0_0.find({'$and':[{'category':{'$ne':null}},{'meta.tag':{'$not':{'$elemMatch':{'system':'https://fhir.icanbwell.com/4_0_0/CodeSystem/server-behavior','code':'hidden'}}}},{'subject._uuid':{'$in':['Patient/person.79e59046-ffc7-4c41-9819-c8ef83275454','Patient/8ba1017f-0aad-1b91-ff9e-416a96e11f0b']}},{'meta.security':{'$not':{'$elemMatch':{'system':'http://terminology.hl7.org/CodeSystem/v3-Confidentiality','code':'R'}}}}]}, {}).sort({'_uuid':1}).limit(100)]"
                    },
                    { "system": "https://www.icanbwell.com/queryCollection", "code": "" },
                    {
                        "system": "https://www.icanbwell.com/queryOptions",
                        "display": "[{'limit':100,'sort':{'_uuid':1}}]"
                    },
                    {
                        "system": "https://www.icanbwell.com/queryFields",
                        "display": "[['category','meta.tag.system','meta.tag.code','subject._uuid','meta.security.system','meta.security.code','_uuid']]"
                    },
                    { "system": "https://www.icanbwell.com/queryTime", "display": "[0.065]" },
                    {
                        "system": "https://www.icanbwell.com/queryOptimization",
                        "display": "[{'useTwoStepSearchOptimization':undefined}]"
                    },
                    {
                        "system": "https://www.icanbwell.com/queryExplain",
                        "display": "[[{\"explainVersion\":\"1\",\"queryPlanner\":{\"namespace\":\"fhir.Observation_4_0_0\",\"indexFilterSet\":false,\"parsedQuery\":{\"$and\":[{\"subject._uuid\":{\"$in\":[\"Patient/8ba1017f-0aad-1b91-ff9e-416a96e11f0b\",\"Patient/person.79e59046-ffc7-4c41-9819-c8ef83275454\"]}},{\"meta.security\":{\"$not\":{\"$elemMatch\":{\"$and\":[{\"code\":{\"$eq\":\"R\"}},{\"system\":{\"$eq\":\"http://terminology.hl7.org/CodeSystem/v3-Confidentiality\"}}]}}}},{\"meta.tag\":{\"$not\":{\"$elemMatch\":{\"$and\":[{\"code\":{\"$eq\":\"hidden\"}},{\"system\":{\"$eq\":\"https://fhir.icanbwell.com/4_0_0/CodeSystem/server-behavior\"}}]}}}},{\"category\":{\"$not\":{\"$eq\":null}}}]},\"queryHash\":\"49B6E004\",\"planCacheKey\":\"F551C521\",\"maxIndexedOrSolutionsReached\":false,\"maxIndexedAndSolutionsReached\":false,\"maxScansToExplodeReached\":false,\"winningPlan\":{\"stage\":\"LIMIT\",\"limitAmount\":100,\"inputStage\":{\"stage\":\"FETCH\",\"filter\":{\"$and\":[{\"subject._uuid\":{\"$in\":[\"Patient/8ba1017f-0aad-1b91-ff9e-416a96e11f0b\",\"Patient/person.79e59046-ffc7-4c41-9819-c8ef83275454\"]}},{\"meta.security\":{\"$not\":{\"$elemMatch\":{\"$and\":[{\"code\":{\"$eq\":\"R\"}},{\"system\":{\"$eq\":\"http://terminology.hl7.org/CodeSystem/v3-Confidentiality\"}}]}}}},{\"meta.tag\":{\"$not\":{\"$elemMatch\":{\"$and\":[{\"code\":{\"$eq\":\"hidden\"}},{\"system\":{\"$eq\":\"https://fhir.icanbwell.com/4_0_0/CodeSystem/server-behavior\"}}]}}}},{\"category\":{\"$not\":{\"$eq\":null}}}]},\"inputStage\":{\"stage\":\"IXSCAN\",\"keyPattern\":{\"_uuid\":1},\"indexName\":\"uuid\",\"isMultiKey\":false,\"multiKeyPaths\":{\"_uuid\":[]},\"isUnique\":true,\"isSparse\":false,\"isPartial\":false,\"indexVersion\":2,\"direction\":\"forward\",\"indexBounds\":{\"_uuid\":[\"[MinKey, MaxKey]\"]}}}},\"rejectedPlans\":[{\"stage\":\"SORT\",\"sortPattern\":{\"_uuid\":1},\"memLimit\":104857600,\"limitAmount\":100,\"type\":\"simple\",\"inputStage\":{\"stage\":\"FETCH\",\"filter\":{\"$and\":[{\"category\":{\"$not\":{\"$eq\":null}}},{\"meta.security\":{\"$not\":{\"$elemMatch\":{\"$and\":[{\"code\":{\"$eq\":\"R\"}},{\"system\":{\"$eq\":\"http://terminology.hl7.org/CodeSystem/v3-Confidentiality\"}}]}}}},{\"meta.tag\":{\"$not\":{\"$elemMatch\":{\"$and\":[{\"code\":{\"$eq\":\"hidden\"}},{\"system\":{\"$eq\":\"https://fhir.icanbwell.com/4_0_0/CodeSystem/server-behavior\"}}]}}}}]},\"inputStage\":{\"stage\":\"IXSCAN\",\"keyPattern\":{\"subject._uuid\":1,\"effectiveDateTime\":-1,\"_sourceId\":1},\"indexName\":\"reverse_helix_observation_effective_uuid_2\",\"isMultiKey\":false,\"multiKeyPaths\":{\"subject._uuid\":[],\"effectiveDateTime\":[],\"_sourceId\":[]},\"isUnique\":false,\"isSparse\":false,\"isPartial\":false,\"indexVersion\":2,\"direction\":\"forward\",\"indexBounds\":{\"subject._uuid\":[\"[\\\"Patient/8ba1017f-0aad-1b91-ff9e-416a96e11f0b\\\", \\\"Patient/8ba1017f-0aad-1b91-ff9e-416a96e11f0b\\\"]\",\"[\\\"Patient/person.79e59046-ffc7-4c41-9819-c8ef83275454\\\", \\\"Patient/person.79e59046-ffc7-4c41-9819-c8ef83275454\\\"]\"],\"effectiveDateTime\":[\"[MaxKey, MinKey]\"],\"_sourceId\":[\"[MinKey, MaxKey]\"]}}}}]},\"executionStats\":{\"executionSuccess\":true,\"nReturned\":1,\"executionTimeMillis\":0,\"totalKeysExamined\":3,\"totalDocsExamined\":3,\"executionStages\":{\"stage\":\"LIMIT\",\"nReturned\":1,\"executionTimeMillisEstimate\":0,\"works\":5,\"advanced\":1,\"needTime\":2,\"needYield\":0,\"saveState\":0,\"restoreState\":0,\"isEOF\":1,\"limitAmount\":100,\"inputStage\":{\"stage\":\"FETCH\",\"filter\":{\"$and\":[{\"subject._uuid\":{\"$in\":[\"Patient/8ba1017f-0aad-1b91-ff9e-416a96e11f0b\",\"Patient/person.79e59046-ffc7-4c41-9819-c8ef83275454\"]}},{\"meta.security\":{\"$not\":{\"$elemMatch\":{\"$and\":[{\"code\":{\"$eq\":\"R\"}},{\"system\":{\"$eq\":\"http://terminology.hl7.org/CodeSystem/v3-Confidentiality\"}}]}}}},{\"meta.tag\":{\"$not\":{\"$elemMatch\":{\"$and\":[{\"code\":{\"$eq\":\"hidden\"}},{\"system\":{\"$eq\":\"https://fhir.icanbwell.com/4_0_0/CodeSystem/server-behavior\"}}]}}}},{\"category\":{\"$not\":{\"$eq\":null}}}]},\"nReturned\":1,\"executionTimeMillisEstimate\":0,\"works\":5,\"advanced\":1,\"needTime\":2,\"needYield\":0,\"saveState\":0,\"restoreState\":0,\"isEOF\":1,\"docsExamined\":3,\"alreadyHasObj\":0,\"inputStage\":{\"stage\":\"IXSCAN\",\"nReturned\":3,\"executionTimeMillisEstimate\":0,\"works\":4,\"advanced\":3,\"needTime\":0,\"needYield\":0,\"saveState\":0,\"restoreState\":0,\"isEOF\":1,\"keyPattern\":{\"_uuid\":1},\"indexName\":\"uuid\",\"isMultiKey\":false,\"multiKeyPaths\":{\"_uuid\":[]},\"isUnique\":true,\"isSparse\":false,\"isPartial\":false,\"indexVersion\":2,\"direction\":\"forward\",\"indexBounds\":{\"_uuid\":[\"[MinKey, MaxKey]\"]},\"keysExamined\":3,\"seeks\":1,\"dupsTested\":0,\"dupsDropped\":0}}},\"allPlansExecution\":[{\"nReturned\":1,\"executionTimeMillisEstimate\":0,\"totalKeysExamined\":3,\"totalDocsExamined\":3,\"score\":2.2502,\"executionStages\":{\"stage\":\"LIMIT\",\"nReturned\":1,\"executionTimeMillisEstimate\":0,\"works\":4,\"advanced\":1,\"needTime\":2,\"needYield\":0,\"saveState\":0,\"restoreState\":0,\"isEOF\":1,\"limitAmount\":100,\"inputStage\":{\"stage\":\"FETCH\",\"filter\":{\"$and\":[{\"subject._uuid\":{\"$in\":[\"Patient/8ba1017f-0aad-1b91-ff9e-416a96e11f0b\",\"Patient/person.79e59046-ffc7-4c41-9819-c8ef83275454\"]}},{\"meta.security\":{\"$not\":{\"$elemMatch\":{\"$and\":[{\"code\":{\"$eq\":\"R\"}},{\"system\":{\"$eq\":\"http://terminology.hl7.org/CodeSystem/v3-Confidentiality\"}}]}}}},{\"meta.tag\":{\"$not\":{\"$elemMatch\":{\"$and\":[{\"code\":{\"$eq\":\"hidden\"}},{\"system\":{\"$eq\":\"https://fhir.icanbwell.com/4_0_0/CodeSystem/server-behavior\"}}]}}}},{\"category\":{\"$not\":{\"$eq\":null}}}]},\"nReturned\":1,\"executionTimeMillisEstimate\":0,\"works\":4,\"advanced\":1,\"needTime\":2,\"needYield\":0,\"saveState\":0,\"restoreState\":0,\"isEOF\":1,\"docsExamined\":3,\"alreadyHasObj\":0,\"inputStage\":{\"stage\":\"IXSCAN\",\"nReturned\":3,\"executionTimeMillisEstimate\":0,\"works\":4,\"advanced\":3,\"needTime\":0,\"needYield\":0,\"saveState\":0,\"restoreState\":0,\"isEOF\":1,\"keyPattern\":{\"_uuid\":1},\"indexName\":\"uuid\",\"isMultiKey\":false,\"multiKeyPaths\":{\"_uuid\":[]},\"isUnique\":true,\"isSparse\":false,\"isPartial\":false,\"indexVersion\":2,\"direction\":\"forward\",\"indexBounds\":{\"_uuid\":[\"[MinKey, MaxKey]\"]},\"keysExamined\":3,\"seeks\":1,\"dupsTested\":0,\"dupsDropped\":0}}}},{\"nReturned\":1,\"executionTimeMillisEstimate\":0,\"totalKeysExamined\":2,\"totalDocsExamined\":2,\"score\":1.2501,\"executionStages\":{\"stage\":\"SORT\",\"nReturned\":1,\"executionTimeMillisEstimate\":0,\"works\":4,\"advanced\":1,\"needTime\":3,\"needYield\":0,\"saveState\":1,\"restoreState\":0,\"isEOF\":0,\"sortPattern\":{\"_uuid\":1},\"memLimit\":104857600,\"limitAmount\":100,\"type\":\"simple\",\"totalDataSizeSorted\":4639,\"usedDisk\":false,\"spills\":0,\"inputStage\":{\"stage\":\"FETCH\",\"filter\":{\"$and\":[{\"category\":{\"$not\":{\"$eq\":null}}},{\"meta.security\":{\"$not\":{\"$elemMatch\":{\"$and\":[{\"code\":{\"$eq\":\"R\"}},{\"system\":{\"$eq\":\"http://terminology.hl7.org/CodeSystem/v3-Confidentiality\"}}]}}}},{\"meta.tag\":{\"$not\":{\"$elemMatch\":{\"$and\":[{\"code\":{\"$eq\":\"hidden\"}},{\"system\":{\"$eq\":\"https://fhir.icanbwell.com/4_0_0/CodeSystem/server-behavior\"}}]}}}}]},\"nReturned\":1,\"executionTimeMillisEstimate\":0,\"works\":3,\"advanced\":1,\"needTime\":1,\"needYield\":0,\"saveState\":1,\"restoreState\":0,\"isEOF\":1,\"docsExamined\":2,\"alreadyHasObj\":0,\"inputStage\":{\"stage\":\"IXSCAN\",\"nReturned\":2,\"executionTimeMillisEstimate\":0,\"works\":3,\"advanced\":2,\"needTime\":0,\"needYield\":0,\"saveState\":1,\"restoreState\":0,\"isEOF\":1,\"keyPattern\":{\"subject._uuid\":1,\"effectiveDateTime\":-1,\"_sourceId\":1},\"indexName\":\"reverse_helix_observation_effective_uuid_2\",\"isMultiKey\":false,\"multiKeyPaths\":{\"subject._uuid\":[],\"effectiveDateTime\":[],\"_sourceId\":[]},\"isUnique\":false,\"isSparse\":false,\"isPartial\":false,\"indexVersion\":2,\"direction\":\"forward\",\"indexBounds\":{\"subject._uuid\":[\"[\\\"Patient/8ba1017f-0aad-1b91-ff9e-416a96e11f0b\\\", \\\"Patient/8ba1017f-0aad-1b91-ff9e-416a96e11f0b\\\"]\",\"[\\\"Patient/person.79e59046-ffc7-4c41-9819-c8ef83275454\\\", \\\"Patient/person.79e59046-ffc7-4c41-9819-c8ef83275454\\\"]\"],\"effectiveDateTime\":[\"[MaxKey, MinKey]\"],\"_sourceId\":[\"[MinKey, MaxKey]\"]},\"keysExamined\":2,\"seeks\":1,\"dupsTested\":0,\"dupsDropped\":0}}}}]},\"command\":{\"find\":\"Observation_4_0_0\",\"filter\":{\"$and\":[{\"category\":{\"$ne\":null}},{\"meta.tag\":{\"$not\":{\"$elemMatch\":{\"system\":\"https://fhir.icanbwell.com/4_0_0/CodeSystem/server-behavior\",\"code\":\"hidden\"}}}},{\"subject._uuid\":{\"$in\":[\"Patient/person.79e59046-ffc7-4c41-9819-c8ef83275454\",\"Patient/8ba1017f-0aad-1b91-ff9e-416a96e11f0b\"]}},{\"meta.security\":{\"$not\":{\"$elemMatch\":{\"system\":\"http://terminology.hl7.org/CodeSystem/v3-Confidentiality\",\"code\":\"R\"}}}}]},\"sort\":{\"_uuid\":1},\"limit\":100,\"maxTimeMS\":30000,\"$db\":\"fhir\"},\"serverInfo\":{\"host\":\"ubuntu-Latitude-3420\",\"port\":6359,\"version\":\"6.0.14\",\"gitVersion\":\"25225db95574916fecab3af75b184409f8713aef\"},\"serverParameters\":{\"internalQueryFacetBufferSizeBytes\":104857600,\"internalQueryFacetMaxOutputDocSizeBytes\":104857600,\"internalLookupStageIntermediateDocumentMaxSizeBytes\":104857600,\"internalDocumentSourceGroupMaxMemoryBytes\":104857600,\"internalQueryMaxBlockingSortMemoryUsageBytes\":104857600,\"internalQueryProhibitBlockingMergeOnMongoS\":0,\"internalQueryMaxAddToSetBytes\":104857600,\"internalDocumentSourceSetWindowFieldsMaxMemoryBytes\":104857600},\"ok\":1,\"$clusterTime\":{\"clusterTime\":{\"$timestamp\":\"7382998337433108519\"},\"signature\":{\"hash\":\"AAAAAAAAAAAAAAAAAAAAAAAAAAA=\",\"keyId\":0}},\"operationTime\":{\"$timestamp\":\"7382998337433108519\"}}]]"
                    },
                    {
                        "system": "https://www.icanbwell.com/queryExplainSimple",
                        "display": "[[{\"step\":{\"children\":[{\"children\":[{\"step\":{\"stepNo\":1,\"stage\":\"IXSCAN\",\"friendlyStage\":\"scanning index keys\",\"indexName\":\"uuid\",\"keysExamined\":3,\"nReturned\":3,\"executionTimeMillisEstimate\":0}}],\"step\":{\"stepNo\":1,\"stage\":\"FETCH\",\"friendlyStage\":\"retrieving documents\",\"filter\":{\"$and\":[{\"subject._uuid\":{\"$in\":[\"Patient/8ba1017f-0aad-1b91-ff9e-416a96e11f0b\",\"Patient/person.79e59046-ffc7-4c41-9819-c8ef83275454\"]}},{\"meta.security\":{\"$not\":{\"$elemMatch\":{\"$and\":[{\"code\":{\"$eq\":\"R\"}},{\"system\":{\"$eq\":\"http://terminology.hl7.org/CodeSystem/v3-Confidentiality\"}}]}}}},{\"meta.tag\":{\"$not\":{\"$elemMatch\":{\"$and\":[{\"code\":{\"$eq\":\"hidden\"}},{\"system\":{\"$eq\":\"https://fhir.icanbwell.com/4_0_0/CodeSystem/server-behavior\"}}]}}}},{\"category\":{\"$not\":{\"$eq\":null}}}]},\"docsExamined\":3,\"nReturned\":1,\"executionTimeMillisEstimate\":0}}],\"step\":{\"stepNo\":1,\"stage\":\"LIMIT\",\"nReturned\":1,\"executionTimeMillisEstimate\":0}},\"executionStats\":{\"nReturned\":1,\"executionTimeMillis\":0,\"totalKeysExamined\":3,\"totalDocsExamined\":3},\"query\":\"db.Observation_4_0_0.find({'$and':[{'category':{'$ne':null}},{'meta.tag':{'$not':{'$elemMatch':{'system':'https://fhir.icanbwell.com/4_0_0/CodeSystem/server-behavior','code':'hidden'}}}},{'subject._uuid':{'$in':['Patient/person.79e59046-ffc7-4c41-9819-c8ef83275454','Patient/8ba1017f-0aad-1b91-ff9e-416a96e11f0b']}},{'meta.security':{'$not':{'$elemMatch':{'system':'http://terminology.hl7.org/CodeSystem/v3-Confidentiality','code':'R'}}}}]}, {}).sort({'_uuid':1}).limit(100)\"}]]"
                    }
                ]
            }
        }
    }
}
