{
  "data": {
    "person": {
      "entry": [
        {
          "resource": {
            "id": "79e59046-ffc7-4c41-9819-c8ef83275454",
            "meta": { "source": "https://www.icanbwell.com" }
          }
        }
      ],
      "meta": {
        "tag": [
          {
            "system": "https://www.icanbwell.com/query",
            "display": "[db.Person_4_0_0.find({'$and':[{'$or':[{'name.text':{'$regex':'Family','$options':'i'}},{'name.family':{'$regex':'Family','$options':'i'}},{'name.given':{'$regex':'Family','$options':'i'}},{'name.suffix':{'$regex':'Family','$options':'i'}},{'name.prefix':{'$regex':'Family','$options':'i'}}]},{'name':{'$ne':null}},{'$nor':[{'$or':[{'name.text':{'$regex':'hi','$options':'i'}},{'name.family':{'$regex':'hi','$options':'i'}},{'name.given':{'$regex':'hi','$options':'i'}},{'name.suffix':{'$regex':'hi','$options':'i'}},{'name.prefix':{'$regex':'hi','$options':'i'}}]}]},{'meta.tag':{'$not':{'$elemMatch':{'system':'https://fhir.icanbwell.com/4_0_0/CodeSystem/server-behavior','code':'hidden'}}}},{'link.target._uuid':{'$in':['Patient/person.79e59046-ffc7-4c41-9819-c8ef83275454','Patient/8ba1017f-0aad-1b91-ff9e-416a96e11f0b']}},{'meta.security':{'$not':{'$elemMatch':{'system':'http://terminology.hl7.org/CodeSystem/v3-Confidentiality','code':'R'}}}}]}, {}).sort({'_uuid':1}).limit(100)]"
          },
          { "system": "https://www.icanbwell.com/queryCollection", "code": "" },
          {
            "system": "https://www.icanbwell.com/queryOptions",
            "display": "[{'limit':100,'sort':{'_uuid':1}}]"
          },
          {
            "system": "https://www.icanbwell.com/queryFields",
            "display": "[['name.text','name.family','name.given','name.suffix','name.prefix','name','meta.tag.system','meta.tag.code','link.target._uuid','meta.security.system','meta.security.code','_uuid']]"
          },
          { "system": "https://www.icanbwell.com/queryTime", "display": "[0.038]" },
          {
            "system": "https://www.icanbwell.com/queryOptimization",
            "display": "[{'useTwoStepSearchOptimization':undefined}]"
          },
          {
            "system": "https://www.icanbwell.com/queryExplain",
            "display": "[[{\"explainVersion\":\"1\",\"queryPlanner\":{\"namespace\":\"fhir.Person_4_0_0\",\"indexFilterSet\":false,\"parsedQuery\":{\"$and\":[{\"$or\":[{\"name.family\":{\"$regex\":\"Family\",\"$options\":\"i\"}},{\"name.given\":{\"$regex\":\"Family\",\"$options\":\"i\"}},{\"name.prefix\":{\"$regex\":\"Family\",\"$options\":\"i\"}},{\"name.suffix\":{\"$regex\":\"Family\",\"$options\":\"i\"}},{\"name.text\":{\"$regex\":\"Family\",\"$options\":\"i\"}}]},{\"link.target._uuid\":{\"$in\":[\"Patient/8ba1017f-0aad-1b91-ff9e-416a96e11f0b\",\"Patient/person.79e59046-ffc7-4c41-9819-c8ef83275454\"]}},{\"$nor\":[{\"$or\":[{\"name.family\":{\"$regex\":\"hi\",\"$options\":\"i\"}},{\"name.given\":{\"$regex\":\"hi\",\"$options\":\"i\"}},{\"name.prefix\":{\"$regex\":\"hi\",\"$options\":\"i\"}},{\"name.suffix\":{\"$regex\":\"hi\",\"$options\":\"i\"}},{\"name.text\":{\"$regex\":\"hi\",\"$options\":\"i\"}}]}]},{\"meta.security\":{\"$not\":{\"$elemMatch\":{\"$and\":[{\"code\":{\"$eq\":\"R\"}},{\"system\":{\"$eq\":\"http://terminology.hl7.org/CodeSystem/v3-Confidentiality\"}}]}}}},{\"meta.tag\":{\"$not\":{\"$elemMatch\":{\"$and\":[{\"code\":{\"$eq\":\"hidden\"}},{\"system\":{\"$eq\":\"https://fhir.icanbwell.com/4_0_0/CodeSystem/server-behavior\"}}]}}}},{\"name\":{\"$not\":{\"$eq\":null}}}]},\"queryHash\":\"4A0E52D9\",\"planCacheKey\":\"A1B43B1A\",\"maxIndexedOrSolutionsReached\":false,\"maxIndexedAndSolutionsReached\":false,\"maxScansToExplodeReached\":false,\"winningPlan\":{\"stage\":\"SORT\",\"sortPattern\":{\"_uuid\":1},\"memLimit\":104857600,\"limitAmount\":100,\"type\":\"simple\",\"inputStage\":{\"stage\":\"COLLSCAN\",\"filter\":{\"$and\":[{\"$or\":[{\"name.family\":{\"$regex\":\"Family\",\"$options\":\"i\"}},{\"name.given\":{\"$regex\":\"Family\",\"$options\":\"i\"}},{\"name.prefix\":{\"$regex\":\"Family\",\"$options\":\"i\"}},{\"name.suffix\":{\"$regex\":\"Family\",\"$options\":\"i\"}},{\"name.text\":{\"$regex\":\"Family\",\"$options\":\"i\"}}]},{\"link.target._uuid\":{\"$in\":[\"Patient/8ba1017f-0aad-1b91-ff9e-416a96e11f0b\",\"Patient/person.79e59046-ffc7-4c41-9819-c8ef83275454\"]}},{\"$nor\":[{\"$or\":[{\"name.family\":{\"$regex\":\"hi\",\"$options\":\"i\"}},{\"name.given\":{\"$regex\":\"hi\",\"$options\":\"i\"}},{\"name.prefix\":{\"$regex\":\"hi\",\"$options\":\"i\"}},{\"name.suffix\":{\"$regex\":\"hi\",\"$options\":\"i\"}},{\"name.text\":{\"$regex\":\"hi\",\"$options\":\"i\"}}]}]},{\"meta.security\":{\"$not\":{\"$elemMatch\":{\"$and\":[{\"code\":{\"$eq\":\"R\"}},{\"system\":{\"$eq\":\"http://terminology.hl7.org/CodeSystem/v3-Confidentiality\"}}]}}}},{\"meta.tag\":{\"$not\":{\"$elemMatch\":{\"$and\":[{\"code\":{\"$eq\":\"hidden\"}},{\"system\":{\"$eq\":\"https://fhir.icanbwell.com/4_0_0/CodeSystem/server-behavior\"}}]}}}},{\"name\":{\"$not\":{\"$eq\":null}}}]},\"direction\":\"forward\"}},\"rejectedPlans\":[]},\"executionStats\":{\"executionSuccess\":true,\"nReturned\":1,\"executionTimeMillis\":0,\"totalKeysExamined\":0,\"totalDocsExamined\":1,\"executionStages\":{\"stage\":\"SORT\",\"nReturned\":1,\"executionTimeMillisEstimate\":0,\"works\":4,\"advanced\":1,\"needTime\":2,\"needYield\":0,\"saveState\":0,\"restoreState\":0,\"isEOF\":1,\"sortPattern\":{\"_uuid\":1},\"memLimit\":104857600,\"limitAmount\":100,\"type\":\"simple\",\"totalDataSizeSorted\":4785,\"usedDisk\":false,\"spills\":0,\"inputStage\":{\"stage\":\"COLLSCAN\",\"filter\":{\"$and\":[{\"$or\":[{\"name.family\":{\"$regex\":\"Family\",\"$options\":\"i\"}},{\"name.given\":{\"$regex\":\"Family\",\"$options\":\"i\"}},{\"name.prefix\":{\"$regex\":\"Family\",\"$options\":\"i\"}},{\"name.suffix\":{\"$regex\":\"Family\",\"$options\":\"i\"}},{\"name.text\":{\"$regex\":\"Family\",\"$options\":\"i\"}}]},{\"link.target._uuid\":{\"$in\":[\"Patient/8ba1017f-0aad-1b91-ff9e-416a96e11f0b\",\"Patient/person.79e59046-ffc7-4c41-9819-c8ef83275454\"]}},{\"$nor\":[{\"$or\":[{\"name.family\":{\"$regex\":\"hi\",\"$options\":\"i\"}},{\"name.given\":{\"$regex\":\"hi\",\"$options\":\"i\"}},{\"name.prefix\":{\"$regex\":\"hi\",\"$options\":\"i\"}},{\"name.suffix\":{\"$regex\":\"hi\",\"$options\":\"i\"}},{\"name.text\":{\"$regex\":\"hi\",\"$options\":\"i\"}}]}]},{\"meta.security\":{\"$not\":{\"$elemMatch\":{\"$and\":[{\"code\":{\"$eq\":\"R\"}},{\"system\":{\"$eq\":\"http://terminology.hl7.org/CodeSystem/v3-Confidentiality\"}}]}}}},{\"meta.tag\":{\"$not\":{\"$elemMatch\":{\"$and\":[{\"code\":{\"$eq\":\"hidden\"}},{\"system\":{\"$eq\":\"https://fhir.icanbwell.com/4_0_0/CodeSystem/server-behavior\"}}]}}}},{\"name\":{\"$not\":{\"$eq\":null}}}]},\"nReturned\":1,\"executionTimeMillisEstimate\":0,\"works\":2,\"advanced\":1,\"needTime\":0,\"needYield\":0,\"saveState\":0,\"restoreState\":0,\"isEOF\":1,\"direction\":\"forward\",\"docsExamined\":1}},\"allPlansExecution\":[]},\"command\":{\"find\":\"Person_4_0_0\",\"filter\":{\"$and\":[{\"$or\":[{\"name.text\":{\"$regex\":\"/Family/\",\"$options\":\"i\"}},{\"name.family\":{\"$regex\":\"/Family/\",\"$options\":\"i\"}},{\"name.given\":{\"$regex\":\"/Family/\",\"$options\":\"i\"}},{\"name.suffix\":{\"$regex\":\"/Family/\",\"$options\":\"i\"}},{\"name.prefix\":{\"$regex\":\"/Family/\",\"$options\":\"i\"}}]},{\"name\":{\"$ne\":null}},{\"$nor\":[{\"$or\":[{\"name.text\":{\"$regex\":\"/hi/\",\"$options\":\"i\"}},{\"name.family\":{\"$regex\":\"/hi/\",\"$options\":\"i\"}},{\"name.given\":{\"$regex\":\"/hi/\",\"$options\":\"i\"}},{\"name.suffix\":{\"$regex\":\"/hi/\",\"$options\":\"i\"}},{\"name.prefix\":{\"$regex\":\"/hi/\",\"$options\":\"i\"}}]}]},{\"meta.tag\":{\"$not\":{\"$elemMatch\":{\"system\":\"https://fhir.icanbwell.com/4_0_0/CodeSystem/server-behavior\",\"code\":\"hidden\"}}}},{\"link.target._uuid\":{\"$in\":[\"Patient/person.79e59046-ffc7-4c41-9819-c8ef83275454\",\"Patient/8ba1017f-0aad-1b91-ff9e-416a96e11f0b\"]}},{\"meta.security\":{\"$not\":{\"$elemMatch\":{\"system\":\"http://terminology.hl7.org/CodeSystem/v3-Confidentiality\",\"code\":\"R\"}}}}]},\"sort\":{\"_uuid\":1},\"limit\":100,\"maxTimeMS\":30000,\"$db\":\"fhir\"},\"serverInfo\":{\"host\":\"ubuntu-Latitude-3420\",\"port\":56391,\"version\":\"6.0.14\",\"gitVersion\":\"25225db95574916fecab3af75b184409f8713aef\"},\"serverParameters\":{\"internalQueryFacetBufferSizeBytes\":104857600,\"internalQueryFacetMaxOutputDocSizeBytes\":104857600,\"internalLookupStageIntermediateDocumentMaxSizeBytes\":104857600,\"internalDocumentSourceGroupMaxMemoryBytes\":104857600,\"internalQueryMaxBlockingSortMemoryUsageBytes\":104857600,\"internalQueryProhibitBlockingMergeOnMongoS\":0,\"internalQueryMaxAddToSetBytes\":104857600,\"internalDocumentSourceSetWindowFieldsMaxMemoryBytes\":104857600},\"ok\":1,\"$clusterTime\":{\"clusterTime\":{\"$timestamp\":\"7382543586295808016\"},\"signature\":{\"hash\":\"AAAAAAAAAAAAAAAAAAAAAAAAAAA=\",\"keyId\":0}},\"operationTime\":{\"$timestamp\":\"7382543586295808016\"}}]]"
          },
          {
            "system": "https://www.icanbwell.com/queryExplainSimple",
            "display": "[[{\"step\":{\"children\":[{\"step\":{\"stepNo\":1,\"stage\":\"COLLSCAN\",\"friendlyStage\":\"for a collection scan\",\"filter\":{\"$and\":[{\"$or\":[{\"name.family\":{\"$regex\":\"Family\",\"$options\":\"i\"}},{\"name.given\":{\"$regex\":\"Family\",\"$options\":\"i\"}},{\"name.prefix\":{\"$regex\":\"Family\",\"$options\":\"i\"}},{\"name.suffix\":{\"$regex\":\"Family\",\"$options\":\"i\"}},{\"name.text\":{\"$regex\":\"Family\",\"$options\":\"i\"}}]},{\"link.target._uuid\":{\"$in\":[\"Patient/8ba1017f-0aad-1b91-ff9e-416a96e11f0b\",\"Patient/person.79e59046-ffc7-4c41-9819-c8ef83275454\"]}},{\"$nor\":[{\"$or\":[{\"name.family\":{\"$regex\":\"hi\",\"$options\":\"i\"}},{\"name.given\":{\"$regex\":\"hi\",\"$options\":\"i\"}},{\"name.prefix\":{\"$regex\":\"hi\",\"$options\":\"i\"}},{\"name.suffix\":{\"$regex\":\"hi\",\"$options\":\"i\"}},{\"name.text\":{\"$regex\":\"hi\",\"$options\":\"i\"}}]}]},{\"meta.security\":{\"$not\":{\"$elemMatch\":{\"$and\":[{\"code\":{\"$eq\":\"R\"}},{\"system\":{\"$eq\":\"http://terminology.hl7.org/CodeSystem/v3-Confidentiality\"}}]}}}},{\"meta.tag\":{\"$not\":{\"$elemMatch\":{\"$and\":[{\"code\":{\"$eq\":\"hidden\"}},{\"system\":{\"$eq\":\"https://fhir.icanbwell.com/4_0_0/CodeSystem/server-behavior\"}}]}}}},{\"name\":{\"$not\":{\"$eq\":null}}}]},\"docsExamined\":1,\"nReturned\":1,\"executionTimeMillisEstimate\":0}}],\"step\":{\"stepNo\":1,\"stage\":\"SORT\",\"nReturned\":1,\"executionTimeMillisEstimate\":0}},\"executionStats\":{\"nReturned\":1,\"executionTimeMillis\":0,\"totalKeysExamined\":0,\"totalDocsExamined\":1},\"query\":\"db.Person_4_0_0.find({'$and':[{'$or':[{'name.text':{'$regex':'Family','$options':'i'}},{'name.family':{'$regex':'Family','$options':'i'}},{'name.given':{'$regex':'Family','$options':'i'}},{'name.suffix':{'$regex':'Family','$options':'i'}},{'name.prefix':{'$regex':'Family','$options':'i'}}]},{'name':{'$ne':null}},{'$nor':[{'$or':[{'name.text':{'$regex':'hi','$options':'i'}},{'name.family':{'$regex':'hi','$options':'i'}},{'name.given':{'$regex':'hi','$options':'i'}},{'name.suffix':{'$regex':'hi','$options':'i'}},{'name.prefix':{'$regex':'hi','$options':'i'}}]}]},{'meta.tag':{'$not':{'$elemMatch':{'system':'https://fhir.icanbwell.com/4_0_0/CodeSystem/server-behavior','code':'hidden'}}}},{'link.target._uuid':{'$in':['Patient/person.79e59046-ffc7-4c41-9819-c8ef83275454','Patient/8ba1017f-0aad-1b91-ff9e-416a96e11f0b']}},{'meta.security':{'$not':{'$elemMatch':{'system':'http://terminology.hl7.org/CodeSystem/v3-Confidentiality','code':'R'}}}}]}, {}).sort({'_uuid':1}).limit(100)\"}]]"
          }
        ]
      }
    }
  }
}
