{
  "entry": [
    {
      "id": "27f4a58a-ebc1-4855-91d1-c6234a7d40bc",
      "resource": {
        "resourceType": "Patient",
        "id": "27f4a58a-ebc1-4855-91d1-c6234a7d40bc",
        "meta": {
          "versionId": "1",
          "lastUpdated": "2025-03-18T09:40:47.038Z",
          "source": "test",
          "security": [
            {
              "id": "c28b0f79-dbb5-5c24-b24f-3f834da35cc1",
              "system": "https://www.icanbwell.com/owner",
              "code": "client-p1"
            },
            {
              "id": "3fac0bd8-6b2c-512f-9afe-40137819e973",
              "system": "https://www.icanbwell.com/access",
              "code": "client-p1"
            },
            {
              "id": "3ee72569-2631-5a3e-b6e1-79463c4bfeda",
              "system": "https://www.icanbwell.com/sourceAssigningAuthority",
              "code": "client-p1"
            }
          ]
        },
        "identifier": [
          {
            "id": "sourceId",
            "system": "https://www.icanbwell.com/sourceId",
            "value": "27f4a58a-ebc1-4855-91d1-c6234a7d40bc"
          },
          { "id": "uuid", "system": "https://www.icanbwell.com/uuid", "value": "27f4a58a-ebc1-4855-91d1-c6234a7d40bc" }
        ],
        "name": [{ "given": ["Test"] }]
      }
    },
    {
      "id": "a26bc9e7-1f3c-4c85-b8d3-ca7355f4f1f0",
      "resource": {
        "resourceType": "Person",
        "id": "a26bc9e7-1f3c-4c85-b8d3-ca7355f4f1f0",
        "meta": {
          "versionId": "1",
          "lastUpdated": "2025-03-18T09:40:47.038Z",
          "source": "test",
          "security": [
            {
              "id": "c28b0f79-dbb5-5c24-b24f-3f834da35cc1",
              "system": "https://www.icanbwell.com/owner",
              "code": "client-p1"
            },
            {
              "id": "3fac0bd8-6b2c-512f-9afe-40137819e973",
              "system": "https://www.icanbwell.com/access",
              "code": "client-p1"
            },
            {
              "id": "3ee72569-2631-5a3e-b6e1-79463c4bfeda",
              "system": "https://www.icanbwell.com/sourceAssigningAuthority",
              "code": "client-p1"
            }
          ]
        },
        "identifier": [
          {
            "id": "sourceId",
            "system": "https://www.icanbwell.com/sourceId",
            "value": "a26bc9e7-1f3c-4c85-b8d3-ca7355f4f1f0"
          },
          { "id": "uuid", "system": "https://www.icanbwell.com/uuid", "value": "a26bc9e7-1f3c-4c85-b8d3-ca7355f4f1f0" }
        ],
        "link": [
          {
            "id": "p1",
            "target": {
              "extension": [
                {
                  "id": "sourceId",
                  "url": "https://www.icanbwell.com/sourceId",
                  "valueString": "Patient/27f4a58a-ebc1-4855-91d1-c6234a7d40bc"
                },
                {
                  "id": "uuid",
                  "url": "https://www.icanbwell.com/uuid",
                  "valueString": "Patient/27f4a58a-ebc1-4855-91d1-c6234a7d40bc"
                },
                {
                  "id": "sourceAssigningAuthority",
                  "url": "https://www.icanbwell.com/sourceAssigningAuthority",
                  "valueString": "client-p1"
                }
              ],
              "reference": "Patient/27f4a58a-ebc1-4855-91d1-c6234a7d40bc"
            }
          },
          {
            "id": "proa",
            "target": {
              "extension": [
                {
                  "id": "sourceId",
                  "url": "https://www.icanbwell.com/sourceId",
                  "valueString": "Patient/e5ec316c-6c24-4e3e-b93a-e352cdb3d1d6"
                },
                {
                  "id": "uuid",
                  "url": "https://www.icanbwell.com/uuid",
                  "valueString": "Patient/e5ec316c-6c24-4e3e-b93a-e352cdb3d1d6"
                },
                {
                  "id": "sourceAssigningAuthority",
                  "url": "https://www.icanbwell.com/sourceAssigningAuthority",
                  "valueString": "client-p1"
                }
              ],
              "reference": "Patient/e5ec316c-6c24-4e3e-b93a-e352cdb3d1d6"
            }
          }
        ]
      }
    }
  ],
  "resourceType": "Bundle",
  "id": "a63785e8-549c-4e98-ba51-a3f201412dba",
  "meta": {
    "tag": [
      {
        "system": "https://www.icanbwell.com/query",
        "display": "db.Patient_4_0_0.find({'$and':[{'_uuid':'27f4a58a-ebc1-4855-91d1-c6234a7d40bc'},{'_uuid':{'$in':['person.a26bc9e7-1f3c-4c85-b8d3-ca7355f4f1f0','27f4a58a-ebc1-4855-91d1-c6234a7d40bc','e5ec316c-6c24-4e3e-b93a-e352cdb3d1d6']}},{'meta.security':{'$not':{'$elemMatch':{'system':'http://terminology.hl7.org/CodeSystem/v3-Confidentiality','code':'R'}}}}]}, {'_id':0})  | db.Person_4_0_0.find({'$and':[{'link.target._uuid':'Patient/27f4a58a-ebc1-4855-91d1-c6234a7d40bc'},{'meta.tag':{'$not':{'$elemMatch':{'system':'https://fhir.icanbwell.com/4_0_0/CodeSystem/server-behavior','code':'hidden'}}}},{'_uuid':'a26bc9e7-1f3c-4c85-b8d3-ca7355f4f1f0'},{'meta.security':{'$not':{'$elemMatch':{'system':'http://terminology.hl7.org/CodeSystem/v3-Confidentiality','code':'R'}}}}]}, {}) | db.Person_4_0_0.find({'$and':[{'link.target._uuid':'Person/a26bc9e7-1f3c-4c85-b8d3-ca7355f4f1f0'},{'meta.tag':{'$not':{'$elemMatch':{'system':'https://fhir.icanbwell.com/4_0_0/CodeSystem/server-behavior','code':'hidden'}}}},{'_uuid':'a26bc9e7-1f3c-4c85-b8d3-ca7355f4f1f0'},{'meta.security':{'$not':{'$elemMatch':{'system':'http://terminology.hl7.org/CodeSystem/v3-Confidentiality','code':'R'}}}}]}, {})"
      },
      { "system": "https://www.icanbwell.com/queryCollection", "code": "Patient_4_0_0|Person_4_0_0|Person_4_0_0" },
      { "system": "https://www.icanbwell.com/queryOptions", "display": "[{'projection':{'_id':0}}]" },
      { "system": "https://www.icanbwell.com/queryFields", "display": "[]" },
      { "system": "https://www.icanbwell.com/queryTime", "display": "0.182" },
      {
        "system": "https://www.icanbwell.com/queryOptimization",
        "display": "{'useTwoStepSearchOptimization':undefined}"
      },
      {
        "system": "https://www.icanbwell.com/queryExplain",
        "display": "[{\"explainVersion\":\"1\",\"queryPlanner\":{\"namespace\":\"fhir.Patient_4_0_0\",\"parsedQuery\":{\"$and\":[{\"_uuid\":{\"$eq\":\"27f4a58a-ebc1-4855-91d1-c6234a7d40bc\"}},{\"_uuid\":{\"$in\":[\"27f4a58a-ebc1-4855-91d1-c6234a7d40bc\",\"e5ec316c-6c24-4e3e-b93a-e352cdb3d1d6\",\"person.a26bc9e7-1f3c-4c85-b8d3-ca7355f4f1f0\"]}},{\"meta.security\":{\"$not\":{\"$elemMatch\":{\"$and\":[{\"code\":{\"$eq\":\"R\"}},{\"system\":{\"$eq\":\"http://terminology.hl7.org/CodeSystem/v3-Confidentiality\"}}]}}}}]},\"indexFilterSet\":false,\"planCacheShapeHash\":\"389CC5A2\",\"planCacheKey\":\"45B787FC\",\"optimizationTimeMillis\":0,\"maxIndexedOrSolutionsReached\":false,\"maxIndexedAndSolutionsReached\":false,\"maxScansToExplodeReached\":false,\"prunedSimilarIndexes\":false,\"winningPlan\":{\"isCached\":false,\"stage\":\"PROJECTION_SIMPLE\",\"transformBy\":{\"_id\":0},\"inputStage\":{\"stage\":\"FETCH\",\"filter\":{\"meta.security\":{\"$not\":{\"$elemMatch\":{\"$and\":[{\"code\":{\"$eq\":\"R\"}},{\"system\":{\"$eq\":\"http://terminology.hl7.org/CodeSystem/v3-Confidentiality\"}}]}}}},\"inputStage\":{\"stage\":\"IXSCAN\",\"keyPattern\":{\"_uuid\":1},\"indexName\":\"uuid\",\"isMultiKey\":false,\"multiKeyPaths\":{\"_uuid\":[]},\"isUnique\":true,\"isSparse\":false,\"isPartial\":false,\"indexVersion\":2,\"direction\":\"forward\",\"indexBounds\":{\"_uuid\":[\"[\\\"27f4a58a-ebc1-4855-91d1-c6234a7d40bc\\\", \\\"27f4a58a-ebc1-4855-91d1-c6234a7d40bc\\\"]\"]}}}},\"rejectedPlans\":[]},\"executionStats\":{\"executionSuccess\":true,\"nReturned\":1,\"executionTimeMillis\":0,\"totalKeysExamined\":1,\"totalDocsExamined\":1,\"executionStages\":{\"isCached\":false,\"stage\":\"PROJECTION_SIMPLE\",\"nReturned\":1,\"executionTimeMillisEstimate\":0,\"works\":2,\"advanced\":1,\"needTime\":0,\"needYield\":0,\"saveState\":0,\"restoreState\":0,\"isEOF\":1,\"transformBy\":{\"_id\":0},\"inputStage\":{\"stage\":\"FETCH\",\"filter\":{\"meta.security\":{\"$not\":{\"$elemMatch\":{\"$and\":[{\"code\":{\"$eq\":\"R\"}},{\"system\":{\"$eq\":\"http://terminology.hl7.org/CodeSystem/v3-Confidentiality\"}}]}}}},\"nReturned\":1,\"executionTimeMillisEstimate\":0,\"works\":2,\"advanced\":1,\"needTime\":0,\"needYield\":0,\"saveState\":0,\"restoreState\":0,\"isEOF\":1,\"docsExamined\":1,\"alreadyHasObj\":0,\"inputStage\":{\"stage\":\"IXSCAN\",\"nReturned\":1,\"executionTimeMillisEstimate\":0,\"works\":2,\"advanced\":1,\"needTime\":0,\"needYield\":0,\"saveState\":0,\"restoreState\":0,\"isEOF\":1,\"keyPattern\":{\"_uuid\":1},\"indexName\":\"uuid\",\"isMultiKey\":false,\"multiKeyPaths\":{\"_uuid\":[]},\"isUnique\":true,\"isSparse\":false,\"isPartial\":false,\"indexVersion\":2,\"direction\":\"forward\",\"indexBounds\":{\"_uuid\":[\"[\\\"27f4a58a-ebc1-4855-91d1-c6234a7d40bc\\\", \\\"27f4a58a-ebc1-4855-91d1-c6234a7d40bc\\\"]\"]},\"keysExamined\":1,\"seeks\":1,\"dupsTested\":0,\"dupsDropped\":0}}},\"allPlansExecution\":[]},\"queryShapeHash\":\"1CE1DB5AA7E963E92EBB30729AC3F5CCBBB44C8D34876D9E943CCAA5679D57C1\",\"command\":{\"find\":\"Patient_4_0_0\",\"filter\":{\"$and\":[{\"_uuid\":\"27f4a58a-ebc1-4855-91d1-c6234a7d40bc\"},{\"_uuid\":{\"$in\":[\"person.a26bc9e7-1f3c-4c85-b8d3-ca7355f4f1f0\",\"27f4a58a-ebc1-4855-91d1-c6234a7d40bc\",\"e5ec316c-6c24-4e3e-b93a-e352cdb3d1d6\"]}},{\"meta.security\":{\"$not\":{\"$elemMatch\":{\"system\":\"http://terminology.hl7.org/CodeSystem/v3-Confidentiality\",\"code\":\"R\"}}}}]},\"projection\":{\"_id\":0},\"maxTimeMS\":120000,\"$db\":\"fhir\"},\"serverInfo\":{\"host\":\"Shubham-Go-(2)-MacBook-Air\",\"port\":57419,\"version\":\"8.0.4\",\"gitVersion\":\"bc35ab4305d9920d9d0491c1c9ef9b72383d31f9\"},\"serverParameters\":{\"internalQueryFacetBufferSizeBytes\":104857600,\"internalQueryFacetMaxOutputDocSizeBytes\":104857600,\"internalLookupStageIntermediateDocumentMaxSizeBytes\":104857600,\"internalDocumentSourceGroupMaxMemoryBytes\":104857600,\"internalQueryMaxBlockingSortMemoryUsageBytes\":104857600,\"internalQueryProhibitBlockingMergeOnMongoS\":0,\"internalQueryMaxAddToSetBytes\":104857600,\"internalDocumentSourceSetWindowFieldsMaxMemoryBytes\":104857600,\"internalQueryFrameworkControl\":\"trySbeRestricted\",\"internalQueryPlannerIgnoreIndexWithCollationForRegex\":1},\"ok\":1,\"$clusterTime\":{\"clusterTime\":{\"$timestamp\":\"7483082207985139739\"},\"signature\":{\"hash\":\"AAAAAAAAAAAAAAAAAAAAAAAAAAA=\",\"keyId\":0}},\"operationTime\":{\"$timestamp\":\"7483082207985139739\"}},{\"explainVersion\":\"1\",\"queryPlanner\":{\"namespace\":\"fhir.Person_4_0_0\",\"parsedQuery\":{\"$and\":[{\"_uuid\":{\"$eq\":\"a26bc9e7-1f3c-4c85-b8d3-ca7355f4f1f0\"}},{\"link.target._uuid\":{\"$eq\":\"Patient/27f4a58a-ebc1-4855-91d1-c6234a7d40bc\"}},{\"meta.security\":{\"$not\":{\"$elemMatch\":{\"$and\":[{\"code\":{\"$eq\":\"R\"}},{\"system\":{\"$eq\":\"http://terminology.hl7.org/CodeSystem/v3-Confidentiality\"}}]}}}},{\"meta.tag\":{\"$not\":{\"$elemMatch\":{\"$and\":[{\"code\":{\"$eq\":\"hidden\"}},{\"system\":{\"$eq\":\"https://fhir.icanbwell.com/4_0_0/CodeSystem/server-behavior\"}}]}}}}]},\"indexFilterSet\":false,\"planCacheShapeHash\":\"5543EF89\",\"planCacheKey\":\"0ED5B67C\",\"optimizationTimeMillis\":0,\"maxIndexedOrSolutionsReached\":false,\"maxIndexedAndSolutionsReached\":false,\"maxScansToExplodeReached\":false,\"prunedSimilarIndexes\":false,\"winningPlan\":{\"isCached\":false,\"stage\":\"PROJECTION_SIMPLE\",\"transformBy\":{\"_id\":0},\"inputStage\":{\"stage\":\"FETCH\",\"filter\":{\"$and\":[{\"meta.security\":{\"$not\":{\"$elemMatch\":{\"$and\":[{\"code\":{\"$eq\":\"R\"}},{\"system\":{\"$eq\":\"http://terminology.hl7.org/CodeSystem/v3-Confidentiality\"}}]}}}},{\"meta.tag\":{\"$not\":{\"$elemMatch\":{\"$and\":[{\"code\":{\"$eq\":\"hidden\"}},{\"system\":{\"$eq\":\"https://fhir.icanbwell.com/4_0_0/CodeSystem/server-behavior\"}}]}}}}]},\"inputStage\":{\"stage\":\"IXSCAN\",\"keyPattern\":{\"link.target._uuid\":1,\"_uuid\":1},\"indexName\":\"linkTarget_uuid_uuid\",\"isMultiKey\":true,\"multiKeyPaths\":{\"link.target._uuid\":[\"link\"],\"_uuid\":[]},\"isUnique\":false,\"isSparse\":false,\"isPartial\":false,\"indexVersion\":2,\"direction\":\"forward\",\"indexBounds\":{\"link.target._uuid\":[\"[\\\"Patient/27f4a58a-ebc1-4855-91d1-c6234a7d40bc\\\", \\\"Patient/27f4a58a-ebc1-4855-91d1-c6234a7d40bc\\\"]\"],\"_uuid\":[\"[\\\"a26bc9e7-1f3c-4c85-b8d3-ca7355f4f1f0\\\", \\\"a26bc9e7-1f3c-4c85-b8d3-ca7355f4f1f0\\\"]\"]}}}},\"rejectedPlans\":[{\"isCached\":false,\"stage\":\"PROJECTION_SIMPLE\",\"transformBy\":{\"_id\":0},\"inputStage\":{\"stage\":\"FETCH\",\"filter\":{\"$and\":[{\"meta.security\":{\"$not\":{\"$elemMatch\":{\"$and\":[{\"code\":{\"$eq\":\"R\"}},{\"system\":{\"$eq\":\"http://terminology.hl7.org/CodeSystem/v3-Confidentiality\"}}]}}}},{\"meta.tag\":{\"$not\":{\"$elemMatch\":{\"$and\":[{\"code\":{\"$eq\":\"hidden\"}},{\"system\":{\"$eq\":\"https://fhir.icanbwell.com/4_0_0/CodeSystem/server-behavior\"}}]}}}},{\"link.target._uuid\":{\"$eq\":\"Patient/27f4a58a-ebc1-4855-91d1-c6234a7d40bc\"}}]},\"inputStage\":{\"stage\":\"IXSCAN\",\"keyPattern\":{\"_uuid\":1},\"indexName\":\"uuid\",\"isMultiKey\":false,\"multiKeyPaths\":{\"_uuid\":[]},\"isUnique\":true,\"isSparse\":false,\"isPartial\":false,\"indexVersion\":2,\"direction\":\"forward\",\"indexBounds\":{\"_uuid\":[\"[\\\"a26bc9e7-1f3c-4c85-b8d3-ca7355f4f1f0\\\", \\\"a26bc9e7-1f3c-4c85-b8d3-ca7355f4f1f0\\\"]\"]}}}}]},\"executionStats\":{\"executionSuccess\":true,\"nReturned\":1,\"executionTimeMillis\":0,\"totalKeysExamined\":1,\"totalDocsExamined\":1,\"executionStages\":{\"isCached\":false,\"stage\":\"PROJECTION_SIMPLE\",\"nReturned\":1,\"executionTimeMillisEstimate\":0,\"works\":3,\"advanced\":1,\"needTime\":0,\"needYield\":0,\"saveState\":0,\"restoreState\":0,\"isEOF\":1,\"transformBy\":{\"_id\":0},\"inputStage\":{\"stage\":\"FETCH\",\"filter\":{\"$and\":[{\"meta.security\":{\"$not\":{\"$elemMatch\":{\"$and\":[{\"code\":{\"$eq\":\"R\"}},{\"system\":{\"$eq\":\"http://terminology.hl7.org/CodeSystem/v3-Confidentiality\"}}]}}}},{\"meta.tag\":{\"$not\":{\"$elemMatch\":{\"$and\":[{\"code\":{\"$eq\":\"hidden\"}},{\"system\":{\"$eq\":\"https://fhir.icanbwell.com/4_0_0/CodeSystem/server-behavior\"}}]}}}}]},\"nReturned\":1,\"executionTimeMillisEstimate\":0,\"works\":3,\"advanced\":1,\"needTime\":0,\"needYield\":0,\"saveState\":0,\"restoreState\":0,\"isEOF\":1,\"docsExamined\":1,\"alreadyHasObj\":0,\"inputStage\":{\"stage\":\"IXSCAN\",\"nReturned\":1,\"executionTimeMillisEstimate\":0,\"works\":2,\"advanced\":1,\"needTime\":0,\"needYield\":0,\"saveState\":0,\"restoreState\":0,\"isEOF\":1,\"keyPattern\":{\"link.target._uuid\":1,\"_uuid\":1},\"indexName\":\"linkTarget_uuid_uuid\",\"isMultiKey\":true,\"multiKeyPaths\":{\"link.target._uuid\":[\"link\"],\"_uuid\":[]},\"isUnique\":false,\"isSparse\":false,\"isPartial\":false,\"indexVersion\":2,\"direction\":\"forward\",\"indexBounds\":{\"link.target._uuid\":[\"[\\\"Patient/27f4a58a-ebc1-4855-91d1-c6234a7d40bc\\\", \\\"Patient/27f4a58a-ebc1-4855-91d1-c6234a7d40bc\\\"]\"],\"_uuid\":[\"[\\\"a26bc9e7-1f3c-4c85-b8d3-ca7355f4f1f0\\\", \\\"a26bc9e7-1f3c-4c85-b8d3-ca7355f4f1f0\\\"]\"]},\"keysExamined\":1,\"seeks\":1,\"dupsTested\":1,\"dupsDropped\":0}}},\"allPlansExecution\":[{\"nReturned\":1,\"executionTimeMillisEstimate\":0,\"totalKeysExamined\":1,\"totalDocsExamined\":1,\"score\":2.5002,\"executionStages\":{\"isCached\":false,\"stage\":\"PROJECTION_SIMPLE\",\"nReturned\":1,\"executionTimeMillisEstimate\":0,\"works\":2,\"advanced\":1,\"needTime\":0,\"needYield\":0,\"saveState\":0,\"restoreState\":0,\"isEOF\":1,\"transformBy\":{\"_id\":0},\"inputStage\":{\"stage\":\"FETCH\",\"filter\":{\"$and\":[{\"meta.security\":{\"$not\":{\"$elemMatch\":{\"$and\":[{\"code\":{\"$eq\":\"R\"}},{\"system\":{\"$eq\":\"http://terminology.hl7.org/CodeSystem/v3-Confidentiality\"}}]}}}},{\"meta.tag\":{\"$not\":{\"$elemMatch\":{\"$and\":[{\"code\":{\"$eq\":\"hidden\"}},{\"system\":{\"$eq\":\"https://fhir.icanbwell.com/4_0_0/CodeSystem/server-behavior\"}}]}}}}]},\"nReturned\":1,\"executionTimeMillisEstimate\":0,\"works\":2,\"advanced\":1,\"needTime\":0,\"needYield\":0,\"saveState\":0,\"restoreState\":0,\"isEOF\":1,\"docsExamined\":1,\"alreadyHasObj\":0,\"inputStage\":{\"stage\":\"IXSCAN\",\"nReturned\":1,\"executionTimeMillisEstimate\":0,\"works\":2,\"advanced\":1,\"needTime\":0,\"needYield\":0,\"saveState\":0,\"restoreState\":0,\"isEOF\":1,\"keyPattern\":{\"link.target._uuid\":1,\"_uuid\":1},\"indexName\":\"linkTarget_uuid_uuid\",\"isMultiKey\":true,\"multiKeyPaths\":{\"link.target._uuid\":[\"link\"],\"_uuid\":[]},\"isUnique\":false,\"isSparse\":false,\"isPartial\":false,\"indexVersion\":2,\"direction\":\"forward\",\"indexBounds\":{\"link.target._uuid\":[\"[\\\"Patient/27f4a58a-ebc1-4855-91d1-c6234a7d40bc\\\", \\\"Patient/27f4a58a-ebc1-4855-91d1-c6234a7d40bc\\\"]\"],\"_uuid\":[\"[\\\"a26bc9e7-1f3c-4c85-b8d3-ca7355f4f1f0\\\", \\\"a26bc9e7-1f3c-4c85-b8d3-ca7355f4f1f0\\\"]\"]},\"keysExamined\":1,\"seeks\":1,\"dupsTested\":1,\"dupsDropped\":0}}}},{\"nReturned\":1,\"executionTimeMillisEstimate\":0,\"totalKeysExamined\":1,\"totalDocsExamined\":1,\"score\":2.5002,\"executionStages\":{\"isCached\":false,\"stage\":\"PROJECTION_SIMPLE\",\"nReturned\":1,\"executionTimeMillisEstimate\":0,\"works\":2,\"advanced\":1,\"needTime\":0,\"needYield\":0,\"saveState\":1,\"restoreState\":0,\"isEOF\":1,\"transformBy\":{\"_id\":0},\"inputStage\":{\"stage\":\"FETCH\",\"filter\":{\"$and\":[{\"meta.security\":{\"$not\":{\"$elemMatch\":{\"$and\":[{\"code\":{\"$eq\":\"R\"}},{\"system\":{\"$eq\":\"http://terminology.hl7.org/CodeSystem/v3-Confidentiality\"}}]}}}},{\"meta.tag\":{\"$not\":{\"$elemMatch\":{\"$and\":[{\"code\":{\"$eq\":\"hidden\"}},{\"system\":{\"$eq\":\"https://fhir.icanbwell.com/4_0_0/CodeSystem/server-behavior\"}}]}}}},{\"link.target._uuid\":{\"$eq\":\"Patient/27f4a58a-ebc1-4855-91d1-c6234a7d40bc\"}}]},\"nReturned\":1,\"executionTimeMillisEstimate\":0,\"works\":2,\"advanced\":1,\"needTime\":0,\"needYield\":0,\"saveState\":1,\"restoreState\":0,\"isEOF\":1,\"docsExamined\":1,\"alreadyHasObj\":0,\"inputStage\":{\"stage\":\"IXSCAN\",\"nReturned\":1,\"executionTimeMillisEstimate\":0,\"works\":2,\"advanced\":1,\"needTime\":0,\"needYield\":0,\"saveState\":1,\"restoreState\":0,\"isEOF\":1,\"keyPattern\":{\"_uuid\":1},\"indexName\":\"uuid\",\"isMultiKey\":false,\"multiKeyPaths\":{\"_uuid\":[]},\"isUnique\":true,\"isSparse\":false,\"isPartial\":false,\"indexVersion\":2,\"direction\":\"forward\",\"indexBounds\":{\"_uuid\":[\"[\\\"a26bc9e7-1f3c-4c85-b8d3-ca7355f4f1f0\\\", \\\"a26bc9e7-1f3c-4c85-b8d3-ca7355f4f1f0\\\"]\"]},\"keysExamined\":1,\"seeks\":1,\"dupsTested\":0,\"dupsDropped\":0}}}}]},\"queryShapeHash\":\"D3CCD2F8A7F62CE7BC2457888D62537961F8D2DAC1F0320AA063DDC209044CDC\",\"command\":{\"find\":\"Person_4_0_0\",\"filter\":{\"$and\":[{\"link.target._uuid\":\"Patient/27f4a58a-ebc1-4855-91d1-c6234a7d40bc\"},{\"meta.tag\":{\"$not\":{\"$elemMatch\":{\"system\":\"https://fhir.icanbwell.com/4_0_0/CodeSystem/server-behavior\",\"code\":\"hidden\"}}}},{\"_uuid\":\"a26bc9e7-1f3c-4c85-b8d3-ca7355f4f1f0\"},{\"meta.security\":{\"$not\":{\"$elemMatch\":{\"system\":\"http://terminology.hl7.org/CodeSystem/v3-Confidentiality\",\"code\":\"R\"}}}}]},\"projection\":{\"_id\":0},\"maxTimeMS\":120000,\"$db\":\"fhir\"},\"serverInfo\":{\"host\":\"Shubham-Go-(2)-MacBook-Air\",\"port\":57419,\"version\":\"8.0.4\",\"gitVersion\":\"bc35ab4305d9920d9d0491c1c9ef9b72383d31f9\"},\"serverParameters\":{\"internalQueryFacetBufferSizeBytes\":104857600,\"internalQueryFacetMaxOutputDocSizeBytes\":104857600,\"internalLookupStageIntermediateDocumentMaxSizeBytes\":104857600,\"internalDocumentSourceGroupMaxMemoryBytes\":104857600,\"internalQueryMaxBlockingSortMemoryUsageBytes\":104857600,\"internalQueryProhibitBlockingMergeOnMongoS\":0,\"internalQueryMaxAddToSetBytes\":104857600,\"internalDocumentSourceSetWindowFieldsMaxMemoryBytes\":104857600,\"internalQueryFrameworkControl\":\"trySbeRestricted\",\"internalQueryPlannerIgnoreIndexWithCollationForRegex\":1},\"ok\":1,\"$clusterTime\":{\"clusterTime\":{\"$timestamp\":\"7483082207985139739\"},\"signature\":{\"hash\":\"AAAAAAAAAAAAAAAAAAAAAAAAAAA=\",\"keyId\":0}},\"operationTime\":{\"$timestamp\":\"7483082207985139739\"}},{\"explainVersion\":\"1\",\"queryPlanner\":{\"namespace\":\"fhir.Person_4_0_0\",\"parsedQuery\":{\"$and\":[{\"_uuid\":{\"$eq\":\"a26bc9e7-1f3c-4c85-b8d3-ca7355f4f1f0\"}},{\"link.target._uuid\":{\"$eq\":\"Person/a26bc9e7-1f3c-4c85-b8d3-ca7355f4f1f0\"}},{\"meta.security\":{\"$not\":{\"$elemMatch\":{\"$and\":[{\"code\":{\"$eq\":\"R\"}},{\"system\":{\"$eq\":\"http://terminology.hl7.org/CodeSystem/v3-Confidentiality\"}}]}}}},{\"meta.tag\":{\"$not\":{\"$elemMatch\":{\"$and\":[{\"code\":{\"$eq\":\"hidden\"}},{\"system\":{\"$eq\":\"https://fhir.icanbwell.com/4_0_0/CodeSystem/server-behavior\"}}]}}}}]},\"indexFilterSet\":false,\"planCacheShapeHash\":\"5543EF89\",\"planCacheKey\":\"0ED5B67C\",\"optimizationTimeMillis\":0,\"maxIndexedOrSolutionsReached\":false,\"maxIndexedAndSolutionsReached\":false,\"maxScansToExplodeReached\":false,\"prunedSimilarIndexes\":false,\"winningPlan\":{\"isCached\":false,\"stage\":\"PROJECTION_SIMPLE\",\"transformBy\":{\"_id\":0},\"inputStage\":{\"stage\":\"FETCH\",\"filter\":{\"$and\":[{\"meta.security\":{\"$not\":{\"$elemMatch\":{\"$and\":[{\"code\":{\"$eq\":\"R\"}},{\"system\":{\"$eq\":\"http://terminology.hl7.org/CodeSystem/v3-Confidentiality\"}}]}}}},{\"meta.tag\":{\"$not\":{\"$elemMatch\":{\"$and\":[{\"code\":{\"$eq\":\"hidden\"}},{\"system\":{\"$eq\":\"https://fhir.icanbwell.com/4_0_0/CodeSystem/server-behavior\"}}]}}}}]},\"inputStage\":{\"stage\":\"IXSCAN\",\"keyPattern\":{\"link.target._uuid\":1,\"_uuid\":1},\"indexName\":\"linkTarget_uuid_uuid\",\"isMultiKey\":true,\"multiKeyPaths\":{\"link.target._uuid\":[\"link\"],\"_uuid\":[]},\"isUnique\":false,\"isSparse\":false,\"isPartial\":false,\"indexVersion\":2,\"direction\":\"forward\",\"indexBounds\":{\"link.target._uuid\":[\"[\\\"Person/a26bc9e7-1f3c-4c85-b8d3-ca7355f4f1f0\\\", \\\"Person/a26bc9e7-1f3c-4c85-b8d3-ca7355f4f1f0\\\"]\"],\"_uuid\":[\"[\\\"a26bc9e7-1f3c-4c85-b8d3-ca7355f4f1f0\\\", \\\"a26bc9e7-1f3c-4c85-b8d3-ca7355f4f1f0\\\"]\"]}}}},\"rejectedPlans\":[{\"isCached\":false,\"stage\":\"PROJECTION_SIMPLE\",\"transformBy\":{\"_id\":0},\"inputStage\":{\"stage\":\"FETCH\",\"filter\":{\"$and\":[{\"meta.security\":{\"$not\":{\"$elemMatch\":{\"$and\":[{\"code\":{\"$eq\":\"R\"}},{\"system\":{\"$eq\":\"http://terminology.hl7.org/CodeSystem/v3-Confidentiality\"}}]}}}},{\"meta.tag\":{\"$not\":{\"$elemMatch\":{\"$and\":[{\"code\":{\"$eq\":\"hidden\"}},{\"system\":{\"$eq\":\"https://fhir.icanbwell.com/4_0_0/CodeSystem/server-behavior\"}}]}}}},{\"link.target._uuid\":{\"$eq\":\"Person/a26bc9e7-1f3c-4c85-b8d3-ca7355f4f1f0\"}}]},\"inputStage\":{\"stage\":\"IXSCAN\",\"keyPattern\":{\"_uuid\":1},\"indexName\":\"uuid\",\"isMultiKey\":false,\"multiKeyPaths\":{\"_uuid\":[]},\"isUnique\":true,\"isSparse\":false,\"isPartial\":false,\"indexVersion\":2,\"direction\":\"forward\",\"indexBounds\":{\"_uuid\":[\"[\\\"a26bc9e7-1f3c-4c85-b8d3-ca7355f4f1f0\\\", \\\"a26bc9e7-1f3c-4c85-b8d3-ca7355f4f1f0\\\"]\"]}}}}]},\"executionStats\":{\"executionSuccess\":true,\"nReturned\":0,\"executionTimeMillis\":0,\"totalKeysExamined\":0,\"totalDocsExamined\":0,\"executionStages\":{\"isCached\":false,\"stage\":\"PROJECTION_SIMPLE\",\"nReturned\":0,\"executionTimeMillisEstimate\":0,\"works\":2,\"advanced\":0,\"needTime\":0,\"needYield\":0,\"saveState\":0,\"restoreState\":0,\"isEOF\":1,\"transformBy\":{\"_id\":0},\"inputStage\":{\"stage\":\"FETCH\",\"filter\":{\"$and\":[{\"meta.security\":{\"$not\":{\"$elemMatch\":{\"$and\":[{\"code\":{\"$eq\":\"R\"}},{\"system\":{\"$eq\":\"http://terminology.hl7.org/CodeSystem/v3-Confidentiality\"}}]}}}},{\"meta.tag\":{\"$not\":{\"$elemMatch\":{\"$and\":[{\"code\":{\"$eq\":\"hidden\"}},{\"system\":{\"$eq\":\"https://fhir.icanbwell.com/4_0_0/CodeSystem/server-behavior\"}}]}}}}]},\"nReturned\":0,\"executionTimeMillisEstimate\":0,\"works\":2,\"advanced\":0,\"needTime\":0,\"needYield\":0,\"saveState\":0,\"restoreState\":0,\"isEOF\":1,\"docsExamined\":0,\"alreadyHasObj\":0,\"inputStage\":{\"stage\":\"IXSCAN\",\"nReturned\":0,\"executionTimeMillisEstimate\":0,\"works\":1,\"advanced\":0,\"needTime\":0,\"needYield\":0,\"saveState\":0,\"restoreState\":0,\"isEOF\":1,\"keyPattern\":{\"link.target._uuid\":1,\"_uuid\":1},\"indexName\":\"linkTarget_uuid_uuid\",\"isMultiKey\":true,\"multiKeyPaths\":{\"link.target._uuid\":[\"link\"],\"_uuid\":[]},\"isUnique\":false,\"isSparse\":false,\"isPartial\":false,\"indexVersion\":2,\"direction\":\"forward\",\"indexBounds\":{\"link.target._uuid\":[\"[\\\"Person/a26bc9e7-1f3c-4c85-b8d3-ca7355f4f1f0\\\", \\\"Person/a26bc9e7-1f3c-4c85-b8d3-ca7355f4f1f0\\\"]\"],\"_uuid\":[\"[\\\"a26bc9e7-1f3c-4c85-b8d3-ca7355f4f1f0\\\", \\\"a26bc9e7-1f3c-4c85-b8d3-ca7355f4f1f0\\\"]\"]},\"keysExamined\":0,\"seeks\":1,\"dupsTested\":0,\"dupsDropped\":0}}},\"allPlansExecution\":[{\"nReturned\":0,\"executionTimeMillisEstimate\":0,\"totalKeysExamined\":0,\"totalDocsExamined\":0,\"score\":2.0002,\"executionStages\":{\"isCached\":false,\"stage\":\"PROJECTION_SIMPLE\",\"nReturned\":0,\"executionTimeMillisEstimate\":0,\"works\":1,\"advanced\":0,\"needTime\":0,\"needYield\":0,\"saveState\":0,\"restoreState\":0,\"isEOF\":1,\"transformBy\":{\"_id\":0},\"inputStage\":{\"stage\":\"FETCH\",\"filter\":{\"$and\":[{\"meta.security\":{\"$not\":{\"$elemMatch\":{\"$and\":[{\"code\":{\"$eq\":\"R\"}},{\"system\":{\"$eq\":\"http://terminology.hl7.org/CodeSystem/v3-Confidentiality\"}}]}}}},{\"meta.tag\":{\"$not\":{\"$elemMatch\":{\"$and\":[{\"code\":{\"$eq\":\"hidden\"}},{\"system\":{\"$eq\":\"https://fhir.icanbwell.com/4_0_0/CodeSystem/server-behavior\"}}]}}}}]},\"nReturned\":0,\"executionTimeMillisEstimate\":0,\"works\":1,\"advanced\":0,\"needTime\":0,\"needYield\":0,\"saveState\":0,\"restoreState\":0,\"isEOF\":1,\"docsExamined\":0,\"alreadyHasObj\":0,\"inputStage\":{\"stage\":\"IXSCAN\",\"nReturned\":0,\"executionTimeMillisEstimate\":0,\"works\":1,\"advanced\":0,\"needTime\":0,\"needYield\":0,\"saveState\":0,\"restoreState\":0,\"isEOF\":1,\"keyPattern\":{\"link.target._uuid\":1,\"_uuid\":1},\"indexName\":\"linkTarget_uuid_uuid\",\"isMultiKey\":true,\"multiKeyPaths\":{\"link.target._uuid\":[\"link\"],\"_uuid\":[]},\"isUnique\":false,\"isSparse\":false,\"isPartial\":false,\"indexVersion\":2,\"direction\":\"forward\",\"indexBounds\":{\"link.target._uuid\":[\"[\\\"Person/a26bc9e7-1f3c-4c85-b8d3-ca7355f4f1f0\\\", \\\"Person/a26bc9e7-1f3c-4c85-b8d3-ca7355f4f1f0\\\"]\"],\"_uuid\":[\"[\\\"a26bc9e7-1f3c-4c85-b8d3-ca7355f4f1f0\\\", \\\"a26bc9e7-1f3c-4c85-b8d3-ca7355f4f1f0\\\"]\"]},\"keysExamined\":0,\"seeks\":1,\"dupsTested\":0,\"dupsDropped\":0}}}},{\"nReturned\":0,\"executionTimeMillisEstimate\":0,\"totalKeysExamined\":1,\"totalDocsExamined\":1,\"score\":1.0002,\"executionStages\":{\"isCached\":false,\"stage\":\"PROJECTION_SIMPLE\",\"nReturned\":0,\"executionTimeMillisEstimate\":0,\"works\":1,\"advanced\":0,\"needTime\":1,\"needYield\":0,\"saveState\":1,\"restoreState\":0,\"isEOF\":0,\"transformBy\":{\"_id\":0},\"inputStage\":{\"stage\":\"FETCH\",\"filter\":{\"$and\":[{\"meta.security\":{\"$not\":{\"$elemMatch\":{\"$and\":[{\"code\":{\"$eq\":\"R\"}},{\"system\":{\"$eq\":\"http://terminology.hl7.org/CodeSystem/v3-Confidentiality\"}}]}}}},{\"meta.tag\":{\"$not\":{\"$elemMatch\":{\"$and\":[{\"code\":{\"$eq\":\"hidden\"}},{\"system\":{\"$eq\":\"https://fhir.icanbwell.com/4_0_0/CodeSystem/server-behavior\"}}]}}}},{\"link.target._uuid\":{\"$eq\":\"Person/a26bc9e7-1f3c-4c85-b8d3-ca7355f4f1f0\"}}]},\"nReturned\":0,\"executionTimeMillisEstimate\":0,\"works\":1,\"advanced\":0,\"needTime\":1,\"needYield\":0,\"saveState\":1,\"restoreState\":0,\"isEOF\":0,\"docsExamined\":1,\"alreadyHasObj\":0,\"inputStage\":{\"stage\":\"IXSCAN\",\"nReturned\":1,\"executionTimeMillisEstimate\":0,\"works\":1,\"advanced\":1,\"needTime\":0,\"needYield\":0,\"saveState\":1,\"restoreState\":0,\"isEOF\":0,\"keyPattern\":{\"_uuid\":1},\"indexName\":\"uuid\",\"isMultiKey\":false,\"multiKeyPaths\":{\"_uuid\":[]},\"isUnique\":true,\"isSparse\":false,\"isPartial\":false,\"indexVersion\":2,\"direction\":\"forward\",\"indexBounds\":{\"_uuid\":[\"[\\\"a26bc9e7-1f3c-4c85-b8d3-ca7355f4f1f0\\\", \\\"a26bc9e7-1f3c-4c85-b8d3-ca7355f4f1f0\\\"]\"]},\"keysExamined\":1,\"seeks\":1,\"dupsTested\":0,\"dupsDropped\":0}}}}]},\"queryShapeHash\":\"D3CCD2F8A7F62CE7BC2457888D62537961F8D2DAC1F0320AA063DDC209044CDC\",\"command\":{\"find\":\"Person_4_0_0\",\"filter\":{\"$and\":[{\"link.target._uuid\":\"Person/a26bc9e7-1f3c-4c85-b8d3-ca7355f4f1f0\"},{\"meta.tag\":{\"$not\":{\"$elemMatch\":{\"system\":\"https://fhir.icanbwell.com/4_0_0/CodeSystem/server-behavior\",\"code\":\"hidden\"}}}},{\"_uuid\":\"a26bc9e7-1f3c-4c85-b8d3-ca7355f4f1f0\"},{\"meta.security\":{\"$not\":{\"$elemMatch\":{\"system\":\"http://terminology.hl7.org/CodeSystem/v3-Confidentiality\",\"code\":\"R\"}}}}]},\"projection\":{\"_id\":0},\"maxTimeMS\":120000,\"$db\":\"fhir\"},\"serverInfo\":{\"host\":\"Shubham-Go-(2)-MacBook-Air\",\"port\":57419,\"version\":\"8.0.4\",\"gitVersion\":\"bc35ab4305d9920d9d0491c1c9ef9b72383d31f9\"},\"serverParameters\":{\"internalQueryFacetBufferSizeBytes\":104857600,\"internalQueryFacetMaxOutputDocSizeBytes\":104857600,\"internalLookupStageIntermediateDocumentMaxSizeBytes\":104857600,\"internalDocumentSourceGroupMaxMemoryBytes\":104857600,\"internalQueryMaxBlockingSortMemoryUsageBytes\":104857600,\"internalQueryProhibitBlockingMergeOnMongoS\":0,\"internalQueryMaxAddToSetBytes\":104857600,\"internalDocumentSourceSetWindowFieldsMaxMemoryBytes\":104857600,\"internalQueryFrameworkControl\":\"trySbeRestricted\",\"internalQueryPlannerIgnoreIndexWithCollationForRegex\":1},\"ok\":1,\"$clusterTime\":{\"clusterTime\":{\"$timestamp\":\"7483082207985139739\"},\"signature\":{\"hash\":\"AAAAAAAAAAAAAAAAAAAAAAAAAAA=\",\"keyId\":0}},\"operationTime\":{\"$timestamp\":\"7483082207985139739\"}}]"
      },
      {
        "system": "https://www.icanbwell.com/queryExplainSimple",
        "display": "[{\"step\":{\"children\":[{\"children\":[{\"step\":{\"stepNo\":1,\"stage\":\"IXSCAN\",\"friendlyStage\":\"scanning index keys\",\"indexName\":\"uuid\",\"keysExamined\":1,\"nReturned\":1,\"executionTimeMillisEstimate\":0}}],\"step\":{\"stepNo\":1,\"stage\":\"FETCH\",\"friendlyStage\":\"retrieving documents\",\"filter\":{\"meta.security\":{\"$not\":{\"$elemMatch\":{\"$and\":[{\"code\":{\"$eq\":\"R\"}},{\"system\":{\"$eq\":\"http://terminology.hl7.org/CodeSystem/v3-Confidentiality\"}}]}}}},\"docsExamined\":1,\"nReturned\":1,\"executionTimeMillisEstimate\":0}}],\"step\":{\"stepNo\":1,\"stage\":\"PROJECTION_SIMPLE\",\"nReturned\":1,\"executionTimeMillisEstimate\":0}},\"executionStats\":{\"nReturned\":1,\"executionTimeMillis\":0,\"totalKeysExamined\":1,\"totalDocsExamined\":1},\"query\":\"db.Patient_4_0_0.find({'$and':[{'_uuid':'27f4a58a-ebc1-4855-91d1-c6234a7d40bc'},{'_uuid':{'$in':['person.a26bc9e7-1f3c-4c85-b8d3-ca7355f4f1f0','27f4a58a-ebc1-4855-91d1-c6234a7d40bc','e5ec316c-6c24-4e3e-b93a-e352cdb3d1d6']}},{'meta.security':{'$not':{'$elemMatch':{'system':'http://terminology.hl7.org/CodeSystem/v3-Confidentiality','code':'R'}}}}]}, {'_id':0})\"},{\"step\":{\"children\":[{\"children\":[{\"step\":{\"stepNo\":1,\"stage\":\"IXSCAN\",\"friendlyStage\":\"scanning index keys\",\"indexName\":\"linkTarget_uuid_uuid\",\"keysExamined\":1,\"nReturned\":1,\"executionTimeMillisEstimate\":0}}],\"step\":{\"stepNo\":1,\"stage\":\"FETCH\",\"friendlyStage\":\"retrieving documents\",\"filter\":{\"$and\":[{\"meta.security\":{\"$not\":{\"$elemMatch\":{\"$and\":[{\"code\":{\"$eq\":\"R\"}},{\"system\":{\"$eq\":\"http://terminology.hl7.org/CodeSystem/v3-Confidentiality\"}}]}}}},{\"meta.tag\":{\"$not\":{\"$elemMatch\":{\"$and\":[{\"code\":{\"$eq\":\"hidden\"}},{\"system\":{\"$eq\":\"https://fhir.icanbwell.com/4_0_0/CodeSystem/server-behavior\"}}]}}}}]},\"docsExamined\":1,\"nReturned\":1,\"executionTimeMillisEstimate\":0}}],\"step\":{\"stepNo\":1,\"stage\":\"PROJECTION_SIMPLE\",\"nReturned\":1,\"executionTimeMillisEstimate\":0}},\"executionStats\":{\"nReturned\":1,\"executionTimeMillis\":0,\"totalKeysExamined\":1,\"totalDocsExamined\":1},\"query\":\"db.Person_4_0_0.find({'$and':[{'link.target._uuid':'Patient/27f4a58a-ebc1-4855-91d1-c6234a7d40bc'},{'meta.tag':{'$not':{'$elemMatch':{'system':'https://fhir.icanbwell.com/4_0_0/CodeSystem/server-behavior','code':'hidden'}}}},{'_uuid':'a26bc9e7-1f3c-4c85-b8d3-ca7355f4f1f0'},{'meta.security':{'$not':{'$elemMatch':{'system':'http://terminology.hl7.org/CodeSystem/v3-Confidentiality','code':'R'}}}}]}, {'_id':0})\"},{\"step\":{\"children\":[{\"children\":[{\"step\":{\"stepNo\":1,\"stage\":\"IXSCAN\",\"friendlyStage\":\"scanning index keys\",\"indexName\":\"linkTarget_uuid_uuid\",\"keysExamined\":0,\"nReturned\":0,\"executionTimeMillisEstimate\":0}}],\"step\":{\"stepNo\":1,\"stage\":\"FETCH\",\"friendlyStage\":\"retrieving documents\",\"filter\":{\"$and\":[{\"meta.security\":{\"$not\":{\"$elemMatch\":{\"$and\":[{\"code\":{\"$eq\":\"R\"}},{\"system\":{\"$eq\":\"http://terminology.hl7.org/CodeSystem/v3-Confidentiality\"}}]}}}},{\"meta.tag\":{\"$not\":{\"$elemMatch\":{\"$and\":[{\"code\":{\"$eq\":\"hidden\"}},{\"system\":{\"$eq\":\"https://fhir.icanbwell.com/4_0_0/CodeSystem/server-behavior\"}}]}}}}]},\"docsExamined\":0,\"nReturned\":0,\"executionTimeMillisEstimate\":0}}],\"step\":{\"stepNo\":1,\"stage\":\"PROJECTION_SIMPLE\",\"nReturned\":0,\"executionTimeMillisEstimate\":0}},\"executionStats\":{\"nReturned\":0,\"executionTimeMillis\":0,\"totalKeysExamined\":0,\"totalDocsExamined\":0},\"query\":\"db.Person_4_0_0.find({'$and':[{'link.target._uuid':'Person/a26bc9e7-1f3c-4c85-b8d3-ca7355f4f1f0'},{'meta.tag':{'$not':{'$elemMatch':{'system':'https://fhir.icanbwell.com/4_0_0/CodeSystem/server-behavior','code':'hidden'}}}},{'_uuid':'a26bc9e7-1f3c-4c85-b8d3-ca7355f4f1f0'},{'meta.security':{'$not':{'$elemMatch':{'system':'http://terminology.hl7.org/CodeSystem/v3-Confidentiality','code':'R'}}}}]}, {'_id':0})\"}]"
      }
    ]
  },
  "type": "searchset",
  "timestamp": "2025-03-18T09:40:47.4747Z",
  "total": 2,
  "link": [
    {
      "relation": "self",
      "url": "http://127.0.0.1:57458/4_0_0/Patient/$graph?id=27f4a58a-ebc1-4855-91d1-c6234a7d40bc&_debug=true"
    }
  ]
}
