{
    "entry": [
        {
            "id": "d4c639de-f892-5b89-a63c-f64f0f2d69d1",
            "resource": {
                "resourceType": "Patient",
                "id": "d4c639de-f892-5b89-a63c-f64f0f2d69d1",
                "meta": {
                    "versionId": "1",
                    "lastUpdated": "2023-12-21T06:41:16.000Z",
                    "source": "health-service-2",
                    "security": [
                        {
                            "system": "https://www.icanbwell.com/access",
                            "code": "health-service-2"
                        },
                        {
                            "system": "https://www.icanbwell.com/owner",
                            "code": "health-service-2"
                        },
                        {
                            "system": "https://www.icanbwell.com/connectionType",
                            "code": "hipaa"
                        },
                        {
                            "system": "https://www.icanbwell.com/sourceAssigningAuthority",
                            "code": "health-service-2"
                        }
                    ]
                },
                "identifier": [
                    {
                        "id": "sourceId",
                        "system": "https://www.icanbwell.com/sourceId",
                        "value": "d4c639de-f892-5b89-a63c-f64f0f2d69d1"
                    },
                    {
                        "id": "uuid",
                        "system": "https://www.icanbwell.com/uuid",
                        "value": "d4c639de-f892-5b89-a63c-f64f0f2d69d1"
                    }
                ],
                "name": [
                    {
                        "use": "usual",
                        "text": "t",
                        "family": "PATIENT1",
                        "given": [
                            "SHYLA"
                        ]
                    }
                ],
                "gender": "female",
                "birthDate": "2017-01-01"
            }
        },
        {
            "id": "b59f86b9-5307-506a-bb6c-3eb555ace5o7",
            "resource": {
                "resourceType": "Observation",
                "id": "b59f86b9-5307-506a-bb6c-3eb555ace5o7",
                "meta": {
                    "versionId": "1",
                    "lastUpdated": "2023-12-21T06:41:16.000Z",
                    "source": "health-service-2",
                    "security": [
                        {
                            "system": "https://www.icanbwell.com/owner",
                            "code": "health-service-2"
                        },
                        {
                            "system": "https://www.icanbwell.com/access",
                            "code": "health-service-2"
                        },
                        {
                            "system": "https://www.icanbwell.com/vendor",
                            "code": "health-service-2"
                        },
                        {
                            "system": "https://www.icanbwell.com/connectionType",
                            "code": "hipaa"
                        },
                        {
                            "system": "https://www.icanbwell.com/sourceAssigningAuthority",
                            "code": "health-service-2"
                        }
                    ]
                },
                "identifier": [
                    {
                        "id": "sourceId",
                        "system": "https://www.icanbwell.com/sourceId",
                        "value": "b59f86b9-5307-506a-bb6c-3eb555ace5o7"
                    },
                    {
                        "id": "uuid",
                        "system": "https://www.icanbwell.com/uuid",
                        "value": "13f24506-ec63-582f-8b11-cc079751bf20"
                    }
                ],
                "status": "final",
                "code": {
                    "coding": [
                        {
                            "system": "http://www.icanbwell.com/cql/library",
                            "code": "BMI001"
                        },
                        {
                            "system": "http://www.icanbwell.com/cql/libraryVersion",
                            "code": "1.0.0"
                        },
                        {
                            "system": "http://www.icanbwell.com/cql/rule",
                            "code": "InAgeCohort"
                        }
                    ]
                },
                "subject": {
                    "extension": [
                        {
                            "id": "sourceId",
                            "url": "https://www.icanbwell.com/sourceId",
                            "valueString": "Patient/d4c639de-f892-5b89-a63c-f64f0f2d69d1"
                        },
                        {
                            "id": "uuid",
                            "url": "https://www.icanbwell.com/uuid",
                            "valueString": "Patient/d4c639de-f892-5b89-a63c-f64f0f2d69d1"
                        },
                        {
                            "id": "sourceAssigningAuthority",
                            "url": "https://www.icanbwell.com/sourceAssigningAuthority",
                            "valueString": "health-service-2"
                        }
                    ],
                    "reference": "Patient/d4c639de-f892-5b89-a63c-f64f0f2d69d1"
                },
                "effectivePeriod": {
                    "start": "2021-01-01T00:00:00.000Z",
                    "end": "2021-12-31T00:00:00.000Z"
                },
                "issued": "2021-01-01T12:00:00.000Z",
                "valueBoolean": false
            }
        }
    ],
    "resourceType": "Bundle",
    "type": "searchset",
    "timestamp": "2023-12-21T06:41:36.3636Z",
    "total": 2,
    "link": [
        {
            "relation": "self",
            "url": "http://localhost:3000/4_0_0/Patient/d4c639de-f892-5b89-a63c-f64f0f2d69d1/$everything"
        }
    ],
    "meta": {
        "tag": [
            {
                "display": "db.Patient_4_0_0.find({'$and':[{'_uuid':'d4c639de-f892-5b89-a63c-f64f0f2d69d1'},{'meta.security':{'$elemMatch':{'system':'https://www.icanbwell.com/access','code':'health-service-2'}}}]}, {'_id':0})  | db.Account_4_0_0.find({'$and':[{'subject._uuid':'Patient/d4c639de-f892-5b89-a63c-f64f0f2d69d1'},{'meta.tag':{'$not':{'$elemMatch':{'system':'https://fhir.icanbwell.com/4_0_0/CodeSystem/server-behavior','code':'hidden'}}}},{'meta.security':{'$elemMatch':{'system':'https://www.icanbwell.com/access','code':'health-service-2'}}}]}, {}) | db.AdverseEvent_4_0_0.find({'$and':[{'subject._uuid':'Patient/d4c639de-f892-5b89-a63c-f64f0f2d69d1'},{'meta.tag':{'$not':{'$elemMatch':{'system':'https://fhir.icanbwell.com/4_0_0/CodeSystem/server-behavior','code':'hidden'}}}},{'meta.security':{'$elemMatch':{'system':'https://www.icanbwell.com/access','code':'health-service-2'}}}]}, {}) | db.AllergyIntolerance_4_0_0.find({'$and':[{'patient._uuid':'Patient/d4c639de-f892-5b89-a63c-f64f0f2d69d1'},{'meta.tag':{'$not':{'$elemMatch':{'system':'https://fhir.icanbwell.com/4_0_0/CodeSystem/server-behavior','code':'hidden'}}}},{'meta.security':{'$elemMatch':{'system':'https://www.icanbwell.com/access','code':'health-service-2'}}}]}, {}) | db.Appointment_4_0_0.find({'$and':[{'participant.actor._uuid':'Patient/d4c639de-f892-5b89-a63c-f64f0f2d69d1'},{'meta.tag':{'$not':{'$elemMatch':{'system':'https://fhir.icanbwell.com/4_0_0/CodeSystem/server-behavior','code':'hidden'}}}},{'meta.security':{'$elemMatch':{'system':'https://www.icanbwell.com/access','code':'health-service-2'}}}]}, {}) | db.AppointmentResponse_4_0_0.find({'$and':[{'actor._uuid':'Patient/d4c639de-f892-5b89-a63c-f64f0f2d69d1'},{'meta.tag':{'$not':{'$elemMatch':{'system':'https://fhir.icanbwell.com/4_0_0/CodeSystem/server-behavior','code':'hidden'}}}},{'meta.security':{'$elemMatch':{'system':'https://www.icanbwell.com/access','code':'health-service-2'}}}]}, {}) | db.Basic_4_0_0.find({'$and':[{'subject._uuid':'Patient/d4c639de-f892-5b89-a63c-f64f0f2d69d1'},{'meta.tag':{'$not':{'$elemMatch':{'system':'https://fhir.icanbwell.com/4_0_0/CodeSystem/server-behavior','code':'hidden'}}}},{'meta.security':{'$elemMatch':{'system':'https://www.icanbwell.com/access','code':'health-service-2'}}}]}, {}) | db.BodyStructure_4_0_0.find({'$and':[{'patient._uuid':'Patient/d4c639de-f892-5b89-a63c-f64f0f2d69d1'},{'meta.tag':{'$not':{'$elemMatch':{'system':'https://fhir.icanbwell.com/4_0_0/CodeSystem/server-behavior','code':'hidden'}}}},{'meta.security':{'$elemMatch':{'system':'https://www.icanbwell.com/access','code':'health-service-2'}}}]}, {}) | db.CarePlan_4_0_0.find({'$and':[{'subject._uuid':'Patient/d4c639de-f892-5b89-a63c-f64f0f2d69d1'},{'meta.tag':{'$not':{'$elemMatch':{'system':'https://fhir.icanbwell.com/4_0_0/CodeSystem/server-behavior','code':'hidden'}}}},{'meta.security':{'$elemMatch':{'system':'https://www.icanbwell.com/access','code':'health-service-2'}}}]}, {}) | db.CareTeam_4_0_0.find({'$and':[{'subject._uuid':'Patient/d4c639de-f892-5b89-a63c-f64f0f2d69d1'},{'meta.tag':{'$not':{'$elemMatch':{'system':'https://fhir.icanbwell.com/4_0_0/CodeSystem/server-behavior','code':'hidden'}}}},{'meta.security':{'$elemMatch':{'system':'https://www.icanbwell.com/access','code':'health-service-2'}}}]}, {}) | db.ChargeItem_4_0_0.find({'$and':[{'subject._uuid':'Patient/d4c639de-f892-5b89-a63c-f64f0f2d69d1'},{'meta.tag':{'$not':{'$elemMatch':{'system':'https://fhir.icanbwell.com/4_0_0/CodeSystem/server-behavior','code':'hidden'}}}},{'meta.security':{'$elemMatch':{'system':'https://www.icanbwell.com/access','code':'health-service-2'}}}]}, {}) | db.Claim_4_0_0.find({'$and':[{'patient._uuid':'Patient/d4c639de-f892-5b89-a63c-f64f0f2d69d1'},{'meta.tag':{'$not':{'$elemMatch':{'system':'https://fhir.icanbwell.com/4_0_0/CodeSystem/server-behavior','code':'hidden'}}}},{'meta.security':{'$elemMatch':{'system':'https://www.icanbwell.com/access','code':'health-service-2'}}}]}, {}) | db.ClaimResponse_4_0_0.find({'$and':[{'patient._uuid':'Patient/d4c639de-f892-5b89-a63c-f64f0f2d69d1'},{'meta.tag':{'$not':{'$elemMatch':{'system':'https://fhir.icanbwell.com/4_0_0/CodeSystem/server-behavior','code':'hidden'}}}},{'meta.security':{'$elemMatch':{'system':'https://www.icanbwell.com/access','code':'health-service-2'}}}]}, {}) | db.ClinicalImpression_4_0_0.find({'$and':[{'subject._uuid':'Patient/d4c639de-f892-5b89-a63c-f64f0f2d69d1'},{'meta.tag':{'$not':{'$elemMatch':{'system':'https://fhir.icanbwell.com/4_0_0/CodeSystem/server-behavior','code':'hidden'}}}},{'meta.security':{'$elemMatch':{'system':'https://www.icanbwell.com/access','code':'health-service-2'}}}]}, {}) | db.Communication_4_0_0.find({'$and':[{'subject._uuid':'Patient/d4c639de-f892-5b89-a63c-f64f0f2d69d1'},{'meta.tag':{'$not':{'$elemMatch':{'system':'https://fhir.icanbwell.com/4_0_0/CodeSystem/server-behavior','code':'hidden'}}}},{'meta.security':{'$elemMatch':{'system':'https://www.icanbwell.com/access','code':'health-service-2'}}}]}, {}) | db.CommunicationRequest_4_0_0.find({'$and':[{'subject._uuid':'Patient/d4c639de-f892-5b89-a63c-f64f0f2d69d1'},{'meta.tag':{'$not':{'$elemMatch':{'system':'https://fhir.icanbwell.com/4_0_0/CodeSystem/server-behavior','code':'hidden'}}}},{'meta.security':{'$elemMatch':{'system':'https://www.icanbwell.com/access','code':'health-service-2'}}}]}, {}) | db.Composition_4_0_0.find({'$and':[{'subject._uuid':'Patient/d4c639de-f892-5b89-a63c-f64f0f2d69d1'},{'meta.tag':{'$not':{'$elemMatch':{'system':'https://fhir.icanbwell.com/4_0_0/CodeSystem/server-behavior','code':'hidden'}}}},{'meta.security':{'$elemMatch':{'system':'https://www.icanbwell.com/access','code':'health-service-2'}}}]}, {}) | db.Condition_4_0_0.find({'$and':[{'subject._uuid':'Patient/d4c639de-f892-5b89-a63c-f64f0f2d69d1'},{'meta.tag':{'$not':{'$elemMatch':{'system':'https://fhir.icanbwell.com/4_0_0/CodeSystem/server-behavior','code':'hidden'}}}},{'meta.security':{'$elemMatch':{'system':'https://www.icanbwell.com/access','code':'health-service-2'}}}]}, {}) | db.Consent_4_0_0.find({'$and':[{'patient._uuid':'Patient/d4c639de-f892-5b89-a63c-f64f0f2d69d1'},{'meta.tag':{'$not':{'$elemMatch':{'system':'https://fhir.icanbwell.com/4_0_0/CodeSystem/server-behavior','code':'hidden'}}}},{'meta.security':{'$elemMatch':{'system':'https://www.icanbwell.com/access','code':'health-service-2'}}}]}, {}) | db.Contract_4_0_0.find({'$and':[{'subject._uuid':'Patient/d4c639de-f892-5b89-a63c-f64f0f2d69d1'},{'meta.tag':{'$not':{'$elemMatch':{'system':'https://fhir.icanbwell.com/4_0_0/CodeSystem/server-behavior','code':'hidden'}}}},{'meta.security':{'$elemMatch':{'system':'https://www.icanbwell.com/access','code':'health-service-2'}}}]}, {}) | db.Coverage_4_0_0.find({'$and':[{'beneficiary._uuid':'Patient/d4c639de-f892-5b89-a63c-f64f0f2d69d1'},{'meta.tag':{'$not':{'$elemMatch':{'system':'https://fhir.icanbwell.com/4_0_0/CodeSystem/server-behavior','code':'hidden'}}}},{'meta.security':{'$elemMatch':{'system':'https://www.icanbwell.com/access','code':'health-service-2'}}}]}, {}) | db.CoverageEligibilityRequest_4_0_0.find({'$and':[{'patient._uuid':'Patient/d4c639de-f892-5b89-a63c-f64f0f2d69d1'},{'meta.tag':{'$not':{'$elemMatch':{'system':'https://fhir.icanbwell.com/4_0_0/CodeSystem/server-behavior','code':'hidden'}}}},{'meta.security':{'$elemMatch':{'system':'https://www.icanbwell.com/access','code':'health-service-2'}}}]}, {}) | db.CoverageEligibilityResponse_4_0_0.find({'$and':[{'patient._uuid':'Patient/d4c639de-f892-5b89-a63c-f64f0f2d69d1'},{'meta.tag':{'$not':{'$elemMatch':{'system':'https://fhir.icanbwell.com/4_0_0/CodeSystem/server-behavior','code':'hidden'}}}},{'meta.security':{'$elemMatch':{'system':'https://www.icanbwell.com/access','code':'health-service-2'}}}]}, {}) | db.DetectedIssue_4_0_0.find({'$and':[{'patient._uuid':'Patient/d4c639de-f892-5b89-a63c-f64f0f2d69d1'},{'meta.tag':{'$not':{'$elemMatch':{'system':'https://fhir.icanbwell.com/4_0_0/CodeSystem/server-behavior','code':'hidden'}}}},{'meta.security':{'$elemMatch':{'system':'https://www.icanbwell.com/access','code':'health-service-2'}}}]}, {}) | db.Device_4_0_0.find({'$and':[{'patient._uuid':'Patient/d4c639de-f892-5b89-a63c-f64f0f2d69d1'},{'meta.tag':{'$not':{'$elemMatch':{'system':'https://fhir.icanbwell.com/4_0_0/CodeSystem/server-behavior','code':'hidden'}}}},{'meta.security':{'$elemMatch':{'system':'https://www.icanbwell.com/access','code':'health-service-2'}}}]}, {}) | db.DeviceRequest_4_0_0.find({'$and':[{'subject._uuid':'Patient/d4c639de-f892-5b89-a63c-f64f0f2d69d1'},{'meta.tag':{'$not':{'$elemMatch':{'system':'https://fhir.icanbwell.com/4_0_0/CodeSystem/server-behavior','code':'hidden'}}}},{'meta.security':{'$elemMatch':{'system':'https://www.icanbwell.com/access','code':'health-service-2'}}}]}, {}) | db.DeviceUseStatement_4_0_0.find({'$and':[{'subject._uuid':'Patient/d4c639de-f892-5b89-a63c-f64f0f2d69d1'},{'meta.tag':{'$not':{'$elemMatch':{'system':'https://fhir.icanbwell.com/4_0_0/CodeSystem/server-behavior','code':'hidden'}}}},{'meta.security':{'$elemMatch':{'system':'https://www.icanbwell.com/access','code':'health-service-2'}}}]}, {}) | db.DiagnosticReport_4_0_0.find({'$and':[{'subject._uuid':'Patient/d4c639de-f892-5b89-a63c-f64f0f2d69d1'},{'meta.tag':{'$not':{'$elemMatch':{'system':'https://fhir.icanbwell.com/4_0_0/CodeSystem/server-behavior','code':'hidden'}}}},{'meta.security':{'$elemMatch':{'system':'https://www.icanbwell.com/access','code':'health-service-2'}}}]}, {}) | db.DocumentManifest_4_0_0.find({'$and':[{'subject._uuid':'Patient/d4c639de-f892-5b89-a63c-f64f0f2d69d1'},{'meta.tag':{'$not':{'$elemMatch':{'system':'https://fhir.icanbwell.com/4_0_0/CodeSystem/server-behavior','code':'hidden'}}}},{'meta.security':{'$elemMatch':{'system':'https://www.icanbwell.com/access','code':'health-service-2'}}}]}, {}) | db.DocumentReference_4_0_0.find({'$and':[{'subject._uuid':'Patient/d4c639de-f892-5b89-a63c-f64f0f2d69d1'},{'meta.tag':{'$not':{'$elemMatch':{'system':'https://fhir.icanbwell.com/4_0_0/CodeSystem/server-behavior','code':'hidden'}}}},{'meta.security':{'$elemMatch':{'system':'https://www.icanbwell.com/access','code':'health-service-2'}}}]}, {}) | db.Encounter_4_0_0.find({'$and':[{'subject._uuid':'Patient/d4c639de-f892-5b89-a63c-f64f0f2d69d1'},{'meta.tag':{'$not':{'$elemMatch':{'system':'https://fhir.icanbwell.com/4_0_0/CodeSystem/server-behavior','code':'hidden'}}}},{'meta.security':{'$elemMatch':{'system':'https://www.icanbwell.com/access','code':'health-service-2'}}}]}, {}) | db.EnrollmentRequest_4_0_0.find({'$and':[{'candidate._uuid':'Patient/d4c639de-f892-5b89-a63c-f64f0f2d69d1'},{'meta.tag':{'$not':{'$elemMatch':{'system':'https://fhir.icanbwell.com/4_0_0/CodeSystem/server-behavior','code':'hidden'}}}},{'meta.security':{'$elemMatch':{'system':'https://www.icanbwell.com/access','code':'health-service-2'}}}]}, {}) | db.EpisodeOfCare_4_0_0.find({'$and':[{'patient._uuid':'Patient/d4c639de-f892-5b89-a63c-f64f0f2d69d1'},{'meta.tag':{'$not':{'$elemMatch':{'system':'https://fhir.icanbwell.com/4_0_0/CodeSystem/server-behavior','code':'hidden'}}}},{'meta.security':{'$elemMatch':{'system':'https://www.icanbwell.com/access','code':'health-service-2'}}}]}, {}) | db.ExplanationOfBenefit_4_0_0.find({'$and':[{'patient._uuid':'Patient/d4c639de-f892-5b89-a63c-f64f0f2d69d1'},{'meta.tag':{'$not':{'$elemMatch':{'system':'https://fhir.icanbwell.com/4_0_0/CodeSystem/server-behavior','code':'hidden'}}}},{'meta.security':{'$elemMatch':{'system':'https://www.icanbwell.com/access','code':'health-service-2'}}}]}, {}) | db.FamilyMemberHistory_4_0_0.find({'$and':[{'patient._uuid':'Patient/d4c639de-f892-5b89-a63c-f64f0f2d69d1'},{'meta.tag':{'$not':{'$elemMatch':{'system':'https://fhir.icanbwell.com/4_0_0/CodeSystem/server-behavior','code':'hidden'}}}},{'meta.security':{'$elemMatch':{'system':'https://www.icanbwell.com/access','code':'health-service-2'}}}]}, {}) | db.Flag_4_0_0.find({'$and':[{'subject._uuid':'Patient/d4c639de-f892-5b89-a63c-f64f0f2d69d1'},{'meta.tag':{'$not':{'$elemMatch':{'system':'https://fhir.icanbwell.com/4_0_0/CodeSystem/server-behavior','code':'hidden'}}}},{'meta.security':{'$elemMatch':{'system':'https://www.icanbwell.com/access','code':'health-service-2'}}}]}, {}) | db.Goal_4_0_0.find({'$and':[{'subject._uuid':'Patient/d4c639de-f892-5b89-a63c-f64f0f2d69d1'},{'meta.tag':{'$not':{'$elemMatch':{'system':'https://fhir.icanbwell.com/4_0_0/CodeSystem/server-behavior','code':'hidden'}}}},{'meta.security':{'$elemMatch':{'system':'https://www.icanbwell.com/access','code':'health-service-2'}}}]}, {}) | db.Group_4_0_0.find({'$and':[{'member.entity._uuid':'Patient/d4c639de-f892-5b89-a63c-f64f0f2d69d1'},{'meta.tag':{'$not':{'$elemMatch':{'system':'https://fhir.icanbwell.com/4_0_0/CodeSystem/server-behavior','code':'hidden'}}}},{'meta.security':{'$elemMatch':{'system':'https://www.icanbwell.com/access','code':'health-service-2'}}}]}, {}) | db.GuidanceResponse_4_0_0.find({'$and':[{'subject._uuid':'Patient/d4c639de-f892-5b89-a63c-f64f0f2d69d1'},{'meta.tag':{'$not':{'$elemMatch':{'system':'https://fhir.icanbwell.com/4_0_0/CodeSystem/server-behavior','code':'hidden'}}}},{'meta.security':{'$elemMatch':{'system':'https://www.icanbwell.com/access','code':'health-service-2'}}}]}, {}) | db.ImagingStudy_4_0_0.find({'$and':[{'subject._uuid':'Patient/d4c639de-f892-5b89-a63c-f64f0f2d69d1'},{'meta.tag':{'$not':{'$elemMatch':{'system':'https://fhir.icanbwell.com/4_0_0/CodeSystem/server-behavior','code':'hidden'}}}},{'meta.security':{'$elemMatch':{'system':'https://www.icanbwell.com/access','code':'health-service-2'}}}]}, {}) | db.Immunization_4_0_0.find({'$and':[{'patient._uuid':'Patient/d4c639de-f892-5b89-a63c-f64f0f2d69d1'},{'meta.tag':{'$not':{'$elemMatch':{'system':'https://fhir.icanbwell.com/4_0_0/CodeSystem/server-behavior','code':'hidden'}}}},{'meta.security':{'$elemMatch':{'system':'https://www.icanbwell.com/access','code':'health-service-2'}}}]}, {}) | db.ImmunizationEvaluation_4_0_0.find({'$and':[{'patient._uuid':'Patient/d4c639de-f892-5b89-a63c-f64f0f2d69d1'},{'meta.tag':{'$not':{'$elemMatch':{'system':'https://fhir.icanbwell.com/4_0_0/CodeSystem/server-behavior','code':'hidden'}}}},{'meta.security':{'$elemMatch':{'system':'https://www.icanbwell.com/access','code':'health-service-2'}}}]}, {}) | db.ImmunizationRecommendation_4_0_0.find({'$and':[{'patient._uuid':'Patient/d4c639de-f892-5b89-a63c-f64f0f2d69d1'},{'meta.tag':{'$not':{'$elemMatch':{'system':'https://fhir.icanbwell.com/4_0_0/CodeSystem/server-behavior','code':'hidden'}}}},{'meta.security':{'$elemMatch':{'system':'https://www.icanbwell.com/access','code':'health-service-2'}}}]}, {}) | db.Invoice_4_0_0.find({'$and':[{'subject._uuid':'Patient/d4c639de-f892-5b89-a63c-f64f0f2d69d1'},{'meta.tag':{'$not':{'$elemMatch':{'system':'https://fhir.icanbwell.com/4_0_0/CodeSystem/server-behavior','code':'hidden'}}}},{'meta.security':{'$elemMatch':{'system':'https://www.icanbwell.com/access','code':'health-service-2'}}}]}, {}) | db.List_4_0_0.find({'$and':[{'subject._uuid':'Patient/d4c639de-f892-5b89-a63c-f64f0f2d69d1'},{'meta.tag':{'$not':{'$elemMatch':{'system':'https://fhir.icanbwell.com/4_0_0/CodeSystem/server-behavior','code':'hidden'}}}},{'meta.security':{'$elemMatch':{'system':'https://www.icanbwell.com/access','code':'health-service-2'}}}]}, {}) | db.MeasureReport_4_0_0.find({'$and':[{'subject._uuid':'Patient/d4c639de-f892-5b89-a63c-f64f0f2d69d1'},{'meta.tag':{'$not':{'$elemMatch':{'system':'https://fhir.icanbwell.com/4_0_0/CodeSystem/server-behavior','code':'hidden'}}}},{'meta.security':{'$elemMatch':{'system':'https://www.icanbwell.com/access','code':'health-service-2'}}}]}, {}) | db.Media_4_0_0.find({'$and':[{'subject._uuid':'Patient/d4c639de-f892-5b89-a63c-f64f0f2d69d1'},{'meta.tag':{'$not':{'$elemMatch':{'system':'https://fhir.icanbwell.com/4_0_0/CodeSystem/server-behavior','code':'hidden'}}}},{'meta.security':{'$elemMatch':{'system':'https://www.icanbwell.com/access','code':'health-service-2'}}}]}, {}) | db.MedicationAdministration_4_0_0.find({'$and':[{'subject._uuid':'Patient/d4c639de-f892-5b89-a63c-f64f0f2d69d1'},{'meta.tag':{'$not':{'$elemMatch':{'system':'https://fhir.icanbwell.com/4_0_0/CodeSystem/server-behavior','code':'hidden'}}}},{'meta.security':{'$elemMatch':{'system':'https://www.icanbwell.com/access','code':'health-service-2'}}}]}, {}) | db.MedicationDispense_4_0_0.find({'$and':[{'subject._uuid':'Patient/d4c639de-f892-5b89-a63c-f64f0f2d69d1'},{'meta.tag':{'$not':{'$elemMatch':{'system':'https://fhir.icanbwell.com/4_0_0/CodeSystem/server-behavior','code':'hidden'}}}},{'meta.security':{'$elemMatch':{'system':'https://www.icanbwell.com/access','code':'health-service-2'}}}]}, {}) | db.MedicationRequest_4_0_0.find({'$and':[{'subject._uuid':'Patient/d4c639de-f892-5b89-a63c-f64f0f2d69d1'},{'meta.tag':{'$not':{'$elemMatch':{'system':'https://fhir.icanbwell.com/4_0_0/CodeSystem/server-behavior','code':'hidden'}}}},{'meta.security':{'$elemMatch':{'system':'https://www.icanbwell.com/access','code':'health-service-2'}}}]}, {}) | db.MedicationStatement_4_0_0.find({'$and':[{'subject._uuid':'Patient/d4c639de-f892-5b89-a63c-f64f0f2d69d1'},{'meta.tag':{'$not':{'$elemMatch':{'system':'https://fhir.icanbwell.com/4_0_0/CodeSystem/server-behavior','code':'hidden'}}}},{'meta.security':{'$elemMatch':{'system':'https://www.icanbwell.com/access','code':'health-service-2'}}}]}, {}) | db.MolecularSequence_4_0_0.find({'$and':[{'patient._uuid':'Patient/d4c639de-f892-5b89-a63c-f64f0f2d69d1'},{'meta.tag':{'$not':{'$elemMatch':{'system':'https://fhir.icanbwell.com/4_0_0/CodeSystem/server-behavior','code':'hidden'}}}},{'meta.security':{'$elemMatch':{'system':'https://www.icanbwell.com/access','code':'health-service-2'}}}]}, {}) | db.NutritionOrder_4_0_0.find({'$and':[{'patient._uuid':'Patient/d4c639de-f892-5b89-a63c-f64f0f2d69d1'},{'meta.tag':{'$not':{'$elemMatch':{'system':'https://fhir.icanbwell.com/4_0_0/CodeSystem/server-behavior','code':'hidden'}}}},{'meta.security':{'$elemMatch':{'system':'https://www.icanbwell.com/access','code':'health-service-2'}}}]}, {}) | db.Observation_4_0_0.find({'$and':[{'subject._uuid':'Patient/d4c639de-f892-5b89-a63c-f64f0f2d69d1'},{'meta.tag':{'$not':{'$elemMatch':{'system':'https://fhir.icanbwell.com/4_0_0/CodeSystem/server-behavior','code':'hidden'}}}},{'meta.security':{'$elemMatch':{'system':'https://www.icanbwell.com/access','code':'health-service-2'}}}]}, {}) | db.Patient_4_0_0.find({'$and':[{'link.other._uuid':'Patient/d4c639de-f892-5b89-a63c-f64f0f2d69d1'},{'meta.tag':{'$not':{'$elemMatch':{'system':'https://fhir.icanbwell.com/4_0_0/CodeSystem/server-behavior','code':'hidden'}}}},{'meta.security':{'$elemMatch':{'system':'https://www.icanbwell.com/access','code':'health-service-2'}}}]}, {}) | db.Person_4_0_0.find({'$and':[{'link.target._uuid':'Patient/d4c639de-f892-5b89-a63c-f64f0f2d69d1'},{'meta.tag':{'$not':{'$elemMatch':{'system':'https://fhir.icanbwell.com/4_0_0/CodeSystem/server-behavior','code':'hidden'}}}},{'meta.security':{'$elemMatch':{'system':'https://www.icanbwell.com/access','code':'health-service-2'}}}]}, {}) | db.Procedure_4_0_0.find({'$and':[{'subject._uuid':'Patient/d4c639de-f892-5b89-a63c-f64f0f2d69d1'},{'meta.tag':{'$not':{'$elemMatch':{'system':'https://fhir.icanbwell.com/4_0_0/CodeSystem/server-behavior','code':'hidden'}}}},{'meta.security':{'$elemMatch':{'system':'https://www.icanbwell.com/access','code':'health-service-2'}}}]}, {}) | db.Provenance_4_0_0.find({'$and':[{'target._uuid':'Patient/d4c639de-f892-5b89-a63c-f64f0f2d69d1'},{'meta.tag':{'$not':{'$elemMatch':{'system':'https://fhir.icanbwell.com/4_0_0/CodeSystem/server-behavior','code':'hidden'}}}},{'meta.security':{'$elemMatch':{'system':'https://www.icanbwell.com/access','code':'health-service-2'}}}]}, {}) | db.QuestionnaireResponse_4_0_0.find({'$and':[{'subject._uuid':'Patient/d4c639de-f892-5b89-a63c-f64f0f2d69d1'},{'meta.tag':{'$not':{'$elemMatch':{'system':'https://fhir.icanbwell.com/4_0_0/CodeSystem/server-behavior','code':'hidden'}}}},{'meta.security':{'$elemMatch':{'system':'https://www.icanbwell.com/access','code':'health-service-2'}}}]}, {}) | db.RelatedPerson_4_0_0.find({'$and':[{'patient._uuid':'Patient/d4c639de-f892-5b89-a63c-f64f0f2d69d1'},{'meta.tag':{'$not':{'$elemMatch':{'system':'https://fhir.icanbwell.com/4_0_0/CodeSystem/server-behavior','code':'hidden'}}}},{'meta.security':{'$elemMatch':{'system':'https://www.icanbwell.com/access','code':'health-service-2'}}}]}, {}) | db.RequestGroup_4_0_0.find({'$and':[{'subject._uuid':'Patient/d4c639de-f892-5b89-a63c-f64f0f2d69d1'},{'meta.tag':{'$not':{'$elemMatch':{'system':'https://fhir.icanbwell.com/4_0_0/CodeSystem/server-behavior','code':'hidden'}}}},{'meta.security':{'$elemMatch':{'system':'https://www.icanbwell.com/access','code':'health-service-2'}}}]}, {}) | db.ResearchSubject_4_0_0.find({'$and':[{'individual._uuid':'Patient/d4c639de-f892-5b89-a63c-f64f0f2d69d1'},{'meta.tag':{'$not':{'$elemMatch':{'system':'https://fhir.icanbwell.com/4_0_0/CodeSystem/server-behavior','code':'hidden'}}}},{'meta.security':{'$elemMatch':{'system':'https://www.icanbwell.com/access','code':'health-service-2'}}}]}, {}) | db.RiskAssessment_4_0_0.find({'$and':[{'subject._uuid':'Patient/d4c639de-f892-5b89-a63c-f64f0f2d69d1'},{'meta.tag':{'$not':{'$elemMatch':{'system':'https://fhir.icanbwell.com/4_0_0/CodeSystem/server-behavior','code':'hidden'}}}},{'meta.security':{'$elemMatch':{'system':'https://www.icanbwell.com/access','code':'health-service-2'}}}]}, {}) | db.Schedule_4_0_0.find({'$and':[{'actor._uuid':'Patient/d4c639de-f892-5b89-a63c-f64f0f2d69d1'},{'meta.tag':{'$not':{'$elemMatch':{'system':'https://fhir.icanbwell.com/4_0_0/CodeSystem/server-behavior','code':'hidden'}}}},{'meta.security':{'$elemMatch':{'system':'https://www.icanbwell.com/access','code':'health-service-2'}}}]}, {}) | db.ServiceRequest_4_0_0.find({'$and':[{'subject._uuid':'Patient/d4c639de-f892-5b89-a63c-f64f0f2d69d1'},{'meta.tag':{'$not':{'$elemMatch':{'system':'https://fhir.icanbwell.com/4_0_0/CodeSystem/server-behavior','code':'hidden'}}}},{'meta.security':{'$elemMatch':{'system':'https://www.icanbwell.com/access','code':'health-service-2'}}}]}, {}) | db.Specimen_4_0_0.find({'$and':[{'subject._uuid':'Patient/d4c639de-f892-5b89-a63c-f64f0f2d69d1'},{'meta.tag':{'$not':{'$elemMatch':{'system':'https://fhir.icanbwell.com/4_0_0/CodeSystem/server-behavior','code':'hidden'}}}},{'meta.security':{'$elemMatch':{'system':'https://www.icanbwell.com/access','code':'health-service-2'}}}]}, {}) | db.Subscription_4_0_0.find({'$and':[{'extension':{'$elemMatch':{'url':'https://icanbwell.com/codes/source_patient_id','valueString':'d4c639de-f892-5b89-a63c-f64f0f2d69d1'}}},{'meta.tag':{'$not':{'$elemMatch':{'system':'https://fhir.icanbwell.com/4_0_0/CodeSystem/server-behavior','code':'hidden'}}}},{'meta.security':{'$elemMatch':{'system':'https://www.icanbwell.com/access','code':'health-service-2'}}}]}, {}) | db.SubscriptionStatus_4_0_0.find({'$and':[{'extension':{'$elemMatch':{'url':'https://icanbwell.com/codes/source_patient_id','valueString':'d4c639de-f892-5b89-a63c-f64f0f2d69d1'}}},{'meta.tag':{'$not':{'$elemMatch':{'system':'https://fhir.icanbwell.com/4_0_0/CodeSystem/server-behavior','code':'hidden'}}}},{'meta.security':{'$elemMatch':{'system':'https://www.icanbwell.com/access','code':'health-service-2'}}}]}, {}) | db.SubscriptionTopic_4_0_0.find({'$and':[{'extension':{'$elemMatch':{'url':'https://icanbwell.com/codes/source_patient_id','valueString':'d4c639de-f892-5b89-a63c-f64f0f2d69d1'}}},{'meta.tag':{'$not':{'$elemMatch':{'system':'https://fhir.icanbwell.com/4_0_0/CodeSystem/server-behavior','code':'hidden'}}}},{'meta.security':{'$elemMatch':{'system':'https://www.icanbwell.com/access','code':'health-service-2'}}}]}, {}) | db.SupplyDelivery_4_0_0.find({'$and':[{'patient._uuid':'Patient/d4c639de-f892-5b89-a63c-f64f0f2d69d1'},{'meta.tag':{'$not':{'$elemMatch':{'system':'https://fhir.icanbwell.com/4_0_0/CodeSystem/server-behavior','code':'hidden'}}}},{'meta.security':{'$elemMatch':{'system':'https://www.icanbwell.com/access','code':'health-service-2'}}}]}, {}) | db.SupplyRequest_4_0_0.find({'$and':[{'requester._uuid':'Patient/d4c639de-f892-5b89-a63c-f64f0f2d69d1'},{'meta.tag':{'$not':{'$elemMatch':{'system':'https://fhir.icanbwell.com/4_0_0/CodeSystem/server-behavior','code':'hidden'}}}},{'meta.security':{'$elemMatch':{'system':'https://www.icanbwell.com/access','code':'health-service-2'}}}]}, {}) | db.Task_4_0_0.find({'$and':[{'for._uuid':'Patient/d4c639de-f892-5b89-a63c-f64f0f2d69d1'},{'meta.tag':{'$not':{'$elemMatch':{'system':'https://fhir.icanbwell.com/4_0_0/CodeSystem/server-behavior','code':'hidden'}}}},{'meta.security':{'$elemMatch':{'system':'https://www.icanbwell.com/access','code':'health-service-2'}}}]}, {}) | db.VisionPrescription_4_0_0.find({'$and':[{'patient._uuid':'Patient/d4c639de-f892-5b89-a63c-f64f0f2d69d1'},{'meta.tag':{'$not':{'$elemMatch':{'system':'https://fhir.icanbwell.com/4_0_0/CodeSystem/server-behavior','code':'hidden'}}}},{'meta.security':{'$elemMatch':{'system':'https://www.icanbwell.com/access','code':'health-service-2'}}}]}, {})",
                "system": "https://www.icanbwell.com/query"
            },
            {
                "code": "Patient_4_0_0|Account_4_0_0|AdverseEvent_4_0_0|AllergyIntolerance_4_0_0|Appointment_4_0_0|AppointmentResponse_4_0_0|Basic_4_0_0|BodyStructure_4_0_0|CarePlan_4_0_0|CareTeam_4_0_0|ChargeItem_4_0_0|Claim_4_0_0|ClaimResponse_4_0_0|ClinicalImpression_4_0_0|Communication_4_0_0|CommunicationRequest_4_0_0|Composition_4_0_0|Condition_4_0_0|Consent_4_0_0|Contract_4_0_0|Coverage_4_0_0|CoverageEligibilityRequest_4_0_0|CoverageEligibilityResponse_4_0_0|DetectedIssue_4_0_0|Device_4_0_0|DeviceRequest_4_0_0|DeviceUseStatement_4_0_0|DiagnosticReport_4_0_0|DocumentManifest_4_0_0|DocumentReference_4_0_0|Encounter_4_0_0|EnrollmentRequest_4_0_0|EpisodeOfCare_4_0_0|ExplanationOfBenefit_4_0_0|FamilyMemberHistory_4_0_0|Flag_4_0_0|Goal_4_0_0|Group_4_0_0|GuidanceResponse_4_0_0|ImagingStudy_4_0_0|Immunization_4_0_0|ImmunizationEvaluation_4_0_0|ImmunizationRecommendation_4_0_0|Invoice_4_0_0|List_4_0_0|MeasureReport_4_0_0|Media_4_0_0|MedicationAdministration_4_0_0|MedicationDispense_4_0_0|MedicationRequest_4_0_0|MedicationStatement_4_0_0|MolecularSequence_4_0_0|NutritionOrder_4_0_0|Observation_4_0_0|Patient_4_0_0|Person_4_0_0|Procedure_4_0_0|Provenance_4_0_0|QuestionnaireResponse_4_0_0|RelatedPerson_4_0_0|RequestGroup_4_0_0|ResearchSubject_4_0_0|RiskAssessment_4_0_0|Schedule_4_0_0|ServiceRequest_4_0_0|Specimen_4_0_0|Subscription_4_0_0|SubscriptionStatus_4_0_0|SubscriptionTopic_4_0_0|SupplyDelivery_4_0_0|SupplyRequest_4_0_0|Task_4_0_0|VisionPrescription_4_0_0",
                "system": "https://www.icanbwell.com/queryCollection"
            },
            {
                "display": "[{'projection':{'_id':0}}]",
                "system": "https://www.icanbwell.com/queryOptions"
            },
            {
                "display": "[]",
                "system": "https://www.icanbwell.com/queryFields"
            },
            {
                "system": "https://www.icanbwell.com/queryTime"
            },
            {
                "display": "{'useTwoStepSearchOptimization':undefined}",
                "system": "https://www.icanbwell.com/queryOptimization"
            },
            {
                "system": "https://www.icanbwell.com/queryExplain"
            },
            {
                "system": "https://www.icanbwell.com/queryExplainSimple"
            }
        ]
    }
}
