<!DOCTYPE html><html lang="en"><head><meta charset="utf-8"><title>Delete Patient Data Graph</title></head><body><h1>Delete Patient Data Graph</h1><div>Started delete of patient1.  This may take a few seconds.  </div><div>DELETE Patient/patient1</div><div>DELETE Observation/observation1</div><div>DELETE Person/person1</div><div>PATCH Person/topLevelPerson</div></body></html>
