{
  "entry": [
    {
      "resource": {
        "resourceType": "OperationOutcome",
        "issue": [
          {
            "severity": "error",
            "code": "internal",
            "details": {
              "text": "Unexpected: Error occurred while streaming response for chunk: b59f86b9-5307-506a-bb6c-3eb555ace521"
            }
          }
        ]
      }
    },
    {
      "resource": {
        "resourceType": "Observation",
        "id": "b59f86b9-5307-506a-bb6c-3eb555ace522",
        "meta": {
          "versionId": "1",
          "lastUpdated": "2023-10-03T12:55:19.000Z",
          "source": "/patients",
          "security": [
            {
              "system": "https://www.icanbwell.com/owner",
              "code": "client"
            },
            {
              "system": "https://www.icanbwell.com/access",
              "code": "client"
            },
            {
              "system": "https://www.icanbwell.com/vendor",
              "code": "client"
            },
            {
              "system": "https://www.icanbwell.com/sourceAssigningAuthority",
              "code": "client"
            }
          ]
        },
        "identifier": [
          {
            "id": "sourceId",
            "system": "https://www.icanbwell.com/sourceId",
            "value": "b59f86b9-5307-506a-bb6c-3eb555ace522"
          },
          {
            "id": "uuid",
            "system": "https://www.icanbwell.com/uuid",
            "value": "b59f86b9-5307-506a-bb6c-3eb555ace522"
          }
        ],
        "status": "final",
        "code": {
          "coding": [
            {
              "system": "http://www.icanbwell.com/cql/library",
              "code": "BMI001"
            },
            {
              "system": "http://www.icanbwell.com/cql/libraryVersion",
              "code": "1.0.0"
            },
            {
              "system": "http://www.icanbwell.com/cql/rule",
              "code": "InAgeCohort"
            }
          ]
        },
        "subject": {
          "extension": [
            {
              "id": "sourceId",
              "url": "https://www.icanbwell.com/sourceId",
              "valueString": "Patient/client-2"
            },
            {
              "id": "uuid",
              "url": "https://www.icanbwell.com/uuid",
              "valueString": "Patient/eb6ab41e-b40f-5ede-adf7-c96a40fafbe5"
            },
            {
              "id": "sourceAssigningAuthority",
              "url": "https://www.icanbwell.com/sourceAssigningAuthority",
              "valueString": "client"
            }
          ],
          "reference": "Patient/person.54808e62-6445-4bb6-8f89-b2ed7e6865d2"
        },
        "effectivePeriod": {
          "start": "2021-01-01T00:00:00.000Z",
          "end": "2021-12-31T00:00:00.000Z"
        },
        "issued": "2021-01-01T12:00:00Z",
        "valueBoolean": false
      }
    }
  ],
  "resourceType": "Bundle",
  "type": "searchset",
  "total": 0
}
