{
  "entry": [
    {
      "resource": {
        "birthDate": "2017-01-01",
        "gender": "female",
        "id": "client-1",
        "identifier": [
          {
            "id": "sourceId",
            "system": "https://www.icanbwell.com/sourceId",
            "value": "client-1"
          },
          {
            "id": "uuid",
            "system": "https://www.icanbwell.com/uuid",
            "value": "312c79e6-6aaf-51ca-bd06-327d52d4936d"
          }
        ],
        "meta": {
          "security": [
            {
              "code": "client",
              "system": "https://www.icanbwell.com/access"
            },
            {
              "code": "client",
              "system": "https://www.icanbwell.com/owner"
            },
            {
              "code": "client",
              "system": "https://www.icanbwell.com/sourceAssigningAuthority"
            }
          ],
          "source": "http://healthsystem1health.org/provider",
          "versionId": "1"
        },
        "name": [
          {
            "family": "PATIENT1",
            "given": ["SHYLA"],
            "text": "t",
            "use": "usual"
          }
        ],
        "resourceType": "Patient"
      }
    },
    {
      "resource": {
        "birthDate": "2017-01-01",
        "gender": "female",
        "id": "client-2",
        "identifier": [
          {
            "id": "sourceId",
            "system": "https://www.icanbwell.com/sourceId",
            "value": "client-2"
          },
          {
            "id": "uuid",
            "system": "https://www.icanbwell.com/uuid",
            "value": "eb6ab41e-b40f-5ede-adf7-c96a40fafbe5"
          }
        ],
        "meta": {
          "security": [
            {
              "code": "client",
              "system": "https://www.icanbwell.com/access"
            },
            {
              "code": "client",
              "system": "https://www.icanbwell.com/owner"
            },
            {
              "code": "client",
              "system": "https://www.icanbwell.com/sourceAssigningAuthority"
            }
          ],
          "source": "http://healthsystem1health.org/provider",
          "versionId": "1"
        },
        "name": [
          {
            "family": "PATIENT1",
            "given": ["SHYLA"],
            "text": "t",
            "use": "usual"
          }
        ],
        "resourceType": "Patient"
      }
    },
    {
      "resource": {
        "birthDate": "2017-01-01",
        "gender": "female",
        "id": "client-3",
        "identifier": [
          {
            "id": "sourceId",
            "system": "https://www.icanbwell.com/sourceId",
            "value": "client-3"
          },
          {
            "id": "uuid",
            "system": "https://www.icanbwell.com/uuid",
            "value": "7f663ca0-26c7-524a-ae0c-200bf60daf11"
          }
        ],
        "meta": {
          "security": [
            {
              "code": "client",
              "system": "https://www.icanbwell.com/access"
            },
            {
              "code": "client",
              "system": "https://www.icanbwell.com/owner"
            },
            {
              "code": "client",
              "system": "https://www.icanbwell.com/sourceAssigningAuthority"
            }
          ],
          "source": "http://healthsystem1health.org/provider",
          "versionId": "1"
        },
        "name": [
          {
            "family": "PATIENT1",
            "given": ["SHYLA"],
            "text": "t",
            "use": "usual"
          }
        ],
        "resourceType": "Patient"
      }
    },
    {
      "resource": {
        "birthDate": "2017-01-01",
        "gender": "female",
        "id": "client-4",
        "identifier": [
          {
            "id": "sourceId",
            "system": "https://www.icanbwell.com/sourceId",
            "value": "client-4"
          },
          {
            "id": "uuid",
            "system": "https://www.icanbwell.com/uuid",
            "value": "e94bb079-6a9a-5785-9728-54a945018f84"
          }
        ],
        "meta": {
          "security": [
            {
              "code": "client",
              "system": "https://www.icanbwell.com/access"
            },
            {
              "code": "client",
              "system": "https://www.icanbwell.com/owner"
            },
            {
              "code": "client",
              "system": "https://www.icanbwell.com/sourceAssigningAuthority"
            }
          ],
          "source": "http://healthsystem1health.org/provider",
          "versionId": "1"
        },
        "name": [
          {
            "family": "PATIENT1",
            "given": ["SHYLA"],
            "text": "t",
            "use": "usual"
          }
        ],
        "resourceType": "Patient"
      }
    }
  ],
  "resourceType": "Bundle",
  "total": 0,
  "type": "searchset"
}
