{
  "entry": [
    {
      "resource": {
        "id": "2",
        "meta": {
          "security": [
            {
              "code": "client",
              "system": "https://www.icanbwell.com/owner"
            }
          ],
          "source": "test"
        },
        "resourceType": "Person"
      }
    }
  ],
  "meta": {
    "tag": [
      {
        "display": "db.Person_4_0_0.find({'$and':[{'meta.lastUpdated':{'$not':{'$gte':ISODate('2024-01-01T00:00:00.000Z'),'$lte':ISODate('2024-01-01T23:59:59.999Z')}}},{'meta.tag':{'$not':{'$elemMatch':{'system':'https://fhir.icanbwell.com/4_0_0/CodeSystem/server-behavior','code':'hidden'}}}}]}, {}).sort({'_uuid':1}).limit(100)",
        "system": "https://www.icanbwell.com/query"
      },
      {
        "code": "Person_4_0_0",
        "system": "https://www.icanbwell.com/queryCollection"
      },
      {
        "display": "{'limit':100,'sort':{'_uuid':1}}",
        "system": "https://www.icanbwell.com/queryOptions"
      },
      {
        "display": "['meta.lastUpdated','meta.tag.system','meta.tag.code','_uuid']",
        "system": "https://www.icanbwell.com/queryFields"
      },
      {
        "system": "https://www.icanbwell.com/queryTime"
      },
      {
        "display": "{'useTwoStepSearchOptimization':undefined}",
        "system": "https://www.icanbwell.com/queryOptimization"
      },
      {
        "code": "fhir",
        "system": "https://www.icanbwell.com/queryDatabase"
      },
      {
        "system": "https://www.icanbwell.com/queryExplain"
      },
      {
        "system": "https://www.icanbwell.com/queryExplainSimple"
      }
    ]
  },
  "resourceType": "Bundle",
  "total": 0,
  "type": "searchset"
}
