{
  "_access": {
    "bwell": 1
  },
  "_id": "645cee8b4fc0f390f450ec87",
  "_sourceAssigningAuthority": "bwell",
  "_sourceId": "aba5bcf41cf64435839cf0568c121843",
  "_uuid": "849cb4f0-033b-5d6e-a614-9bbbbb3ba11e",
  "address": [
    {
      "city": "Austin",
      "line": ["801 W 5th St"],
      "postalCode": "78703",
      "state": "TX"
    }
  ],
  "birthDate": "1991-09-10",
  "gender": "male",
  "id": "aba5bcf41cf64435839cf0568c121843",
  "identifier": [
    {
      "system": "https://www.icanbwell.com",
      "type": {
        "coding": [
          {
            "code": "FHIR_id",
            "display": "bWell FHIR id",
            "system": "https://www.icanbwell.com"
          }
        ]
      },
      "value": "bwell-aba5bcf41cf64435839cf0568c121843"
    },
    {
      "id": "sourceId",
      "system": "https://www.icanbwell.com/sourceId",
      "value": "aba5bcf41cf64435839cf0568c121843"
    },
    {
      "id": "uuid",
      "system": "https://www.icanbwell.com/uuid",
      "value": "849cb4f0-033b-5d6e-a614-9bbbbb3ba11e"
    }
  ],
  "link": [
    {
      "assurance": "level4",
      "target": {
        "_sourceAssigningAuthority": "bwell",
        "_sourceId": "Person/a58e50292d79469691d3048e787434cc",
        "_uuid": "Person/d6d3a5b6-3178-5aa1-bca4-f60a5214bd2d",
        "extension": [
          {
            "id": "sourceId",
            "url": "https://www.icanbwell.com/sourceId",
            "valueString": "Person/a58e50292d79469691d3048e787434cc"
          },
          {
            "id": "uuid",
            "url": "https://www.icanbwell.com/uuid",
            "valueString": "Person/d6d3a5b6-3178-5aa1-bca4-f60a5214bd2d"
          },
          {
            "id": "sourceAssigningAuthority",
            "url": "https://www.icanbwell.com/sourceAssigningAuthority",
            "valueString": "bwell"
          }
        ],
        "reference": "Person/a58e50292d79469691d3048e787434cc",
        "type": "Person"
      }
    },
    {
      "assurance": "level4",
      "target": {
        "_sourceAssigningAuthority": "bwell",
        "_sourceId": "Patient/26a2b5508f6840a1b4c5f67d38360060",
        "_uuid": "Patient/aa0aae87-1b98-50ee-aefa-58f8f04bf6a3",
        "extension": [
          {
            "id": "sourceId",
            "url": "https://www.icanbwell.com/sourceId",
            "valueString": "Patient/26a2b5508f6840a1b4c5f67d38360060"
          },
          {
            "id": "uuid",
            "url": "https://www.icanbwell.com/uuid",
            "valueString": "Patient/aa0aae87-1b98-50ee-aefa-58f8f04bf6a3"
          },
          {
            "id": "sourceAssigningAuthority",
            "url": "https://www.icanbwell.com/sourceAssigningAuthority",
            "valueString": "bwell"
          }
        ],
        "reference": "Patient/26a2b5508f6840a1b4c5f67d38360060",
        "type": "Patient"
      }
    },
    {
      "assurance": "level4",
      "target": {
        "_sourceAssigningAuthority": "bwell",
        "_sourceId": "Person/26a2b5508f6840a1b4c5f67d383609960",
        "_uuid": "Person/551e404f-3fa3-58c6-b25e-bacd4ad72db7",
        "extension": [
          {
            "id": "sourceId",
            "url": "https://www.icanbwell.com/sourceId",
            "valueString": "Person/26a2b5508f6840a1b4c5f67d383609960"
          },
          {
            "id": "uuid",
            "url": "https://www.icanbwell.com/uuid",
            "valueString": "Person/551e404f-3fa3-58c6-b25e-bacd4ad72db7"
          },
          {
            "id": "sourceAssigningAuthority",
            "url": "https://www.icanbwell.com/sourceAssigningAuthority",
            "valueString": "bwell"
          }
        ],
        "reference": "Person/26a2b5508f6840a1b4c5f67d383609960",
        "type": "Person"
      }
    },
    {
      "assurance": "level4",
      "target": {
        "_sourceAssigningAuthority": "bwell",
        "_sourceId": "Patient/26a2b5508f6840a1b4c5f67d38360082",
        "_uuid": "Patient/3a6a2bc9-d512-5de1-b665-e128e26af501",
        "extension": [
          {
            "id": "sourceId",
            "url": "https://www.icanbwell.com/sourceId",
            "valueString": "Patient/26a2b5508f6840a1b4c5f67d38360082"
          },
          {
            "id": "uuid",
            "url": "https://www.icanbwell.com/uuid",
            "valueString": "Patient/3a6a2bc9-d512-5de1-b665-e128e26af501"
          },
          {
            "id": "sourceAssigningAuthority",
            "url": "https://www.icanbwell.com/sourceAssigningAuthority",
            "valueString": "bwell"
          }
        ],
        "reference": "Patient/26a2b5508f6840a1b4c5f67d38360082",
        "type": "Patient"
      }
    },
    {
      "assurance": "level4",
      "target": {
        "_sourceAssigningAuthority": "bwell",
        "_sourceId": "Person/26a2b5508f6840a1b4c5f67d38360060",
        "_uuid": "Person/aa0aae87-1b98-50ee-aefa-58f8f04bf6a3",
        "extension": [
          {
            "id": "sourceId",
            "url": "https://www.icanbwell.com/sourceId",
            "valueString": "Person/26a2b5508f6840a1b4c5f67d38360060"
          },
          {
            "id": "uuid",
            "url": "https://www.icanbwell.com/uuid",
            "valueString": "Person/aa0aae87-1b98-50ee-aefa-58f8f04bf6a3"
          },
          {
            "id": "sourceAssigningAuthority",
            "url": "https://www.icanbwell.com/sourceAssigningAuthority",
            "valueString": "bwell"
          }
        ],
        "reference": "Person/26a2b5508f6840a1b4c5f67d38360060",
        "type": "Person"
      }
    }
  ],
  "meta": {
    "lastUpdated": "2024-02-07T11:38:51.000Z",
    "profile": ["http://hl7.org/fhir/us/core/StructureDefinition/us-core-person"],
    "security": [
      {
        "code": "bwell",
        "system": "https://www.icanbwell.com/access"
      },
      {
        "code": "bwell",
        "system": "https://www.icanbwell.com/owner"
      },
      {
        "code": "bwell",
        "system": "https://www.icanbwell.com/sourceAssigningAuthority"
      }
    ],
    "source": "client",
    "versionId": "1"
  },
  "name": [
    {
      "family": "essnhlmvgt",
      "given": ["Sweetie"],
      "use": "official"
    }
  ],
  "resourceType": "Person",
  "telecom": [
    {
      "system": "phone",
      "use": "home",
      "value": "+15125550156"
    },
    {
      "system": "email",
      "use": "home",
      "value": "bwell+62365zoakm@mailinator.com"
    }
  ]
}
