{
    "created": true,
    "id": "1",
    "uuid": "1",
    "resourceType": "DocumentReference",
    "updated": false,
    "sourceAssigningAuthority": "bwell"
}