[
  {
    "_id": "63c592f77987bfba62b8cc8c",
    "_sourceAssigningAuthority": {
      "A": 1
    },
    "_sourceId": "1",
    "_access": {
      "A": 1,
      "B": 1
    },
    "_uuid": "11111111-1111-1111-1111-111111111111",
    "code": {
      "coding": [
        {
          "system": "http://www.icanbwell.com/cql/library",
          "code": "BMI001"
        },
        {
          "system": "http://www.icanbwell.com/cql/libraryVersion",
          "code": "1.0.0"
        },
        {
          "system": "http://www.icanbwell.com/cql/rule",
          "code": "InAgeCohort"
        }
      ]
    },
    "effectivePeriod": {
      "start": "2021-01-01T00:00:00.000Z",
      "end": "2021-12-31T00:00:00.000Z"
    },
    "id": "1",
    "issued": "2021-01-01T12:00:00Z",
    "meta": {
      "versionId": "1",
      "lastUpdated": "2023-01-16T18:09:56.000Z",
      "source": "/patients",
      "security": [
        {
          "system": "https://www.icanbwell.com/owner",
          "code": "A"
        },
        {
          "system": "https://www.icanbwell.com/access",
          "code": "A"
        },
        {
          "system": "https://www.icanbwell.com/vendor",
          "code": "B"
        },
        {
          "system": "https://www.icanbwell.com/access",
          "code": "B"
        }
      ]
    },
    "resourceType": "Observation",
    "status": "final",
    "subject": {
      "reference": "Patient/2354"
    },
    "valueBoolean": false
  },
  {
    "_id": "63c592f97987bfba62b8ccd0",
    "_sourceAssigningAuthority": {
      "C": 1
    },
    "_sourceId": "1",
    "_access": {
      "C": 1,
      "B": 1
    },
    "_uuid": "11111111-1111-1111-1111-111111111111",
    "code": {
      "coding": [
        {
          "system": "http://www.icanbwell.com/cql/library",
          "code": "OtherRule"
        },
        {
          "system": "http://www.icanbwell.com/cql/libraryVersion2",
          "code": "1.0.0"
        },
        {
          "system": "http://www.icanbwell.com/cql/rule",
          "code": "InAgeCohort"
        }
      ]
    },
    "effectivePeriod": {
      "start": "2021-01-01T00:00:00.000Z",
      "end": "2021-12-31T00:00:00.000Z"
    },
    "id": "1",
    "issued": "2021-01-01T12:00:00Z",
    "meta": {
      "versionId": "1",
      "lastUpdated": "2023-01-16T18:10:00.000Z",
      "source": "/patients",
      "security": [
        {
          "system": "https://www.icanbwell.com/owner",
          "code": "C"
        },
        {
          "system": "https://www.icanbwell.com/access",
          "code": "C"
        },
        {
          "system": "https://www.icanbwell.com/vendor",
          "code": "B"
        },
        {
          "system": "https://www.icanbwell.com/access",
          "code": "B"
        }
      ]
    },
    "resourceType": "Observation",
    "status": "final",
    "subject": {
      "reference": "Patient/2354"
    },
    "valueBoolean": false
  }
]
