{
    "resourceType": "Person",
    "id": "1",
    "meta": {
        "source": "bwell",
        "versionId": "1",
        "security": [
            {
                "system": "https://www.icanbwell.com/access",
                "code": "bwell"
            },
            {
                "system": "https://www.icanbwell.com/owner",
                "code": "bwell"
            },
            {
                "code": "bwell",
                "system": "https://www.icanbwell.com/sourceAssigningAuthority"
            }
        ]
    },
    "identifier": [
        {
            "id": "sourceId",
            "system": "https://www.icanbwell.com/sourceId",
            "value": "1"
        },
        {
            "id": "uuid",
            "system": "https://www.icanbwell.com/uuid",
            "value": "61abdd48-df46-5e98-ac6c-fde3cace4d07"
        }
    ],
    "name": [
        {
            "use": "official",
            "family": "Irving",
            "given": [
                "Lloyd"
            ]
        }
    ],
    "gender": "male",
    "birthDate": "1996-03-03",
    "link": [
        {
            "target": {
                "extension": [
                    {
                        "id": "sourceId",
                        "url": "https://www.icanbwell.com/sourceId",
                        "valueString": "Patient/1"
                    },
                    {
                        "id": "uuid",
                        "url": "https://www.icanbwell.com/uuid",
                        "valueString": "Patient/61abdd48-df46-5e98-ac6c-fde3cace4d07"
                    },
                    {
                        "id": "sourceAssigningAuthority",
                        "url": "https://www.icanbwell.com/sourceAssigningAuthority",
                        "valueString": "bwell"
                    }
                ],
                "reference": "Patient/1",
                "type": "Patient"
            },
            "assurance": "level4"
        }
    ]
}