{
  "resourceType": "ValueSet",
  "id": "2.16.840.1.113762.1.4.1106.45",
  "meta": {
    "versionId": "5",
    "lastUpdated": "2020-10-23T01:00:52.000-04:00"
  },
  "url": "http://cts.nlm.nih.gov/fhir/ValueSet/2.16.840.1.113762.1.4.1106.45",
  "version": "20201023",
  "name": "BMI > 35",
  "status": "active",
  "date": "2020-10-23T01:00:52-04:00",
  "publisher": "ACEP/AMA-PCPI Steward",
  "expansion": {
    "identifier": "urn:uuid:a46b5ce0-0e96-453d-a6e7-d9596ed37d89",
    "timestamp": "2021-12-21T12:13:32-05:00",
    "total": 21,
    "offset": 0,
    "parameter": [
      {
        "name": "count",
        "valueInteger": 1000
      },
      {
        "name": "offset",
        "valueInteger": 0
      }
    ],
    "contains": [
      {
        "system": "http://snomed.info/sct",
        "version": "http://snomed.info/sct/731000124108/version/20210901",
        "code": "162864005",
        "display": "Body mass index 30+ - obesity (finding)"
      },
      {
        "system": "http://snomed.info/sct",
        "version": "http://snomed.info/sct/731000124108/version/20210901",
        "code": "238136002",
        "display": "Morbid obesity (disorder)"
      },
      {
        "system": "http://snomed.info/sct",
        "version": "http://snomed.info/sct/731000124108/version/20210901",
        "code": "408512008",
        "display": "Body mass index 40+ - severely obese (finding)"
      },
      {
        "system": "http://snomed.info/sct",
        "version": "http://snomed.info/sct/731000124108/version/20210901",
        "code": "414916001",
        "display": "Obesity (disorder)"
      },
      {
        "system": "http://snomed.info/sct",
        "version": "http://snomed.info/sct/731000124108/version/20210901",
        "code": "415530009",
        "display": "Simple obesity (disorder)"
      },
      {
        "system": "http://www.nlm.nih.gov/research/umls",
        "code": "C0028754",
        "display": "Obesity"
      },
      {
        "system": "http://www.nlm.nih.gov/research/umls",
        "code": "C0028756",
        "display": "Morbid obesity"
      },
      {
        "system": "http://www.nlm.nih.gov/research/umls",
        "code": "C0269672",
        "display": "Excessive weight gain in pregnancy"
      },
      {
        "system": "http://www.nlm.nih.gov/research/umls",
        "code": "C0424671",
        "display": "Body mass index 30+ - obesity"
      },
      {
        "system": "http://www.nlm.nih.gov/research/umls",
        "code": "C0451819",
        "display": "Simple obesity"
      },
      {
        "system": "http://hl7.org/fhir/sid/icd-10-cm",
        "version": "2022",
        "code": "Z68.35",
        "display": "Body mass index [BMI] 35.0-35.9, adult"
      },
      {
        "system": "http://hl7.org/fhir/sid/icd-10-cm",
        "version": "2022",
        "code": "Z68.36",
        "display": "Body mass index [BMI] 36.0-36.9, adult"
      },
      {
        "system": "http://hl7.org/fhir/sid/icd-10-cm",
        "version": "2022",
        "code": "Z68.37",
        "display": "Body mass index [BMI] 37.0-37.9, adult"
      },
      {
        "system": "http://hl7.org/fhir/sid/icd-10-cm",
        "version": "2022",
        "code": "Z68.38",
        "display": "Body mass index [BMI] 38.0-38.9, adult"
      },
      {
        "system": "http://hl7.org/fhir/sid/icd-10-cm",
        "version": "2022",
        "code": "Z68.39",
        "display": "Body mass index [BMI] 39.0-39.9, adult"
      },
      {
        "system": "http://hl7.org/fhir/sid/icd-10-cm",
        "version": "2022",
        "code": "Z68.4",
        "display": "Body mass index [BMI] 40 or greater, adult"
      },
      {
        "system": "http://hl7.org/fhir/sid/icd-10-cm",
        "version": "2022",
        "code": "Z68.41",
        "display": "Body mass index [BMI] 40.0-44.9, adult"
      },
      {
        "system": "http://hl7.org/fhir/sid/icd-10-cm",
        "version": "2022",
        "code": "Z68.42",
        "display": "Body mass index [BMI] 45.0-49.9, adult"
      },
      {
        "system": "http://hl7.org/fhir/sid/icd-10-cm",
        "version": "2022",
        "code": "Z68.43",
        "display": "Body mass index [BMI] 50.0-59.9, adult"
      },
      {
        "system": "http://hl7.org/fhir/sid/icd-10-cm",
        "version": "2022",
        "code": "Z68.44",
        "display": "Body mass index [BMI] 60.0-69.9, adult"
      },
      {
        "system": "http://hl7.org/fhir/sid/icd-10-cm",
        "version": "2022",
        "code": "Z68.45",
        "display": "Body mass index [BMI] 70 or greater, adult"
      }
    ]
  }
}
