{
  "entry": [
    {
      "resource": {
        "category": [
          {
            "coding": [
              {
                "code": "59284-0",
                "system": "http://loinc.org"
              }
            ]
          }
        ],
        "dateTime": "2022-09-08T14:05:07.350Z",
        "id": "1167dbd7-b5de-4843-b3aa-3804b28a7573",
        "identifier": [
          {
            "id": "sourceId",
            "system": "https://www.icanbwell.com/sourceId",
            "value": "1167dbd7-b5de-4843-b3aa-3804b28a7573"
          },
          {
            "id": "uuid",
            "system": "https://www.icanbwell.com/uuid",
            "value": "1167dbd7-b5de-4843-b3aa-3804b28a7573"
          }
        ],
        "meta": {
          "security": [
            {
              "code": "medstar",
              "system": "https://www.icanbwell.com/access"
            },
            {
              "code": "medstar",
              "system": "https://www.icanbwell.com/owner"
            },
            {
              "code": "medstar",
              "system": "https://www.icanbwell.com/sourceAssigningAuthority"
            }
          ],
          "source": "medstar",
          "versionId": "1"
        },
        "patient": {
          "extension": [
            {
              "id": "sourceId",
              "url": "https://www.icanbwell.com/sourceId",
              "valueString": "Patient/000Dummy2"
            },
            {
              "id": "uuid",
              "url": "https://www.icanbwell.com/uuid",
              "valueString": "Patient/42b7a6b4-5d0f-52b1-9bf0-1aa448d8285a"
            },
            {
              "id": "sourceAssigningAuthority",
              "url": "https://www.icanbwell.com/sourceAssigningAuthority",
              "valueString": "medstar"
            }
          ],
          "reference": "Patient/000Dummy2"
        },
        "provision": {
          "type": "permit"
        },
        "resourceType": "Consent",
        "scope": {
          "coding": [
            {
              "code": "patient-privacy",
              "system": "http://terminology.hl7.org/CodeSystem/consentscope"
            }
          ]
        },
        "sourceReference": {
          "extension": [
            {
              "id": "sourceId",
              "url": "https://www.icanbwell.com/sourceId",
              "valueString": "QuestionnaireResponse/fdf49831-d3c0-4a89-9459-e96c6c3beb0f"
            },
            {
              "id": "uuid",
              "url": "https://www.icanbwell.com/uuid",
              "valueString": "QuestionnaireResponse/fdf49831-d3c0-4a89-9459-e96c6c3beb0f"
            },
            {
              "id": "sourceAssigningAuthority",
              "url": "https://www.icanbwell.com/sourceAssigningAuthority",
              "valueString": "medstar"
            }
          ],
          "reference": "QuestionnaireResponse/fdf49831-d3c0-4a89-9459-e96c6c3beb0f"
        },
        "status": "active"
      }
    }
  ],
  "meta": {
    "tag": [
      {
        "display": "db.Consent_4_0_0.find({'$or':[{'sourceAttachment._uuid':'QuestionnaireResponse/fdf49831-d3c0-4a89-9459-e96c6c3beb0f'},{'sourceReference._uuid':'QuestionnaireResponse/fdf49831-d3c0-4a89-9459-e96c6c3beb0f'}]}, {}).sort({'id':1}).limit(100)",
        "system": "https://www.icanbwell.com/query"
      },
      {
        "code": "Consent_4_0_0",
        "system": "https://www.icanbwell.com/queryCollection"
      },
      {
        "display": "{'limit':100,'sort':{'id':1}}",
        "system": "https://www.icanbwell.com/queryOptions"
      },
      {
        "display": "['sourceAttachment._uuid','sourceReference._uuid','id']",
        "system": "https://www.icanbwell.com/queryFields"
      },
      {
        "system": "https://www.icanbwell.com/queryTime"
      },
      {
        "display": "{'useTwoStepSearchOptimization':undefined}",
        "system": "https://www.icanbwell.com/queryOptimization"
      },
      {
        "code": "fhir",
        "system": "https://www.icanbwell.com/queryDatabase"
      },
      {
        "system": "https://www.icanbwell.com/queryExplain"
      },
      {
        "system": "https://www.icanbwell.com/queryExplainSimple"
      }
    ]
  },
  "resourceType": "Bundle",
  "total": 0,
  "type": "searchset"
}
